{
    "sarscov2 single-end [fastqc]": {
        "content": [
            {
                "versions": [
                    [
                        "MULTIQC",
                        "multiqc",
                        "1.33"
                    ]
                ]
            }
        ],
        "timestamp": "2026-03-17T16:15:42.577775492",
        "meta": {
            "nf-test": "0.9.3",
            "nextflow": "25.10.2"
        },
        "timestamp": "2025-12-09T10:10:43.020315838"
    },
    "sarscov2 single-end [fastqc] - stub": {
        "content": [
            [
                "multiqc_report.html",
                "multiqc_data",
                "multiqc_plots",
                {
                    "versions": [
                        [
                            "MULTIQC",
                            "multiqc",
                            "1.33"
                        ]
                    ]
                }
            ]
        ],
        "timestamp": "2026-03-17T16:21:17.072841555",
        "meta": {
            "nf-test": "0.9.3",
            "nextflow": "25.10.2"
        },
        "timestamp": "2025-12-09T10:11:14.131950776"
    },
    "sarscov2 single-end [fastqc] [config]": {
        "content": [
            {
                "versions": [
                    [
                        "MULTIQC",
                        "multiqc",
                        "1.33"
                    ]
                ]
            }
        ],
        "timestamp": "2026-02-26T15:14:39.789193051",
        "meta": {
            "nf-test": "0.9.3",
            "nextflow": "25.10.2"
        },
        "timestamp": "2025-12-09T10:11:07.15692209"
    }
}
