{
    "homo_sapiens - h5ad": {
        "content": [
            [
                "versions.yml:md5,310276833f0e291b5c85bb9b866b80bd"
            ],
            {
                "n_obs": 12940,
                "n_vars": 9887,
                "obs": {
                    "index": "_index",
                    "columns": [
                        "leiden",
                        "sample"
                    ]
                },
                "var": {
                    "index": "_index",
                    "columns": [
                        "symbols"
                    ]
                },
                "layers": [
                    "counts"
                ],
                "obsm": [
                    "X_pca"
                ],
                "varm": [
                    "PCs"
                ],
                "obsp": [
                    "connectivities",
                    "distances"
                ],
                "varp": [
                    
                ],
                "uns": [
                    "leiden",
                    "neighbors",
                    "pca"
                ]
            }
        ],
        "timestamp": "2026-03-30T07:12:29.894921",
        "meta": {
            "nf-test": "0.9.5",
            "nextflow": "25.10.4"
        }
    },
    "homo_sapiens - h5ad - stub": {
        "content": [
            {
                "0": [
                    [
                        {
                            "id": "test"
                        },
                        "test.h5ad:md5,d41d8cd98f00b204e9800998ecf8427e"
                    ]
                ],
                "1": [
                    "versions.yml:md5,d41d8cd98f00b204e9800998ecf8427e"
                ],
                "adata": [
                    [
                        {
                            "id": "test"
                        },
                        "test.h5ad:md5,d41d8cd98f00b204e9800998ecf8427e"
                    ]
                ],
                "versions": [
                    "versions.yml:md5,d41d8cd98f00b204e9800998ecf8427e"
                ]
            }
        ],
        "timestamp": "2026-03-25T15:24:50.395385",
        "meta": {
            "nf-test": "0.9.5",
            "nextflow": "25.10.4"
        }
    }
}