{
    "homo_sapiens - h5ad": {
        "content": [
            [
                "versions.yml:md5,6f4b87dd8d7574d03eb384519a2f6283"
            ],
            {
                "n_obs": 12940,
                "n_vars": 9887,
                "obs": {
                    "index": "_index",
                    "columns": [
                        "n_genes_by_counts",
                        "pct_counts_hb",
                        "pct_counts_in_top_100_genes",
                        "pct_counts_in_top_200_genes",
                        "pct_counts_in_top_500_genes",
                        "pct_counts_in_top_50_genes",
                        "pct_counts_mt",
                        "pct_counts_ribo",
                        "sample",
                        "total_counts",
                        "total_counts_hb",
                        "total_counts_mt",
                        "total_counts_ribo"
                    ]
                },
                "var": {
                    "index": "_index",
                    "columns": [
                        "hb",
                        "mean_counts",
                        "mt",
                        "n_cells_by_counts",
                        "pct_dropout_by_counts",
                        "ribo",
                        "symbols",
                        "total_counts"
                    ]
                },
                "layers": [
                    "counts",
                    "raw"
                ],
                "obsm": [
                    
                ],
                "varm": [
                    
                ],
                "obsp": [
                    
                ],
                "varp": [
                    
                ],
                "uns": [
                    
                ]
            }
        ],
        "timestamp": "2026-03-30T07:09:45.477967",
        "meta": {
            "nf-test": "0.9.5",
            "nextflow": "25.10.4"
        }
    },
    "homo_sapiens - h5ad - stub": {
        "content": [
            {
                "0": [
                    [
                        {
                            "id": "test"
                        },
                        "test.h5ad:md5,d41d8cd98f00b204e9800998ecf8427e"
                    ]
                ],
                "1": [
                    "versions.yml:md5,d41d8cd98f00b204e9800998ecf8427e"
                ],
                "adata": [
                    [
                        {
                            "id": "test"
                        },
                        "test.h5ad:md5,d41d8cd98f00b204e9800998ecf8427e"
                    ]
                ],
                "versions": [
                    "versions.yml:md5,d41d8cd98f00b204e9800998ecf8427e"
                ]
            }
        ],
        "timestamp": "2026-03-26T13:04:41.061521",
        "meta": {
            "nf-test": "0.9.5",
            "nextflow": "25.10.4"
        }
    }
}