{
    "homo_sapiens - h5ad": {
        "content": [
            {
                "0": [
                    [
                        {
                            "id": "test"
                        },
                        "test_interaction_matrix.h5ad:md5,ed27fd771a9c430310222b980df2c3aa"
                    ]
                ],
                "1": [
                    "versions.yml:md5,78677e1663cf16b9059e86c4765cfd1f"
                ],
                "adata": [
                    [
                        {
                            "id": "test"
                        },
                        "test_interaction_matrix.h5ad:md5,ed27fd771a9c430310222b980df2c3aa"
                    ]
                ],
                "versions": [
                    "versions.yml:md5,78677e1663cf16b9059e86c4765cfd1f"
                ]
            }
        ],
        "timestamp": "2026-03-26T13:22:14.254734",
        "meta": {
            "nf-test": "0.9.5",
            "nextflow": "25.10.4"
        }
    },
    "homo_sapiens - h5ad - stub": {
        "content": [
            {
                "0": [
                    [
                        {
                            "id": "test"
                        },
                        "test_interaction_matrix.h5ad:md5,d41d8cd98f00b204e9800998ecf8427e"
                    ]
                ],
                "1": [
                    "versions.yml:md5,d41d8cd98f00b204e9800998ecf8427e"
                ],
                "adata": [
                    [
                        {
                            "id": "test"
                        },
                        "test_interaction_matrix.h5ad:md5,d41d8cd98f00b204e9800998ecf8427e"
                    ]
                ],
                "versions": [
                    "versions.yml:md5,d41d8cd98f00b204e9800998ecf8427e"
                ]
            }
        ],
        "timestamp": "2026-03-26T11:51:11.173112679",
        "meta": {
            "nf-test": "0.9.5",
            "nextflow": "25.10.0"
        }
    }
}