{
    "homo_sapiens - h5ad": {
        "content": [
            {
                "0": [
                    "merged.h5ad:md5,e77ee964160c6842015e8b0f10e1c725"
                ],
                "1": [
                    "versions.yml:md5,e38ec89768de8bf84a68a506577d0e4e"
                ],
                "adata": [
                    "merged.h5ad:md5,e77ee964160c6842015e8b0f10e1c725"
                ],
                "versions": [
                    "versions.yml:md5,e38ec89768de8bf84a68a506577d0e4e"
                ]
            }
        ],
        "timestamp": "2026-03-25T18:28:17.865153",
        "meta": {
            "nf-test": "0.9.5",
            "nextflow": "25.10.4"
        }
    },
    "homo_sapiens - h5ad - stub": {
        "content": [
            {
                "0": [
                    "merged.h5ad:md5,d41d8cd98f00b204e9800998ecf8427e"
                ],
                "1": [
                    "versions.yml:md5,d41d8cd98f00b204e9800998ecf8427e"
                ],
                "adata": [
                    "merged.h5ad:md5,d41d8cd98f00b204e9800998ecf8427e"
                ],
                "versions": [
                    "versions.yml:md5,d41d8cd98f00b204e9800998ecf8427e"
                ]
            }
        ],
        "timestamp": "2026-03-25T16:14:49.176187",
        "meta": {
            "nf-test": "0.9.5",
            "nextflow": "25.10.4"
        }
    }
}