{
    "homo_sapiens - h5ad": {
        "content": [
            [
                "versions.yml:md5,e38ec89768de8bf84a68a506577d0e4e"
            ],
            {
                "n_obs": 20313,
                "n_vars": 9887,
                "obs": {
                    "index": "_index",
                    "columns": [
                        "library_id",
                        "sample"
                    ]
                },
                "var": {
                    "index": "_index",
                    "columns": [
                        
                    ]
                },
                "layers": [
                    
                ],
                "obsm": [
                    "X_pca",
                    "X_scanorama"
                ],
                "varm": [
                    
                ],
                "obsp": [
                    
                ],
                "varp": [
                    
                ],
                "uns": [
                    "merge"
                ]
            }
        ],
        "timestamp": "2026-04-02T19:49:00.438807",
        "meta": {
            "nf-test": "0.9.5",
            "nextflow": "25.10.4"
        }
    },
    "homo_sapiens - h5ad - stub": {
        "content": [
            {
                "0": [
                    [
                        {
                            "id": "scanorama"
                        },
                        "scanorama.h5ad:md5,d41d8cd98f00b204e9800998ecf8427e"
                    ]
                ],
                "1": [
                    "versions.yml:md5,d41d8cd98f00b204e9800998ecf8427e"
                ],
                "adata": [
                    [
                        {
                            "id": "scanorama"
                        },
                        "scanorama.h5ad:md5,d41d8cd98f00b204e9800998ecf8427e"
                    ]
                ],
                "versions": [
                    "versions.yml:md5,d41d8cd98f00b204e9800998ecf8427e"
                ]
            }
        ],
        "timestamp": "2026-04-16T13:31:20.87126",
        "meta": {
            "nf-test": "0.9.5",
            "nextflow": "25.10.4"
        }
    }
}