{
    "homo_sapiens - h5ad": {
        "content": [
            [
                "versions.yml:md5,76284d81803fab43f0ae80b07e38f742"
            ],
            "n_obs: 12940\nn_vars: 9887\nobs:\n  index: _index\n  columns:\n    - sample\nvar:\n  index: _index\n  columns:\n    - symbols\nlayers:\n  - counts\nobsm:\nvarm:\nobsp:\nvarp:\nuns:\n  - normalization\n"
        ],
        "timestamp": "2026-03-26T22:37:15.941675589",
        "meta": {
            "nf-test": "0.9.5",
            "nextflow": "25.10.0"
        }
    },
    "homo_sapiens - h5ad - stub": {
        "content": [
            {
                "0": [
                    [
                        {
                            "id": "test"
                        },
                        "test_normalized.h5ad:md5,d41d8cd98f00b204e9800998ecf8427e"
                    ]
                ],
                "1": [
                    "versions.yml:md5,d41d8cd98f00b204e9800998ecf8427e"
                ],
                "adata": [
                    [
                        {
                            "id": "test"
                        },
                        "test_normalized.h5ad:md5,d41d8cd98f00b204e9800998ecf8427e"
                    ]
                ],
                "versions": [
                    "versions.yml:md5,d41d8cd98f00b204e9800998ecf8427e"
                ]
            }
        ],
        "timestamp": "2026-03-25T13:34:51.523361",
        "meta": {
            "nf-test": "0.9.5",
            "nextflow": "25.10.4"
        }
    }
}