{
    "homo_sapiens - h5ad": {
        "content": [
            {
                "0": [
                    [
                        {
                            "id": "test"
                        },
                        "test_normalized.h5ad:md5,3ddbbf60399bdf3f3509172b675e90e0"
                    ]
                ],
                "1": [
                    "versions.yml:md5,76284d81803fab43f0ae80b07e38f742"
                ],
                "adata": [
                    [
                        {
                            "id": "test"
                        },
                        "test_normalized.h5ad:md5,3ddbbf60399bdf3f3509172b675e90e0"
                    ]
                ],
                "versions": [
                    "versions.yml:md5,76284d81803fab43f0ae80b07e38f742"
                ]
            }
        ],
        "timestamp": "2026-03-25T13:34:43.842131",
        "meta": {
            "nf-test": "0.9.5",
            "nextflow": "25.10.4"
        }
    },
    "homo_sapiens - h5ad - stub": {
        "content": [
            {
                "0": [
                    [
                        {
                            "id": "test"
                        },
                        "test_normalized.h5ad:md5,d41d8cd98f00b204e9800998ecf8427e"
                    ]
                ],
                "1": [
                    "versions.yml:md5,d41d8cd98f00b204e9800998ecf8427e"
                ],
                "adata": [
                    [
                        {
                            "id": "test"
                        },
                        "test_normalized.h5ad:md5,d41d8cd98f00b204e9800998ecf8427e"
                    ]
                ],
                "versions": [
                    "versions.yml:md5,d41d8cd98f00b204e9800998ecf8427e"
                ]
            }
        ],
        "timestamp": "2026-03-25T13:34:51.523361",
        "meta": {
            "nf-test": "0.9.5",
            "nextflow": "25.10.4"
        }
    }
}