{
    "homo_sapiens - h5ad": {
        "content": [
            {
                "0": [
                    
                ],
                "1": [
                    
                ],
                "2": [
                    
                ],
                "adata": [
                    
                ],
                "sdata": [
                    
                ],
                "versions": [
                    
                ]
            }
        ],
        "timestamp": "2026-03-26T10:07:33.078536",
        "meta": {
            "nf-test": "0.9.5",
            "nextflow": "25.10.4"
        }
    },
    "homo_sapiens - h5ad - stub": {
        "content": [
            {
                "0": [
                    
                ],
                "1": [
                    
                ],
                "2": [
                    
                ],
                "adata": [
                    
                ],
                "sdata": [
                    
                ],
                "versions": [
                    
                ]
            }
        ],
        "timestamp": "2026-03-26T10:19:32.791282",
        "meta": {
            "nf-test": "0.9.5",
            "nextflow": "25.10.4"
        }
    }
}