{
    "homo_sapiens - zarr - single sample": {
        "content": [
            [
                "versions.yml:md5,80c2a6c0d2661e7b69644d075b91015e"
            ],
            [
                "",
                ".zattrs",
                ".zgroup",
                "images",
                "images/.zgroup",
                "images/CytAssist_11mm_FFPE_Human_Glioblastoma_2_hires_image",
                "images/CytAssist_11mm_FFPE_Human_Glioblastoma_2_hires_image/.zattrs",
                "images/CytAssist_11mm_FFPE_Human_Glioblastoma_2_hires_image/.zgroup",
                "images/CytAssist_11mm_FFPE_Human_Glioblastoma_2_hires_image/0",
                "images/CytAssist_11mm_FFPE_Human_Glioblastoma_2_hires_image/0/.zarray",
                "images/CytAssist_11mm_FFPE_Human_Glioblastoma_2_hires_image/0/0",
                "images/CytAssist_11mm_FFPE_Human_Glioblastoma_2_hires_image/0/0/0",
                "images/CytAssist_11mm_FFPE_Human_Glioblastoma_2_hires_image/0/0/0/0",
                "images/CytAssist_11mm_FFPE_Human_Glioblastoma_2_lowres_image",
                "images/CytAssist_11mm_FFPE_Human_Glioblastoma_2_lowres_image/.zattrs",
                "images/CytAssist_11mm_FFPE_Human_Glioblastoma_2_lowres_image/.zgroup",
                "images/CytAssist_11mm_FFPE_Human_Glioblastoma_2_lowres_image/0",
                "images/CytAssist_11mm_FFPE_Human_Glioblastoma_2_lowres_image/0/.zarray",
                "images/CytAssist_11mm_FFPE_Human_Glioblastoma_2_lowres_image/0/0",
                "images/CytAssist_11mm_FFPE_Human_Glioblastoma_2_lowres_image/0/0/0",
                "images/CytAssist_11mm_FFPE_Human_Glioblastoma_2_lowres_image/0/0/0/0",
                "shapes",
                "shapes/.zgroup",
                "shapes/CytAssist_11mm_FFPE_Human_Glioblastoma_2",
                "shapes/CytAssist_11mm_FFPE_Human_Glioblastoma_2/.zattrs",
                "shapes/CytAssist_11mm_FFPE_Human_Glioblastoma_2/.zgroup",
                "shapes/CytAssist_11mm_FFPE_Human_Glioblastoma_2/shapes.parquet",
                "tables",
                "tables/.zgroup",
                "tables/CytAssist_11mm_FFPE_Human_Glioblastoma_2_table",
                "tables/CytAssist_11mm_FFPE_Human_Glioblastoma_2_table/.zattrs",
                "tables/CytAssist_11mm_FFPE_Human_Glioblastoma_2_table/.zgroup",
                "tables/CytAssist_11mm_FFPE_Human_Glioblastoma_2_table/X",
                "tables/CytAssist_11mm_FFPE_Human_Glioblastoma_2_table/X/.zattrs",
                "tables/CytAssist_11mm_FFPE_Human_Glioblastoma_2_table/X/.zgroup",
                "tables/CytAssist_11mm_FFPE_Human_Glioblastoma_2_table/X/data",
                "tables/CytAssist_11mm_FFPE_Human_Glioblastoma_2_table/X/data/.zarray",
                "tables/CytAssist_11mm_FFPE_Human_Glioblastoma_2_table/X/data/0",
                "tables/CytAssist_11mm_FFPE_Human_Glioblastoma_2_table/X/indices",
                "tables/CytAssist_11mm_FFPE_Human_Glioblastoma_2_table/X/indices/.zarray",
                "tables/CytAssist_11mm_FFPE_Human_Glioblastoma_2_table/X/indices/0",
                "tables/CytAssist_11mm_FFPE_Human_Glioblastoma_2_table/X/indptr",
                "tables/CytAssist_11mm_FFPE_Human_Glioblastoma_2_table/X/indptr/.zarray",
                "tables/CytAssist_11mm_FFPE_Human_Glioblastoma_2_table/X/indptr/0",
                "tables/CytAssist_11mm_FFPE_Human_Glioblastoma_2_table/layers",
                "tables/CytAssist_11mm_FFPE_Human_Glioblastoma_2_table/layers/.zattrs",
                "tables/CytAssist_11mm_FFPE_Human_Glioblastoma_2_table/layers/.zgroup",
                "tables/CytAssist_11mm_FFPE_Human_Glioblastoma_2_table/layers/raw",
                "tables/CytAssist_11mm_FFPE_Human_Glioblastoma_2_table/layers/raw/.zattrs",
                "tables/CytAssist_11mm_FFPE_Human_Glioblastoma_2_table/layers/raw/.zgroup",
                "tables/CytAssist_11mm_FFPE_Human_Glioblastoma_2_table/layers/raw/data",
                "tables/CytAssist_11mm_FFPE_Human_Glioblastoma_2_table/layers/raw/data/.zarray",
                "tables/CytAssist_11mm_FFPE_Human_Glioblastoma_2_table/layers/raw/data/0",
                "tables/CytAssist_11mm_FFPE_Human_Glioblastoma_2_table/layers/raw/indices",
                "tables/CytAssist_11mm_FFPE_Human_Glioblastoma_2_table/layers/raw/indices/.zarray",
                "tables/CytAssist_11mm_FFPE_Human_Glioblastoma_2_table/layers/raw/indices/0",
                "tables/CytAssist_11mm_FFPE_Human_Glioblastoma_2_table/layers/raw/indptr",
                "tables/CytAssist_11mm_FFPE_Human_Glioblastoma_2_table/layers/raw/indptr/.zarray",
                "tables/CytAssist_11mm_FFPE_Human_Glioblastoma_2_table/layers/raw/indptr/0",
                "tables/CytAssist_11mm_FFPE_Human_Glioblastoma_2_table/obs",
                "tables/CytAssist_11mm_FFPE_Human_Glioblastoma_2_table/obs/.zattrs",
                "tables/CytAssist_11mm_FFPE_Human_Glioblastoma_2_table/obs/.zgroup",
                "tables/CytAssist_11mm_FFPE_Human_Glioblastoma_2_table/obs/_index",
                "tables/CytAssist_11mm_FFPE_Human_Glioblastoma_2_table/obs/_index/.zarray",
                "tables/CytAssist_11mm_FFPE_Human_Glioblastoma_2_table/obs/_index/.zattrs",
                "tables/CytAssist_11mm_FFPE_Human_Glioblastoma_2_table/obs/_index/0",
                "tables/CytAssist_11mm_FFPE_Human_Glioblastoma_2_table/obs/array_col",
                "tables/CytAssist_11mm_FFPE_Human_Glioblastoma_2_table/obs/array_col/.zarray",
                "tables/CytAssist_11mm_FFPE_Human_Glioblastoma_2_table/obs/array_col/.zattrs",
                "tables/CytAssist_11mm_FFPE_Human_Glioblastoma_2_table/obs/array_col/0",
                "tables/CytAssist_11mm_FFPE_Human_Glioblastoma_2_table/obs/array_row",
                "tables/CytAssist_11mm_FFPE_Human_Glioblastoma_2_table/obs/array_row/.zarray",
                "tables/CytAssist_11mm_FFPE_Human_Glioblastoma_2_table/obs/array_row/.zattrs",
                "tables/CytAssist_11mm_FFPE_Human_Glioblastoma_2_table/obs/array_row/0",
                "tables/CytAssist_11mm_FFPE_Human_Glioblastoma_2_table/obs/in_tissue",
                "tables/CytAssist_11mm_FFPE_Human_Glioblastoma_2_table/obs/in_tissue/.zarray",
                "tables/CytAssist_11mm_FFPE_Human_Glioblastoma_2_table/obs/in_tissue/.zattrs",
                "tables/CytAssist_11mm_FFPE_Human_Glioblastoma_2_table/obs/in_tissue/0",
                "tables/CytAssist_11mm_FFPE_Human_Glioblastoma_2_table/obs/region",
                "tables/CytAssist_11mm_FFPE_Human_Glioblastoma_2_table/obs/region/.zattrs",
                "tables/CytAssist_11mm_FFPE_Human_Glioblastoma_2_table/obs/region/.zgroup",
                "tables/CytAssist_11mm_FFPE_Human_Glioblastoma_2_table/obs/region/categories",
                "tables/CytAssist_11mm_FFPE_Human_Glioblastoma_2_table/obs/region/categories/.zarray",
                "tables/CytAssist_11mm_FFPE_Human_Glioblastoma_2_table/obs/region/categories/.zattrs",
                "tables/CytAssist_11mm_FFPE_Human_Glioblastoma_2_table/obs/region/categories/0",
                "tables/CytAssist_11mm_FFPE_Human_Glioblastoma_2_table/obs/region/codes",
                "tables/CytAssist_11mm_FFPE_Human_Glioblastoma_2_table/obs/region/codes/.zarray",
                "tables/CytAssist_11mm_FFPE_Human_Glioblastoma_2_table/obs/region/codes/.zattrs",
                "tables/CytAssist_11mm_FFPE_Human_Glioblastoma_2_table/obs/region/codes/0",
                "tables/CytAssist_11mm_FFPE_Human_Glioblastoma_2_table/obs/spot_id",
                "tables/CytAssist_11mm_FFPE_Human_Glioblastoma_2_table/obs/spot_id/.zarray",
                "tables/CytAssist_11mm_FFPE_Human_Glioblastoma_2_table/obs/spot_id/.zattrs",
                "tables/CytAssist_11mm_FFPE_Human_Glioblastoma_2_table/obs/spot_id/0",
                "tables/CytAssist_11mm_FFPE_Human_Glioblastoma_2_table/obsm",
                "tables/CytAssist_11mm_FFPE_Human_Glioblastoma_2_table/obsm/.zattrs",
                "tables/CytAssist_11mm_FFPE_Human_Glioblastoma_2_table/obsm/.zgroup",
                "tables/CytAssist_11mm_FFPE_Human_Glioblastoma_2_table/obsm/X_pca",
                "tables/CytAssist_11mm_FFPE_Human_Glioblastoma_2_table/obsm/X_pca/.zarray",
                "tables/CytAssist_11mm_FFPE_Human_Glioblastoma_2_table/obsm/X_pca/.zattrs",
                "tables/CytAssist_11mm_FFPE_Human_Glioblastoma_2_table/obsm/X_pca/0",
                "tables/CytAssist_11mm_FFPE_Human_Glioblastoma_2_table/obsm/X_pca/0/0",
                "tables/CytAssist_11mm_FFPE_Human_Glioblastoma_2_table/obsm/X_pca/0/1",
                "tables/CytAssist_11mm_FFPE_Human_Glioblastoma_2_table/obsm/X_pca/1",
                "tables/CytAssist_11mm_FFPE_Human_Glioblastoma_2_table/obsm/X_pca/1/0",
                "tables/CytAssist_11mm_FFPE_Human_Glioblastoma_2_table/obsm/X_pca/1/1",
                "tables/CytAssist_11mm_FFPE_Human_Glioblastoma_2_table/obsm/X_pca/2",
                "tables/CytAssist_11mm_FFPE_Human_Glioblastoma_2_table/obsm/X_pca/2/0",
                "tables/CytAssist_11mm_FFPE_Human_Glioblastoma_2_table/obsm/X_pca/2/1",
                "tables/CytAssist_11mm_FFPE_Human_Glioblastoma_2_table/obsm/X_pca/3",
                "tables/CytAssist_11mm_FFPE_Human_Glioblastoma_2_table/obsm/X_pca/3/0",
                "tables/CytAssist_11mm_FFPE_Human_Glioblastoma_2_table/obsm/X_pca/3/1",
                "tables/CytAssist_11mm_FFPE_Human_Glioblastoma_2_table/obsm/spatial",
                "tables/CytAssist_11mm_FFPE_Human_Glioblastoma_2_table/obsm/spatial/.zarray",
                "tables/CytAssist_11mm_FFPE_Human_Glioblastoma_2_table/obsm/spatial/.zattrs",
                "tables/CytAssist_11mm_FFPE_Human_Glioblastoma_2_table/obsm/spatial/0",
                "tables/CytAssist_11mm_FFPE_Human_Glioblastoma_2_table/obsm/spatial/0/0",
                "tables/CytAssist_11mm_FFPE_Human_Glioblastoma_2_table/obsp",
                "tables/CytAssist_11mm_FFPE_Human_Glioblastoma_2_table/obsp/.zattrs",
                "tables/CytAssist_11mm_FFPE_Human_Glioblastoma_2_table/obsp/.zgroup",
                "tables/CytAssist_11mm_FFPE_Human_Glioblastoma_2_table/raw",
                "tables/CytAssist_11mm_FFPE_Human_Glioblastoma_2_table/raw/.zarray",
                "tables/CytAssist_11mm_FFPE_Human_Glioblastoma_2_table/raw/.zattrs",
                "tables/CytAssist_11mm_FFPE_Human_Glioblastoma_2_table/raw/0",
                "tables/CytAssist_11mm_FFPE_Human_Glioblastoma_2_table/uns",
                "tables/CytAssist_11mm_FFPE_Human_Glioblastoma_2_table/uns/.zattrs",
                "tables/CytAssist_11mm_FFPE_Human_Glioblastoma_2_table/uns/.zgroup",
                "tables/CytAssist_11mm_FFPE_Human_Glioblastoma_2_table/uns/coordinate_system",
                "tables/CytAssist_11mm_FFPE_Human_Glioblastoma_2_table/uns/coordinate_system/.zarray",
                "tables/CytAssist_11mm_FFPE_Human_Glioblastoma_2_table/uns/coordinate_system/.zattrs",
                "tables/CytAssist_11mm_FFPE_Human_Glioblastoma_2_table/uns/coordinate_system/0",
                "tables/CytAssist_11mm_FFPE_Human_Glioblastoma_2_table/uns/pca",
                "tables/CytAssist_11mm_FFPE_Human_Glioblastoma_2_table/uns/pca/.zattrs",
                "tables/CytAssist_11mm_FFPE_Human_Glioblastoma_2_table/uns/pca/.zgroup",
                "tables/CytAssist_11mm_FFPE_Human_Glioblastoma_2_table/uns/pca/params",
                "tables/CytAssist_11mm_FFPE_Human_Glioblastoma_2_table/uns/pca/params/.zattrs",
                "tables/CytAssist_11mm_FFPE_Human_Glioblastoma_2_table/uns/pca/params/.zgroup",
                "tables/CytAssist_11mm_FFPE_Human_Glioblastoma_2_table/uns/pca/params/mask_var",
                "tables/CytAssist_11mm_FFPE_Human_Glioblastoma_2_table/uns/pca/params/mask_var/.zarray",
                "tables/CytAssist_11mm_FFPE_Human_Glioblastoma_2_table/uns/pca/params/mask_var/.zattrs",
                "tables/CytAssist_11mm_FFPE_Human_Glioblastoma_2_table/uns/pca/params/mask_var/0",
                "tables/CytAssist_11mm_FFPE_Human_Glioblastoma_2_table/uns/pca/params/use_highly_variable",
                "tables/CytAssist_11mm_FFPE_Human_Glioblastoma_2_table/uns/pca/params/use_highly_variable/.zarray",
                "tables/CytAssist_11mm_FFPE_Human_Glioblastoma_2_table/uns/pca/params/use_highly_variable/.zattrs",
                "tables/CytAssist_11mm_FFPE_Human_Glioblastoma_2_table/uns/pca/params/use_highly_variable/0",
                "tables/CytAssist_11mm_FFPE_Human_Glioblastoma_2_table/uns/pca/params/zero_center",
                "tables/CytAssist_11mm_FFPE_Human_Glioblastoma_2_table/uns/pca/params/zero_center/.zarray",
                "tables/CytAssist_11mm_FFPE_Human_Glioblastoma_2_table/uns/pca/params/zero_center/.zattrs",
                "tables/CytAssist_11mm_FFPE_Human_Glioblastoma_2_table/uns/pca/params/zero_center/0",
                "tables/CytAssist_11mm_FFPE_Human_Glioblastoma_2_table/uns/pca/variance",
                "tables/CytAssist_11mm_FFPE_Human_Glioblastoma_2_table/uns/pca/variance/.zarray",
                "tables/CytAssist_11mm_FFPE_Human_Glioblastoma_2_table/uns/pca/variance/.zattrs",
                "tables/CytAssist_11mm_FFPE_Human_Glioblastoma_2_table/uns/pca/variance/0",
                "tables/CytAssist_11mm_FFPE_Human_Glioblastoma_2_table/uns/pca/variance_ratio",
                "tables/CytAssist_11mm_FFPE_Human_Glioblastoma_2_table/uns/pca/variance_ratio/.zarray",
                "tables/CytAssist_11mm_FFPE_Human_Glioblastoma_2_table/uns/pca/variance_ratio/.zattrs",
                "tables/CytAssist_11mm_FFPE_Human_Glioblastoma_2_table/uns/pca/variance_ratio/0",
                "tables/CytAssist_11mm_FFPE_Human_Glioblastoma_2_table/uns/sample_id",
                "tables/CytAssist_11mm_FFPE_Human_Glioblastoma_2_table/uns/sample_id/.zarray",
                "tables/CytAssist_11mm_FFPE_Human_Glioblastoma_2_table/uns/sample_id/.zattrs",
                "tables/CytAssist_11mm_FFPE_Human_Glioblastoma_2_table/uns/sample_id/0",
                "tables/CytAssist_11mm_FFPE_Human_Glioblastoma_2_table/uns/spatial",
                "tables/CytAssist_11mm_FFPE_Human_Glioblastoma_2_table/uns/spatial/.zattrs",
                "tables/CytAssist_11mm_FFPE_Human_Glioblastoma_2_table/uns/spatial/.zgroup",
                "tables/CytAssist_11mm_FFPE_Human_Glioblastoma_2_table/uns/spatial/CytAssist_11mm_FFPE_Human_Glioblastoma_2",
                "tables/CytAssist_11mm_FFPE_Human_Glioblastoma_2_table/uns/spatial/CytAssist_11mm_FFPE_Human_Glioblastoma_2/.zattrs",
                "tables/CytAssist_11mm_FFPE_Human_Glioblastoma_2_table/uns/spatial/CytAssist_11mm_FFPE_Human_Glioblastoma_2/.zgroup",
                "tables/CytAssist_11mm_FFPE_Human_Glioblastoma_2_table/uns/spatial/CytAssist_11mm_FFPE_Human_Glioblastoma_2/metadata",
                "tables/CytAssist_11mm_FFPE_Human_Glioblastoma_2_table/uns/spatial/CytAssist_11mm_FFPE_Human_Glioblastoma_2/metadata/.zattrs",
                "tables/CytAssist_11mm_FFPE_Human_Glioblastoma_2_table/uns/spatial/CytAssist_11mm_FFPE_Human_Glioblastoma_2/metadata/.zgroup",
                "tables/CytAssist_11mm_FFPE_Human_Glioblastoma_2_table/uns/spatial/CytAssist_11mm_FFPE_Human_Glioblastoma_2/metadata/chemistry_description",
                "tables/CytAssist_11mm_FFPE_Human_Glioblastoma_2_table/uns/spatial/CytAssist_11mm_FFPE_Human_Glioblastoma_2/metadata/chemistry_description/.zarray",
                "tables/CytAssist_11mm_FFPE_Human_Glioblastoma_2_table/uns/spatial/CytAssist_11mm_FFPE_Human_Glioblastoma_2/metadata/chemistry_description/.zattrs",
                "tables/CytAssist_11mm_FFPE_Human_Glioblastoma_2_table/uns/spatial/CytAssist_11mm_FFPE_Human_Glioblastoma_2/metadata/chemistry_description/0",
                "tables/CytAssist_11mm_FFPE_Human_Glioblastoma_2_table/uns/spatial/CytAssist_11mm_FFPE_Human_Glioblastoma_2/metadata/software_version",
                "tables/CytAssist_11mm_FFPE_Human_Glioblastoma_2_table/uns/spatial/CytAssist_11mm_FFPE_Human_Glioblastoma_2/metadata/software_version/.zarray",
                "tables/CytAssist_11mm_FFPE_Human_Glioblastoma_2_table/uns/spatial/CytAssist_11mm_FFPE_Human_Glioblastoma_2/metadata/software_version/.zattrs",
                "tables/CytAssist_11mm_FFPE_Human_Glioblastoma_2_table/uns/spatial/CytAssist_11mm_FFPE_Human_Glioblastoma_2/metadata/software_version/0",
                "tables/CytAssist_11mm_FFPE_Human_Glioblastoma_2_table/uns/spatial/CytAssist_11mm_FFPE_Human_Glioblastoma_2_hires_image",
                "tables/CytAssist_11mm_FFPE_Human_Glioblastoma_2_table/uns/spatial/CytAssist_11mm_FFPE_Human_Glioblastoma_2_hires_image/.zattrs",
                "tables/CytAssist_11mm_FFPE_Human_Glioblastoma_2_table/uns/spatial/CytAssist_11mm_FFPE_Human_Glioblastoma_2_hires_image/.zgroup",
                "tables/CytAssist_11mm_FFPE_Human_Glioblastoma_2_table/uns/spatial/CytAssist_11mm_FFPE_Human_Glioblastoma_2_hires_image/images",
                "tables/CytAssist_11mm_FFPE_Human_Glioblastoma_2_table/uns/spatial/CytAssist_11mm_FFPE_Human_Glioblastoma_2_hires_image/images/.zattrs",
                "tables/CytAssist_11mm_FFPE_Human_Glioblastoma_2_table/uns/spatial/CytAssist_11mm_FFPE_Human_Glioblastoma_2_hires_image/images/.zgroup",
                "tables/CytAssist_11mm_FFPE_Human_Glioblastoma_2_table/uns/spatial/CytAssist_11mm_FFPE_Human_Glioblastoma_2_hires_image/images/hires",
                "tables/CytAssist_11mm_FFPE_Human_Glioblastoma_2_table/uns/spatial/CytAssist_11mm_FFPE_Human_Glioblastoma_2_hires_image/images/hires/.zarray",
                "tables/CytAssist_11mm_FFPE_Human_Glioblastoma_2_table/uns/spatial/CytAssist_11mm_FFPE_Human_Glioblastoma_2_hires_image/images/hires/.zattrs",
                "tables/CytAssist_11mm_FFPE_Human_Glioblastoma_2_table/uns/spatial/CytAssist_11mm_FFPE_Human_Glioblastoma_2_hires_image/images/hires/0",
                "tables/CytAssist_11mm_FFPE_Human_Glioblastoma_2_table/uns/spatial/CytAssist_11mm_FFPE_Human_Glioblastoma_2_hires_image/images/hires/0/0",
                "tables/CytAssist_11mm_FFPE_Human_Glioblastoma_2_table/uns/spatial/CytAssist_11mm_FFPE_Human_Glioblastoma_2_hires_image/images/hires/0/0/0",
                "tables/CytAssist_11mm_FFPE_Human_Glioblastoma_2_table/uns/spatial/CytAssist_11mm_FFPE_Human_Glioblastoma_2_hires_image/images/hires/0/0/1",
                "tables/CytAssist_11mm_FFPE_Human_Glioblastoma_2_table/uns/spatial/CytAssist_11mm_FFPE_Human_Glioblastoma_2_hires_image/images/hires/0/1",
                "tables/CytAssist_11mm_FFPE_Human_Glioblastoma_2_table/uns/spatial/CytAssist_11mm_FFPE_Human_Glioblastoma_2_hires_image/images/hires/0/1/0",
                "tables/CytAssist_11mm_FFPE_Human_Glioblastoma_2_table/uns/spatial/CytAssist_11mm_FFPE_Human_Glioblastoma_2_hires_image/images/hires/0/1/1",
                "tables/CytAssist_11mm_FFPE_Human_Glioblastoma_2_table/uns/spatial/CytAssist_11mm_FFPE_Human_Glioblastoma_2_hires_image/images/hires/0/2",
                "tables/CytAssist_11mm_FFPE_Human_Glioblastoma_2_table/uns/spatial/CytAssist_11mm_FFPE_Human_Glioblastoma_2_hires_image/images/hires/0/2/0",
                "tables/CytAssist_11mm_FFPE_Human_Glioblastoma_2_table/uns/spatial/CytAssist_11mm_FFPE_Human_Glioblastoma_2_hires_image/images/hires/0/2/1",
                "tables/CytAssist_11mm_FFPE_Human_Glioblastoma_2_table/uns/spatial/CytAssist_11mm_FFPE_Human_Glioblastoma_2_hires_image/images/hires/0/3",
                "tables/CytAssist_11mm_FFPE_Human_Glioblastoma_2_table/uns/spatial/CytAssist_11mm_FFPE_Human_Glioblastoma_2_hires_image/images/hires/0/3/0",
                "tables/CytAssist_11mm_FFPE_Human_Glioblastoma_2_table/uns/spatial/CytAssist_11mm_FFPE_Human_Glioblastoma_2_hires_image/images/hires/0/3/1",
                "tables/CytAssist_11mm_FFPE_Human_Glioblastoma_2_table/uns/spatial/CytAssist_11mm_FFPE_Human_Glioblastoma_2_hires_image/images/hires/1",
                "tables/CytAssist_11mm_FFPE_Human_Glioblastoma_2_table/uns/spatial/CytAssist_11mm_FFPE_Human_Glioblastoma_2_hires_image/images/hires/1/0",
                "tables/CytAssist_11mm_FFPE_Human_Glioblastoma_2_table/uns/spatial/CytAssist_11mm_FFPE_Human_Glioblastoma_2_hires_image/images/hires/1/0/0",
                "tables/CytAssist_11mm_FFPE_Human_Glioblastoma_2_table/uns/spatial/CytAssist_11mm_FFPE_Human_Glioblastoma_2_hires_image/images/hires/1/0/1",
                "tables/CytAssist_11mm_FFPE_Human_Glioblastoma_2_table/uns/spatial/CytAssist_11mm_FFPE_Human_Glioblastoma_2_hires_image/images/hires/1/1",
                "tables/CytAssist_11mm_FFPE_Human_Glioblastoma_2_table/uns/spatial/CytAssist_11mm_FFPE_Human_Glioblastoma_2_hires_image/images/hires/1/1/0",
                "tables/CytAssist_11mm_FFPE_Human_Glioblastoma_2_table/uns/spatial/CytAssist_11mm_FFPE_Human_Glioblastoma_2_hires_image/images/hires/1/1/1",
                "tables/CytAssist_11mm_FFPE_Human_Glioblastoma_2_table/uns/spatial/CytAssist_11mm_FFPE_Human_Glioblastoma_2_hires_image/images/hires/1/2",
                "tables/CytAssist_11mm_FFPE_Human_Glioblastoma_2_table/uns/spatial/CytAssist_11mm_FFPE_Human_Glioblastoma_2_hires_image/images/hires/1/2/0",
                "tables/CytAssist_11mm_FFPE_Human_Glioblastoma_2_table/uns/spatial/CytAssist_11mm_FFPE_Human_Glioblastoma_2_hires_image/images/hires/1/2/1",
                "tables/CytAssist_11mm_FFPE_Human_Glioblastoma_2_table/uns/spatial/CytAssist_11mm_FFPE_Human_Glioblastoma_2_hires_image/images/hires/1/3",
                "tables/CytAssist_11mm_FFPE_Human_Glioblastoma_2_table/uns/spatial/CytAssist_11mm_FFPE_Human_Glioblastoma_2_hires_image/images/hires/1/3/0",
                "tables/CytAssist_11mm_FFPE_Human_Glioblastoma_2_table/uns/spatial/CytAssist_11mm_FFPE_Human_Glioblastoma_2_hires_image/images/hires/1/3/1",
                "tables/CytAssist_11mm_FFPE_Human_Glioblastoma_2_table/uns/spatial/CytAssist_11mm_FFPE_Human_Glioblastoma_2_hires_image/images/hires/2",
                "tables/CytAssist_11mm_FFPE_Human_Glioblastoma_2_table/uns/spatial/CytAssist_11mm_FFPE_Human_Glioblastoma_2_hires_image/images/hires/2/0",
                "tables/CytAssist_11mm_FFPE_Human_Glioblastoma_2_table/uns/spatial/CytAssist_11mm_FFPE_Human_Glioblastoma_2_hires_image/images/hires/2/0/0",
                "tables/CytAssist_11mm_FFPE_Human_Glioblastoma_2_table/uns/spatial/CytAssist_11mm_FFPE_Human_Glioblastoma_2_hires_image/images/hires/2/0/1",
                "tables/CytAssist_11mm_FFPE_Human_Glioblastoma_2_table/uns/spatial/CytAssist_11mm_FFPE_Human_Glioblastoma_2_hires_image/images/hires/2/1",
                "tables/CytAssist_11mm_FFPE_Human_Glioblastoma_2_table/uns/spatial/CytAssist_11mm_FFPE_Human_Glioblastoma_2_hires_image/images/hires/2/1/0",
                "tables/CytAssist_11mm_FFPE_Human_Glioblastoma_2_table/uns/spatial/CytAssist_11mm_FFPE_Human_Glioblastoma_2_hires_image/images/hires/2/1/1",
                "tables/CytAssist_11mm_FFPE_Human_Glioblastoma_2_table/uns/spatial/CytAssist_11mm_FFPE_Human_Glioblastoma_2_hires_image/images/hires/2/2",
                "tables/CytAssist_11mm_FFPE_Human_Glioblastoma_2_table/uns/spatial/CytAssist_11mm_FFPE_Human_Glioblastoma_2_hires_image/images/hires/2/2/0",
                "tables/CytAssist_11mm_FFPE_Human_Glioblastoma_2_table/uns/spatial/CytAssist_11mm_FFPE_Human_Glioblastoma_2_hires_image/images/hires/2/2/1",
                "tables/CytAssist_11mm_FFPE_Human_Glioblastoma_2_table/uns/spatial/CytAssist_11mm_FFPE_Human_Glioblastoma_2_hires_image/images/hires/2/3",
                "tables/CytAssist_11mm_FFPE_Human_Glioblastoma_2_table/uns/spatial/CytAssist_11mm_FFPE_Human_Glioblastoma_2_hires_image/images/hires/2/3/0",
                "tables/CytAssist_11mm_FFPE_Human_Glioblastoma_2_table/uns/spatial/CytAssist_11mm_FFPE_Human_Glioblastoma_2_hires_image/images/hires/2/3/1",
                "tables/CytAssist_11mm_FFPE_Human_Glioblastoma_2_table/uns/spatial/CytAssist_11mm_FFPE_Human_Glioblastoma_2_hires_image/images/hires/3",
                "tables/CytAssist_11mm_FFPE_Human_Glioblastoma_2_table/uns/spatial/CytAssist_11mm_FFPE_Human_Glioblastoma_2_hires_image/images/hires/3/0",
                "tables/CytAssist_11mm_FFPE_Human_Glioblastoma_2_table/uns/spatial/CytAssist_11mm_FFPE_Human_Glioblastoma_2_hires_image/images/hires/3/0/0",
                "tables/CytAssist_11mm_FFPE_Human_Glioblastoma_2_table/uns/spatial/CytAssist_11mm_FFPE_Human_Glioblastoma_2_hires_image/images/hires/3/0/1",
                "tables/CytAssist_11mm_FFPE_Human_Glioblastoma_2_table/uns/spatial/CytAssist_11mm_FFPE_Human_Glioblastoma_2_hires_image/images/hires/3/1",
                "tables/CytAssist_11mm_FFPE_Human_Glioblastoma_2_table/uns/spatial/CytAssist_11mm_FFPE_Human_Glioblastoma_2_hires_image/images/hires/3/1/0",
                "tables/CytAssist_11mm_FFPE_Human_Glioblastoma_2_table/uns/spatial/CytAssist_11mm_FFPE_Human_Glioblastoma_2_hires_image/images/hires/3/1/1",
                "tables/CytAssist_11mm_FFPE_Human_Glioblastoma_2_table/uns/spatial/CytAssist_11mm_FFPE_Human_Glioblastoma_2_hires_image/images/hires/3/2",
                "tables/CytAssist_11mm_FFPE_Human_Glioblastoma_2_table/uns/spatial/CytAssist_11mm_FFPE_Human_Glioblastoma_2_hires_image/images/hires/3/2/0",
                "tables/CytAssist_11mm_FFPE_Human_Glioblastoma_2_table/uns/spatial/CytAssist_11mm_FFPE_Human_Glioblastoma_2_hires_image/images/hires/3/2/1",
                "tables/CytAssist_11mm_FFPE_Human_Glioblastoma_2_table/uns/spatial/CytAssist_11mm_FFPE_Human_Glioblastoma_2_hires_image/images/hires/3/3",
                "tables/CytAssist_11mm_FFPE_Human_Glioblastoma_2_table/uns/spatial/CytAssist_11mm_FFPE_Human_Glioblastoma_2_hires_image/images/hires/3/3/0",
                "tables/CytAssist_11mm_FFPE_Human_Glioblastoma_2_table/uns/spatial/CytAssist_11mm_FFPE_Human_Glioblastoma_2_hires_image/images/hires/3/3/1",
                "tables/CytAssist_11mm_FFPE_Human_Glioblastoma_2_table/uns/spatial/CytAssist_11mm_FFPE_Human_Glioblastoma_2_hires_image/images/lowres",
                "tables/CytAssist_11mm_FFPE_Human_Glioblastoma_2_table/uns/spatial/CytAssist_11mm_FFPE_Human_Glioblastoma_2_hires_image/images/lowres/.zarray",
                "tables/CytAssist_11mm_FFPE_Human_Glioblastoma_2_table/uns/spatial/CytAssist_11mm_FFPE_Human_Glioblastoma_2_hires_image/images/lowres/.zattrs",
                "tables/CytAssist_11mm_FFPE_Human_Glioblastoma_2_table/uns/spatial/CytAssist_11mm_FFPE_Human_Glioblastoma_2_hires_image/images/lowres/0",
                "tables/CytAssist_11mm_FFPE_Human_Glioblastoma_2_table/uns/spatial/CytAssist_11mm_FFPE_Human_Glioblastoma_2_hires_image/images/lowres/0/0",
                "tables/CytAssist_11mm_FFPE_Human_Glioblastoma_2_table/uns/spatial/CytAssist_11mm_FFPE_Human_Glioblastoma_2_hires_image/images/lowres/0/0/0",
                "tables/CytAssist_11mm_FFPE_Human_Glioblastoma_2_table/uns/spatial/CytAssist_11mm_FFPE_Human_Glioblastoma_2_hires_image/images/lowres/0/1",
                "tables/CytAssist_11mm_FFPE_Human_Glioblastoma_2_table/uns/spatial/CytAssist_11mm_FFPE_Human_Glioblastoma_2_hires_image/images/lowres/0/1/0",
                "tables/CytAssist_11mm_FFPE_Human_Glioblastoma_2_table/uns/spatial/CytAssist_11mm_FFPE_Human_Glioblastoma_2_hires_image/images/lowres/1",
                "tables/CytAssist_11mm_FFPE_Human_Glioblastoma_2_table/uns/spatial/CytAssist_11mm_FFPE_Human_Glioblastoma_2_hires_image/images/lowres/1/0",
                "tables/CytAssist_11mm_FFPE_Human_Glioblastoma_2_table/uns/spatial/CytAssist_11mm_FFPE_Human_Glioblastoma_2_hires_image/images/lowres/1/0/0",
                "tables/CytAssist_11mm_FFPE_Human_Glioblastoma_2_table/uns/spatial/CytAssist_11mm_FFPE_Human_Glioblastoma_2_hires_image/images/lowres/1/1",
                "tables/CytAssist_11mm_FFPE_Human_Glioblastoma_2_table/uns/spatial/CytAssist_11mm_FFPE_Human_Glioblastoma_2_hires_image/images/lowres/1/1/0",
                "tables/CytAssist_11mm_FFPE_Human_Glioblastoma_2_table/uns/spatial/CytAssist_11mm_FFPE_Human_Glioblastoma_2_hires_image/scalefactors",
                "tables/CytAssist_11mm_FFPE_Human_Glioblastoma_2_table/uns/spatial/CytAssist_11mm_FFPE_Human_Glioblastoma_2_hires_image/scalefactors/.zattrs",
                "tables/CytAssist_11mm_FFPE_Human_Glioblastoma_2_table/uns/spatial/CytAssist_11mm_FFPE_Human_Glioblastoma_2_hires_image/scalefactors/.zgroup",
                "tables/CytAssist_11mm_FFPE_Human_Glioblastoma_2_table/uns/spatial/CytAssist_11mm_FFPE_Human_Glioblastoma_2_hires_image/scalefactors/spot_diameter_fullres",
                "tables/CytAssist_11mm_FFPE_Human_Glioblastoma_2_table/uns/spatial/CytAssist_11mm_FFPE_Human_Glioblastoma_2_hires_image/scalefactors/spot_diameter_fullres/.zarray",
                "tables/CytAssist_11mm_FFPE_Human_Glioblastoma_2_table/uns/spatial/CytAssist_11mm_FFPE_Human_Glioblastoma_2_hires_image/scalefactors/spot_diameter_fullres/.zattrs",
                "tables/CytAssist_11mm_FFPE_Human_Glioblastoma_2_table/uns/spatial/CytAssist_11mm_FFPE_Human_Glioblastoma_2_hires_image/scalefactors/spot_diameter_fullres/0",
                "tables/CytAssist_11mm_FFPE_Human_Glioblastoma_2_table/uns/spatial/CytAssist_11mm_FFPE_Human_Glioblastoma_2_hires_image/scalefactors/tissue_hires_scalef",
                "tables/CytAssist_11mm_FFPE_Human_Glioblastoma_2_table/uns/spatial/CytAssist_11mm_FFPE_Human_Glioblastoma_2_hires_image/scalefactors/tissue_hires_scalef/.zarray",
                "tables/CytAssist_11mm_FFPE_Human_Glioblastoma_2_table/uns/spatial/CytAssist_11mm_FFPE_Human_Glioblastoma_2_hires_image/scalefactors/tissue_hires_scalef/.zattrs",
                "tables/CytAssist_11mm_FFPE_Human_Glioblastoma_2_table/uns/spatial/CytAssist_11mm_FFPE_Human_Glioblastoma_2_hires_image/scalefactors/tissue_hires_scalef/0",
                "tables/CytAssist_11mm_FFPE_Human_Glioblastoma_2_table/uns/spatial/CytAssist_11mm_FFPE_Human_Glioblastoma_2_hires_image/scalefactors/tissue_lowres_scalef",
                "tables/CytAssist_11mm_FFPE_Human_Glioblastoma_2_table/uns/spatial/CytAssist_11mm_FFPE_Human_Glioblastoma_2_hires_image/scalefactors/tissue_lowres_scalef/.zarray",
                "tables/CytAssist_11mm_FFPE_Human_Glioblastoma_2_table/uns/spatial/CytAssist_11mm_FFPE_Human_Glioblastoma_2_hires_image/scalefactors/tissue_lowres_scalef/.zattrs",
                "tables/CytAssist_11mm_FFPE_Human_Glioblastoma_2_table/uns/spatial/CytAssist_11mm_FFPE_Human_Glioblastoma_2_hires_image/scalefactors/tissue_lowres_scalef/0",
                "tables/CytAssist_11mm_FFPE_Human_Glioblastoma_2_table/uns/spatialdata_attrs",
                "tables/CytAssist_11mm_FFPE_Human_Glioblastoma_2_table/uns/spatialdata_attrs/.zattrs",
                "tables/CytAssist_11mm_FFPE_Human_Glioblastoma_2_table/uns/spatialdata_attrs/.zgroup",
                "tables/CytAssist_11mm_FFPE_Human_Glioblastoma_2_table/uns/spatialdata_attrs/instance_key",
                "tables/CytAssist_11mm_FFPE_Human_Glioblastoma_2_table/uns/spatialdata_attrs/instance_key/.zarray",
                "tables/CytAssist_11mm_FFPE_Human_Glioblastoma_2_table/uns/spatialdata_attrs/instance_key/.zattrs",
                "tables/CytAssist_11mm_FFPE_Human_Glioblastoma_2_table/uns/spatialdata_attrs/instance_key/0",
                "tables/CytAssist_11mm_FFPE_Human_Glioblastoma_2_table/uns/spatialdata_attrs/region",
                "tables/CytAssist_11mm_FFPE_Human_Glioblastoma_2_table/uns/spatialdata_attrs/region/.zarray",
                "tables/CytAssist_11mm_FFPE_Human_Glioblastoma_2_table/uns/spatialdata_attrs/region/.zattrs",
                "tables/CytAssist_11mm_FFPE_Human_Glioblastoma_2_table/uns/spatialdata_attrs/region/0",
                "tables/CytAssist_11mm_FFPE_Human_Glioblastoma_2_table/uns/spatialdata_attrs/region_key",
                "tables/CytAssist_11mm_FFPE_Human_Glioblastoma_2_table/uns/spatialdata_attrs/region_key/.zarray",
                "tables/CytAssist_11mm_FFPE_Human_Glioblastoma_2_table/uns/spatialdata_attrs/region_key/.zattrs",
                "tables/CytAssist_11mm_FFPE_Human_Glioblastoma_2_table/uns/spatialdata_attrs/region_key/0",
                "tables/CytAssist_11mm_FFPE_Human_Glioblastoma_2_table/uns/table_name",
                "tables/CytAssist_11mm_FFPE_Human_Glioblastoma_2_table/uns/table_name/.zarray",
                "tables/CytAssist_11mm_FFPE_Human_Glioblastoma_2_table/uns/table_name/.zattrs",
                "tables/CytAssist_11mm_FFPE_Human_Glioblastoma_2_table/uns/table_name/0",
                "tables/CytAssist_11mm_FFPE_Human_Glioblastoma_2_table/var",
                "tables/CytAssist_11mm_FFPE_Human_Glioblastoma_2_table/var/.zattrs",
                "tables/CytAssist_11mm_FFPE_Human_Glioblastoma_2_table/var/.zgroup",
                "tables/CytAssist_11mm_FFPE_Human_Glioblastoma_2_table/var/_index",
                "tables/CytAssist_11mm_FFPE_Human_Glioblastoma_2_table/var/_index/.zarray",
                "tables/CytAssist_11mm_FFPE_Human_Glioblastoma_2_table/var/_index/.zattrs",
                "tables/CytAssist_11mm_FFPE_Human_Glioblastoma_2_table/var/_index/0",
                "tables/CytAssist_11mm_FFPE_Human_Glioblastoma_2_table/var/feature_types",
                "tables/CytAssist_11mm_FFPE_Human_Glioblastoma_2_table/var/feature_types/.zattrs",
                "tables/CytAssist_11mm_FFPE_Human_Glioblastoma_2_table/var/feature_types/.zgroup",
                "tables/CytAssist_11mm_FFPE_Human_Glioblastoma_2_table/var/feature_types/categories",
                "tables/CytAssist_11mm_FFPE_Human_Glioblastoma_2_table/var/feature_types/categories/.zarray",
                "tables/CytAssist_11mm_FFPE_Human_Glioblastoma_2_table/var/feature_types/categories/.zattrs",
                "tables/CytAssist_11mm_FFPE_Human_Glioblastoma_2_table/var/feature_types/categories/0",
                "tables/CytAssist_11mm_FFPE_Human_Glioblastoma_2_table/var/feature_types/codes",
                "tables/CytAssist_11mm_FFPE_Human_Glioblastoma_2_table/var/feature_types/codes/.zarray",
                "tables/CytAssist_11mm_FFPE_Human_Glioblastoma_2_table/var/feature_types/codes/.zattrs",
                "tables/CytAssist_11mm_FFPE_Human_Glioblastoma_2_table/var/feature_types/codes/0",
                "tables/CytAssist_11mm_FFPE_Human_Glioblastoma_2_table/var/gene_ids",
                "tables/CytAssist_11mm_FFPE_Human_Glioblastoma_2_table/var/gene_ids/.zarray",
                "tables/CytAssist_11mm_FFPE_Human_Glioblastoma_2_table/var/gene_ids/.zattrs",
                "tables/CytAssist_11mm_FFPE_Human_Glioblastoma_2_table/var/gene_ids/0",
                "tables/CytAssist_11mm_FFPE_Human_Glioblastoma_2_table/var/genome",
                "tables/CytAssist_11mm_FFPE_Human_Glioblastoma_2_table/var/genome/.zattrs",
                "tables/CytAssist_11mm_FFPE_Human_Glioblastoma_2_table/var/genome/.zgroup",
                "tables/CytAssist_11mm_FFPE_Human_Glioblastoma_2_table/var/genome/categories",
                "tables/CytAssist_11mm_FFPE_Human_Glioblastoma_2_table/var/genome/categories/.zarray",
                "tables/CytAssist_11mm_FFPE_Human_Glioblastoma_2_table/var/genome/categories/.zattrs",
                "tables/CytAssist_11mm_FFPE_Human_Glioblastoma_2_table/var/genome/categories/0",
                "tables/CytAssist_11mm_FFPE_Human_Glioblastoma_2_table/var/genome/codes",
                "tables/CytAssist_11mm_FFPE_Human_Glioblastoma_2_table/var/genome/codes/.zarray",
                "tables/CytAssist_11mm_FFPE_Human_Glioblastoma_2_table/var/genome/codes/.zattrs",
                "tables/CytAssist_11mm_FFPE_Human_Glioblastoma_2_table/var/genome/codes/0",
                "tables/CytAssist_11mm_FFPE_Human_Glioblastoma_2_table/varm",
                "tables/CytAssist_11mm_FFPE_Human_Glioblastoma_2_table/varm/.zattrs",
                "tables/CytAssist_11mm_FFPE_Human_Glioblastoma_2_table/varm/.zgroup",
                "tables/CytAssist_11mm_FFPE_Human_Glioblastoma_2_table/varm/PCs",
                "tables/CytAssist_11mm_FFPE_Human_Glioblastoma_2_table/varm/PCs/.zarray",
                "tables/CytAssist_11mm_FFPE_Human_Glioblastoma_2_table/varm/PCs/.zattrs",
                "tables/CytAssist_11mm_FFPE_Human_Glioblastoma_2_table/varm/PCs/0",
                "tables/CytAssist_11mm_FFPE_Human_Glioblastoma_2_table/varm/PCs/0/0",
                "tables/CytAssist_11mm_FFPE_Human_Glioblastoma_2_table/varm/PCs/0/1",
                "tables/CytAssist_11mm_FFPE_Human_Glioblastoma_2_table/varm/PCs/1",
                "tables/CytAssist_11mm_FFPE_Human_Glioblastoma_2_table/varm/PCs/1/0",
                "tables/CytAssist_11mm_FFPE_Human_Glioblastoma_2_table/varm/PCs/1/1",
                "tables/CytAssist_11mm_FFPE_Human_Glioblastoma_2_table/varm/PCs/2",
                "tables/CytAssist_11mm_FFPE_Human_Glioblastoma_2_table/varm/PCs/2/0",
                "tables/CytAssist_11mm_FFPE_Human_Glioblastoma_2_table/varm/PCs/2/1",
                "tables/CytAssist_11mm_FFPE_Human_Glioblastoma_2_table/varm/PCs/3",
                "tables/CytAssist_11mm_FFPE_Human_Glioblastoma_2_table/varm/PCs/3/0",
                "tables/CytAssist_11mm_FFPE_Human_Glioblastoma_2_table/varm/PCs/3/1",
                "tables/CytAssist_11mm_FFPE_Human_Glioblastoma_2_table/varp",
                "tables/CytAssist_11mm_FFPE_Human_Glioblastoma_2_table/varp/.zattrs",
                "tables/CytAssist_11mm_FFPE_Human_Glioblastoma_2_table/varp/.zgroup",
                "zmetadata"
            ]
        ],
        "timestamp": "2026-04-01T21:09:32.590136",
        "meta": {
            "nf-test": "0.9.5",
            "nextflow": "25.10.4"
        }
    },
    "homo_sapiens - zarr - multiple samples": {
        "content": [
            [
                "versions.yml:md5,80c2a6c0d2661e7b69644d075b91015e"
            ],
            [
                "",
                ".zattrs",
                ".zgroup",
                "images",
                "images/.zgroup",
                "images/CytAssist_11mm_FFPE_Human_Glioblastoma_22_hires_image",
                "images/CytAssist_11mm_FFPE_Human_Glioblastoma_22_hires_image/.zattrs",
                "images/CytAssist_11mm_FFPE_Human_Glioblastoma_22_hires_image/.zgroup",
                "images/CytAssist_11mm_FFPE_Human_Glioblastoma_22_hires_image/0",
                "images/CytAssist_11mm_FFPE_Human_Glioblastoma_22_hires_image/0/.zarray",
                "images/CytAssist_11mm_FFPE_Human_Glioblastoma_22_hires_image/0/0",
                "images/CytAssist_11mm_FFPE_Human_Glioblastoma_22_hires_image/0/0/0",
                "images/CytAssist_11mm_FFPE_Human_Glioblastoma_22_hires_image/0/0/0/0",
                "images/CytAssist_11mm_FFPE_Human_Glioblastoma_22_lowres_image",
                "images/CytAssist_11mm_FFPE_Human_Glioblastoma_22_lowres_image/.zattrs",
                "images/CytAssist_11mm_FFPE_Human_Glioblastoma_22_lowres_image/.zgroup",
                "images/CytAssist_11mm_FFPE_Human_Glioblastoma_22_lowres_image/0",
                "images/CytAssist_11mm_FFPE_Human_Glioblastoma_22_lowres_image/0/.zarray",
                "images/CytAssist_11mm_FFPE_Human_Glioblastoma_22_lowres_image/0/0",
                "images/CytAssist_11mm_FFPE_Human_Glioblastoma_22_lowres_image/0/0/0",
                "images/CytAssist_11mm_FFPE_Human_Glioblastoma_22_lowres_image/0/0/0/0",
                "images/CytAssist_11mm_FFPE_Human_Glioblastoma_2_hires_image",
                "images/CytAssist_11mm_FFPE_Human_Glioblastoma_2_hires_image/.zattrs",
                "images/CytAssist_11mm_FFPE_Human_Glioblastoma_2_hires_image/.zgroup",
                "images/CytAssist_11mm_FFPE_Human_Glioblastoma_2_hires_image/0",
                "images/CytAssist_11mm_FFPE_Human_Glioblastoma_2_hires_image/0/.zarray",
                "images/CytAssist_11mm_FFPE_Human_Glioblastoma_2_hires_image/0/0",
                "images/CytAssist_11mm_FFPE_Human_Glioblastoma_2_hires_image/0/0/0",
                "images/CytAssist_11mm_FFPE_Human_Glioblastoma_2_hires_image/0/0/0/0",
                "images/CytAssist_11mm_FFPE_Human_Glioblastoma_2_lowres_image",
                "images/CytAssist_11mm_FFPE_Human_Glioblastoma_2_lowres_image/.zattrs",
                "images/CytAssist_11mm_FFPE_Human_Glioblastoma_2_lowres_image/.zgroup",
                "images/CytAssist_11mm_FFPE_Human_Glioblastoma_2_lowres_image/0",
                "images/CytAssist_11mm_FFPE_Human_Glioblastoma_2_lowres_image/0/.zarray",
                "images/CytAssist_11mm_FFPE_Human_Glioblastoma_2_lowres_image/0/0",
                "images/CytAssist_11mm_FFPE_Human_Glioblastoma_2_lowres_image/0/0/0",
                "images/CytAssist_11mm_FFPE_Human_Glioblastoma_2_lowres_image/0/0/0/0",
                "shapes",
                "shapes/.zgroup",
                "shapes/CytAssist_11mm_FFPE_Human_Glioblastoma_2",
                "shapes/CytAssist_11mm_FFPE_Human_Glioblastoma_2/.zattrs",
                "shapes/CytAssist_11mm_FFPE_Human_Glioblastoma_2/.zgroup",
                "shapes/CytAssist_11mm_FFPE_Human_Glioblastoma_2/shapes.parquet",
                "shapes/CytAssist_11mm_FFPE_Human_Glioblastoma_22",
                "shapes/CytAssist_11mm_FFPE_Human_Glioblastoma_22/.zattrs",
                "shapes/CytAssist_11mm_FFPE_Human_Glioblastoma_22/.zgroup",
                "shapes/CytAssist_11mm_FFPE_Human_Glioblastoma_22/shapes.parquet",
                "tables",
                "tables/.zgroup",
                "tables/CytAssist_11mm_FFPE_Human_Glioblastoma_22_table",
                "tables/CytAssist_11mm_FFPE_Human_Glioblastoma_22_table/.zattrs",
                "tables/CytAssist_11mm_FFPE_Human_Glioblastoma_22_table/.zgroup",
                "tables/CytAssist_11mm_FFPE_Human_Glioblastoma_22_table/X",
                "tables/CytAssist_11mm_FFPE_Human_Glioblastoma_22_table/X/.zattrs",
                "tables/CytAssist_11mm_FFPE_Human_Glioblastoma_22_table/X/.zgroup",
                "tables/CytAssist_11mm_FFPE_Human_Glioblastoma_22_table/X/data",
                "tables/CytAssist_11mm_FFPE_Human_Glioblastoma_22_table/X/data/.zarray",
                "tables/CytAssist_11mm_FFPE_Human_Glioblastoma_22_table/X/data/0",
                "tables/CytAssist_11mm_FFPE_Human_Glioblastoma_22_table/X/indices",
                "tables/CytAssist_11mm_FFPE_Human_Glioblastoma_22_table/X/indices/.zarray",
                "tables/CytAssist_11mm_FFPE_Human_Glioblastoma_22_table/X/indices/0",
                "tables/CytAssist_11mm_FFPE_Human_Glioblastoma_22_table/X/indptr",
                "tables/CytAssist_11mm_FFPE_Human_Glioblastoma_22_table/X/indptr/.zarray",
                "tables/CytAssist_11mm_FFPE_Human_Glioblastoma_22_table/X/indptr/0",
                "tables/CytAssist_11mm_FFPE_Human_Glioblastoma_22_table/layers",
                "tables/CytAssist_11mm_FFPE_Human_Glioblastoma_22_table/layers/.zattrs",
                "tables/CytAssist_11mm_FFPE_Human_Glioblastoma_22_table/layers/.zgroup",
                "tables/CytAssist_11mm_FFPE_Human_Glioblastoma_22_table/obs",
                "tables/CytAssist_11mm_FFPE_Human_Glioblastoma_22_table/obs/.zattrs",
                "tables/CytAssist_11mm_FFPE_Human_Glioblastoma_22_table/obs/.zgroup",
                "tables/CytAssist_11mm_FFPE_Human_Glioblastoma_22_table/obs/_index",
                "tables/CytAssist_11mm_FFPE_Human_Glioblastoma_22_table/obs/_index/.zarray",
                "tables/CytAssist_11mm_FFPE_Human_Glioblastoma_22_table/obs/_index/.zattrs",
                "tables/CytAssist_11mm_FFPE_Human_Glioblastoma_22_table/obs/_index/0",
                "tables/CytAssist_11mm_FFPE_Human_Glioblastoma_22_table/obs/array_col",
                "tables/CytAssist_11mm_FFPE_Human_Glioblastoma_22_table/obs/array_col/.zarray",
                "tables/CytAssist_11mm_FFPE_Human_Glioblastoma_22_table/obs/array_col/.zattrs",
                "tables/CytAssist_11mm_FFPE_Human_Glioblastoma_22_table/obs/array_col/0",
                "tables/CytAssist_11mm_FFPE_Human_Glioblastoma_22_table/obs/array_row",
                "tables/CytAssist_11mm_FFPE_Human_Glioblastoma_22_table/obs/array_row/.zarray",
                "tables/CytAssist_11mm_FFPE_Human_Glioblastoma_22_table/obs/array_row/.zattrs",
                "tables/CytAssist_11mm_FFPE_Human_Glioblastoma_22_table/obs/array_row/0",
                "tables/CytAssist_11mm_FFPE_Human_Glioblastoma_22_table/obs/in_tissue",
                "tables/CytAssist_11mm_FFPE_Human_Glioblastoma_22_table/obs/in_tissue/.zarray",
                "tables/CytAssist_11mm_FFPE_Human_Glioblastoma_22_table/obs/in_tissue/.zattrs",
                "tables/CytAssist_11mm_FFPE_Human_Glioblastoma_22_table/obs/in_tissue/0",
                "tables/CytAssist_11mm_FFPE_Human_Glioblastoma_22_table/obs/region",
                "tables/CytAssist_11mm_FFPE_Human_Glioblastoma_22_table/obs/region/.zattrs",
                "tables/CytAssist_11mm_FFPE_Human_Glioblastoma_22_table/obs/region/.zgroup",
                "tables/CytAssist_11mm_FFPE_Human_Glioblastoma_22_table/obs/region/categories",
                "tables/CytAssist_11mm_FFPE_Human_Glioblastoma_22_table/obs/region/categories/.zarray",
                "tables/CytAssist_11mm_FFPE_Human_Glioblastoma_22_table/obs/region/categories/.zattrs",
                "tables/CytAssist_11mm_FFPE_Human_Glioblastoma_22_table/obs/region/categories/0",
                "tables/CytAssist_11mm_FFPE_Human_Glioblastoma_22_table/obs/region/codes",
                "tables/CytAssist_11mm_FFPE_Human_Glioblastoma_22_table/obs/region/codes/.zarray",
                "tables/CytAssist_11mm_FFPE_Human_Glioblastoma_22_table/obs/region/codes/.zattrs",
                "tables/CytAssist_11mm_FFPE_Human_Glioblastoma_22_table/obs/region/codes/0",
                "tables/CytAssist_11mm_FFPE_Human_Glioblastoma_22_table/obs/spot_id",
                "tables/CytAssist_11mm_FFPE_Human_Glioblastoma_22_table/obs/spot_id/.zarray",
                "tables/CytAssist_11mm_FFPE_Human_Glioblastoma_22_table/obs/spot_id/.zattrs",
                "tables/CytAssist_11mm_FFPE_Human_Glioblastoma_22_table/obs/spot_id/0",
                "tables/CytAssist_11mm_FFPE_Human_Glioblastoma_22_table/obsm",
                "tables/CytAssist_11mm_FFPE_Human_Glioblastoma_22_table/obsm/.zattrs",
                "tables/CytAssist_11mm_FFPE_Human_Glioblastoma_22_table/obsm/.zgroup",
                "tables/CytAssist_11mm_FFPE_Human_Glioblastoma_22_table/obsm/spatial",
                "tables/CytAssist_11mm_FFPE_Human_Glioblastoma_22_table/obsm/spatial/.zarray",
                "tables/CytAssist_11mm_FFPE_Human_Glioblastoma_22_table/obsm/spatial/.zattrs",
                "tables/CytAssist_11mm_FFPE_Human_Glioblastoma_22_table/obsm/spatial/0",
                "tables/CytAssist_11mm_FFPE_Human_Glioblastoma_22_table/obsm/spatial/0/0",
                "tables/CytAssist_11mm_FFPE_Human_Glioblastoma_22_table/obsp",
                "tables/CytAssist_11mm_FFPE_Human_Glioblastoma_22_table/obsp/.zattrs",
                "tables/CytAssist_11mm_FFPE_Human_Glioblastoma_22_table/obsp/.zgroup",
                "tables/CytAssist_11mm_FFPE_Human_Glioblastoma_22_table/raw",
                "tables/CytAssist_11mm_FFPE_Human_Glioblastoma_22_table/raw/.zarray",
                "tables/CytAssist_11mm_FFPE_Human_Glioblastoma_22_table/raw/.zattrs",
                "tables/CytAssist_11mm_FFPE_Human_Glioblastoma_22_table/raw/0",
                "tables/CytAssist_11mm_FFPE_Human_Glioblastoma_22_table/uns",
                "tables/CytAssist_11mm_FFPE_Human_Glioblastoma_22_table/uns/.zattrs",
                "tables/CytAssist_11mm_FFPE_Human_Glioblastoma_22_table/uns/.zgroup",
                "tables/CytAssist_11mm_FFPE_Human_Glioblastoma_22_table/uns/spatial",
                "tables/CytAssist_11mm_FFPE_Human_Glioblastoma_22_table/uns/spatial/.zattrs",
                "tables/CytAssist_11mm_FFPE_Human_Glioblastoma_22_table/uns/spatial/.zgroup",
                "tables/CytAssist_11mm_FFPE_Human_Glioblastoma_22_table/uns/spatial/CytAssist_11mm_FFPE_Human_Glioblastoma_22",
                "tables/CytAssist_11mm_FFPE_Human_Glioblastoma_22_table/uns/spatial/CytAssist_11mm_FFPE_Human_Glioblastoma_22/.zattrs",
                "tables/CytAssist_11mm_FFPE_Human_Glioblastoma_22_table/uns/spatial/CytAssist_11mm_FFPE_Human_Glioblastoma_22/.zgroup",
                "tables/CytAssist_11mm_FFPE_Human_Glioblastoma_22_table/uns/spatial/CytAssist_11mm_FFPE_Human_Glioblastoma_22/metadata",
                "tables/CytAssist_11mm_FFPE_Human_Glioblastoma_22_table/uns/spatial/CytAssist_11mm_FFPE_Human_Glioblastoma_22/metadata/.zattrs",
                "tables/CytAssist_11mm_FFPE_Human_Glioblastoma_22_table/uns/spatial/CytAssist_11mm_FFPE_Human_Glioblastoma_22/metadata/.zgroup",
                "tables/CytAssist_11mm_FFPE_Human_Glioblastoma_22_table/uns/spatial/CytAssist_11mm_FFPE_Human_Glioblastoma_22/metadata/chemistry_description",
                "tables/CytAssist_11mm_FFPE_Human_Glioblastoma_22_table/uns/spatial/CytAssist_11mm_FFPE_Human_Glioblastoma_22/metadata/chemistry_description/.zarray",
                "tables/CytAssist_11mm_FFPE_Human_Glioblastoma_22_table/uns/spatial/CytAssist_11mm_FFPE_Human_Glioblastoma_22/metadata/chemistry_description/.zattrs",
                "tables/CytAssist_11mm_FFPE_Human_Glioblastoma_22_table/uns/spatial/CytAssist_11mm_FFPE_Human_Glioblastoma_22/metadata/chemistry_description/0",
                "tables/CytAssist_11mm_FFPE_Human_Glioblastoma_22_table/uns/spatial/CytAssist_11mm_FFPE_Human_Glioblastoma_22/metadata/software_version",
                "tables/CytAssist_11mm_FFPE_Human_Glioblastoma_22_table/uns/spatial/CytAssist_11mm_FFPE_Human_Glioblastoma_22/metadata/software_version/.zarray",
                "tables/CytAssist_11mm_FFPE_Human_Glioblastoma_22_table/uns/spatial/CytAssist_11mm_FFPE_Human_Glioblastoma_22/metadata/software_version/.zattrs",
                "tables/CytAssist_11mm_FFPE_Human_Glioblastoma_22_table/uns/spatial/CytAssist_11mm_FFPE_Human_Glioblastoma_22/metadata/software_version/0",
                "tables/CytAssist_11mm_FFPE_Human_Glioblastoma_22_table/uns/spatialdata_attrs",
                "tables/CytAssist_11mm_FFPE_Human_Glioblastoma_22_table/uns/spatialdata_attrs/.zattrs",
                "tables/CytAssist_11mm_FFPE_Human_Glioblastoma_22_table/uns/spatialdata_attrs/.zgroup",
                "tables/CytAssist_11mm_FFPE_Human_Glioblastoma_22_table/uns/spatialdata_attrs/instance_key",
                "tables/CytAssist_11mm_FFPE_Human_Glioblastoma_22_table/uns/spatialdata_attrs/instance_key/.zarray",
                "tables/CytAssist_11mm_FFPE_Human_Glioblastoma_22_table/uns/spatialdata_attrs/instance_key/.zattrs",
                "tables/CytAssist_11mm_FFPE_Human_Glioblastoma_22_table/uns/spatialdata_attrs/instance_key/0",
                "tables/CytAssist_11mm_FFPE_Human_Glioblastoma_22_table/uns/spatialdata_attrs/region",
                "tables/CytAssist_11mm_FFPE_Human_Glioblastoma_22_table/uns/spatialdata_attrs/region/.zarray",
                "tables/CytAssist_11mm_FFPE_Human_Glioblastoma_22_table/uns/spatialdata_attrs/region/.zattrs",
                "tables/CytAssist_11mm_FFPE_Human_Glioblastoma_22_table/uns/spatialdata_attrs/region/0",
                "tables/CytAssist_11mm_FFPE_Human_Glioblastoma_22_table/uns/spatialdata_attrs/region_key",
                "tables/CytAssist_11mm_FFPE_Human_Glioblastoma_22_table/uns/spatialdata_attrs/region_key/.zarray",
                "tables/CytAssist_11mm_FFPE_Human_Glioblastoma_22_table/uns/spatialdata_attrs/region_key/.zattrs",
                "tables/CytAssist_11mm_FFPE_Human_Glioblastoma_22_table/uns/spatialdata_attrs/region_key/0",
                "tables/CytAssist_11mm_FFPE_Human_Glioblastoma_22_table/var",
                "tables/CytAssist_11mm_FFPE_Human_Glioblastoma_22_table/var/.zattrs",
                "tables/CytAssist_11mm_FFPE_Human_Glioblastoma_22_table/var/.zgroup",
                "tables/CytAssist_11mm_FFPE_Human_Glioblastoma_22_table/var/_index",
                "tables/CytAssist_11mm_FFPE_Human_Glioblastoma_22_table/var/_index/.zarray",
                "tables/CytAssist_11mm_FFPE_Human_Glioblastoma_22_table/var/_index/.zattrs",
                "tables/CytAssist_11mm_FFPE_Human_Glioblastoma_22_table/var/_index/0",
                "tables/CytAssist_11mm_FFPE_Human_Glioblastoma_22_table/var/feature_types",
                "tables/CytAssist_11mm_FFPE_Human_Glioblastoma_22_table/var/feature_types/.zarray",
                "tables/CytAssist_11mm_FFPE_Human_Glioblastoma_22_table/var/feature_types/.zattrs",
                "tables/CytAssist_11mm_FFPE_Human_Glioblastoma_22_table/var/feature_types/0",
                "tables/CytAssist_11mm_FFPE_Human_Glioblastoma_22_table/var/gene_ids",
                "tables/CytAssist_11mm_FFPE_Human_Glioblastoma_22_table/var/gene_ids/.zarray",
                "tables/CytAssist_11mm_FFPE_Human_Glioblastoma_22_table/var/gene_ids/.zattrs",
                "tables/CytAssist_11mm_FFPE_Human_Glioblastoma_22_table/var/gene_ids/0",
                "tables/CytAssist_11mm_FFPE_Human_Glioblastoma_22_table/var/genome",
                "tables/CytAssist_11mm_FFPE_Human_Glioblastoma_22_table/var/genome/.zarray",
                "tables/CytAssist_11mm_FFPE_Human_Glioblastoma_22_table/var/genome/.zattrs",
                "tables/CytAssist_11mm_FFPE_Human_Glioblastoma_22_table/var/genome/0",
                "tables/CytAssist_11mm_FFPE_Human_Glioblastoma_22_table/varm",
                "tables/CytAssist_11mm_FFPE_Human_Glioblastoma_22_table/varm/.zattrs",
                "tables/CytAssist_11mm_FFPE_Human_Glioblastoma_22_table/varm/.zgroup",
                "tables/CytAssist_11mm_FFPE_Human_Glioblastoma_22_table/varp",
                "tables/CytAssist_11mm_FFPE_Human_Glioblastoma_22_table/varp/.zattrs",
                "tables/CytAssist_11mm_FFPE_Human_Glioblastoma_22_table/varp/.zgroup",
                "tables/CytAssist_11mm_FFPE_Human_Glioblastoma_2_table",
                "tables/CytAssist_11mm_FFPE_Human_Glioblastoma_2_table/.zattrs",
                "tables/CytAssist_11mm_FFPE_Human_Glioblastoma_2_table/.zgroup",
                "tables/CytAssist_11mm_FFPE_Human_Glioblastoma_2_table/X",
                "tables/CytAssist_11mm_FFPE_Human_Glioblastoma_2_table/X/.zattrs",
                "tables/CytAssist_11mm_FFPE_Human_Glioblastoma_2_table/X/.zgroup",
                "tables/CytAssist_11mm_FFPE_Human_Glioblastoma_2_table/X/data",
                "tables/CytAssist_11mm_FFPE_Human_Glioblastoma_2_table/X/data/.zarray",
                "tables/CytAssist_11mm_FFPE_Human_Glioblastoma_2_table/X/data/0",
                "tables/CytAssist_11mm_FFPE_Human_Glioblastoma_2_table/X/indices",
                "tables/CytAssist_11mm_FFPE_Human_Glioblastoma_2_table/X/indices/.zarray",
                "tables/CytAssist_11mm_FFPE_Human_Glioblastoma_2_table/X/indices/0",
                "tables/CytAssist_11mm_FFPE_Human_Glioblastoma_2_table/X/indptr",
                "tables/CytAssist_11mm_FFPE_Human_Glioblastoma_2_table/X/indptr/.zarray",
                "tables/CytAssist_11mm_FFPE_Human_Glioblastoma_2_table/X/indptr/0",
                "tables/CytAssist_11mm_FFPE_Human_Glioblastoma_2_table/layers",
                "tables/CytAssist_11mm_FFPE_Human_Glioblastoma_2_table/layers/.zattrs",
                "tables/CytAssist_11mm_FFPE_Human_Glioblastoma_2_table/layers/.zgroup",
                "tables/CytAssist_11mm_FFPE_Human_Glioblastoma_2_table/obs",
                "tables/CytAssist_11mm_FFPE_Human_Glioblastoma_2_table/obs/.zattrs",
                "tables/CytAssist_11mm_FFPE_Human_Glioblastoma_2_table/obs/.zgroup",
                "tables/CytAssist_11mm_FFPE_Human_Glioblastoma_2_table/obs/_index",
                "tables/CytAssist_11mm_FFPE_Human_Glioblastoma_2_table/obs/_index/.zarray",
                "tables/CytAssist_11mm_FFPE_Human_Glioblastoma_2_table/obs/_index/.zattrs",
                "tables/CytAssist_11mm_FFPE_Human_Glioblastoma_2_table/obs/_index/0",
                "tables/CytAssist_11mm_FFPE_Human_Glioblastoma_2_table/obs/array_col",
                "tables/CytAssist_11mm_FFPE_Human_Glioblastoma_2_table/obs/array_col/.zarray",
                "tables/CytAssist_11mm_FFPE_Human_Glioblastoma_2_table/obs/array_col/.zattrs",
                "tables/CytAssist_11mm_FFPE_Human_Glioblastoma_2_table/obs/array_col/0",
                "tables/CytAssist_11mm_FFPE_Human_Glioblastoma_2_table/obs/array_row",
                "tables/CytAssist_11mm_FFPE_Human_Glioblastoma_2_table/obs/array_row/.zarray",
                "tables/CytAssist_11mm_FFPE_Human_Glioblastoma_2_table/obs/array_row/.zattrs",
                "tables/CytAssist_11mm_FFPE_Human_Glioblastoma_2_table/obs/array_row/0",
                "tables/CytAssist_11mm_FFPE_Human_Glioblastoma_2_table/obs/in_tissue",
                "tables/CytAssist_11mm_FFPE_Human_Glioblastoma_2_table/obs/in_tissue/.zarray",
                "tables/CytAssist_11mm_FFPE_Human_Glioblastoma_2_table/obs/in_tissue/.zattrs",
                "tables/CytAssist_11mm_FFPE_Human_Glioblastoma_2_table/obs/in_tissue/0",
                "tables/CytAssist_11mm_FFPE_Human_Glioblastoma_2_table/obs/region",
                "tables/CytAssist_11mm_FFPE_Human_Glioblastoma_2_table/obs/region/.zattrs",
                "tables/CytAssist_11mm_FFPE_Human_Glioblastoma_2_table/obs/region/.zgroup",
                "tables/CytAssist_11mm_FFPE_Human_Glioblastoma_2_table/obs/region/categories",
                "tables/CytAssist_11mm_FFPE_Human_Glioblastoma_2_table/obs/region/categories/.zarray",
                "tables/CytAssist_11mm_FFPE_Human_Glioblastoma_2_table/obs/region/categories/.zattrs",
                "tables/CytAssist_11mm_FFPE_Human_Glioblastoma_2_table/obs/region/categories/0",
                "tables/CytAssist_11mm_FFPE_Human_Glioblastoma_2_table/obs/region/codes",
                "tables/CytAssist_11mm_FFPE_Human_Glioblastoma_2_table/obs/region/codes/.zarray",
                "tables/CytAssist_11mm_FFPE_Human_Glioblastoma_2_table/obs/region/codes/.zattrs",
                "tables/CytAssist_11mm_FFPE_Human_Glioblastoma_2_table/obs/region/codes/0",
                "tables/CytAssist_11mm_FFPE_Human_Glioblastoma_2_table/obs/spot_id",
                "tables/CytAssist_11mm_FFPE_Human_Glioblastoma_2_table/obs/spot_id/.zarray",
                "tables/CytAssist_11mm_FFPE_Human_Glioblastoma_2_table/obs/spot_id/.zattrs",
                "tables/CytAssist_11mm_FFPE_Human_Glioblastoma_2_table/obs/spot_id/0",
                "tables/CytAssist_11mm_FFPE_Human_Glioblastoma_2_table/obsm",
                "tables/CytAssist_11mm_FFPE_Human_Glioblastoma_2_table/obsm/.zattrs",
                "tables/CytAssist_11mm_FFPE_Human_Glioblastoma_2_table/obsm/.zgroup",
                "tables/CytAssist_11mm_FFPE_Human_Glioblastoma_2_table/obsm/X_harmony",
                "tables/CytAssist_11mm_FFPE_Human_Glioblastoma_2_table/obsm/X_harmony/.zarray",
                "tables/CytAssist_11mm_FFPE_Human_Glioblastoma_2_table/obsm/X_harmony/.zattrs",
                "tables/CytAssist_11mm_FFPE_Human_Glioblastoma_2_table/obsm/X_harmony/0",
                "tables/CytAssist_11mm_FFPE_Human_Glioblastoma_2_table/obsm/X_harmony/0/0",
                "tables/CytAssist_11mm_FFPE_Human_Glioblastoma_2_table/obsm/X_harmony/0/1",
                "tables/CytAssist_11mm_FFPE_Human_Glioblastoma_2_table/obsm/X_harmony/1",
                "tables/CytAssist_11mm_FFPE_Human_Glioblastoma_2_table/obsm/X_harmony/1/0",
                "tables/CytAssist_11mm_FFPE_Human_Glioblastoma_2_table/obsm/X_harmony/1/1",
                "tables/CytAssist_11mm_FFPE_Human_Glioblastoma_2_table/obsm/X_harmony/2",
                "tables/CytAssist_11mm_FFPE_Human_Glioblastoma_2_table/obsm/X_harmony/2/0",
                "tables/CytAssist_11mm_FFPE_Human_Glioblastoma_2_table/obsm/X_harmony/2/1",
                "tables/CytAssist_11mm_FFPE_Human_Glioblastoma_2_table/obsm/X_harmony/3",
                "tables/CytAssist_11mm_FFPE_Human_Glioblastoma_2_table/obsm/X_harmony/3/0",
                "tables/CytAssist_11mm_FFPE_Human_Glioblastoma_2_table/obsm/X_harmony/3/1",
                "tables/CytAssist_11mm_FFPE_Human_Glioblastoma_2_table/obsm/X_pca",
                "tables/CytAssist_11mm_FFPE_Human_Glioblastoma_2_table/obsm/X_pca/.zarray",
                "tables/CytAssist_11mm_FFPE_Human_Glioblastoma_2_table/obsm/X_pca/.zattrs",
                "tables/CytAssist_11mm_FFPE_Human_Glioblastoma_2_table/obsm/X_pca/0",
                "tables/CytAssist_11mm_FFPE_Human_Glioblastoma_2_table/obsm/X_pca/0/0",
                "tables/CytAssist_11mm_FFPE_Human_Glioblastoma_2_table/obsm/X_pca/0/1",
                "tables/CytAssist_11mm_FFPE_Human_Glioblastoma_2_table/obsm/X_pca/1",
                "tables/CytAssist_11mm_FFPE_Human_Glioblastoma_2_table/obsm/X_pca/1/0",
                "tables/CytAssist_11mm_FFPE_Human_Glioblastoma_2_table/obsm/X_pca/1/1",
                "tables/CytAssist_11mm_FFPE_Human_Glioblastoma_2_table/obsm/X_pca/2",
                "tables/CytAssist_11mm_FFPE_Human_Glioblastoma_2_table/obsm/X_pca/2/0",
                "tables/CytAssist_11mm_FFPE_Human_Glioblastoma_2_table/obsm/X_pca/2/1",
                "tables/CytAssist_11mm_FFPE_Human_Glioblastoma_2_table/obsm/X_pca/3",
                "tables/CytAssist_11mm_FFPE_Human_Glioblastoma_2_table/obsm/X_pca/3/0",
                "tables/CytAssist_11mm_FFPE_Human_Glioblastoma_2_table/obsm/X_pca/3/1",
                "tables/CytAssist_11mm_FFPE_Human_Glioblastoma_2_table/obsm/spatial",
                "tables/CytAssist_11mm_FFPE_Human_Glioblastoma_2_table/obsm/spatial/.zarray",
                "tables/CytAssist_11mm_FFPE_Human_Glioblastoma_2_table/obsm/spatial/.zattrs",
                "tables/CytAssist_11mm_FFPE_Human_Glioblastoma_2_table/obsm/spatial/0",
                "tables/CytAssist_11mm_FFPE_Human_Glioblastoma_2_table/obsm/spatial/0/0",
                "tables/CytAssist_11mm_FFPE_Human_Glioblastoma_2_table/obsp",
                "tables/CytAssist_11mm_FFPE_Human_Glioblastoma_2_table/obsp/.zattrs",
                "tables/CytAssist_11mm_FFPE_Human_Glioblastoma_2_table/obsp/.zgroup",
                "tables/CytAssist_11mm_FFPE_Human_Glioblastoma_2_table/raw",
                "tables/CytAssist_11mm_FFPE_Human_Glioblastoma_2_table/raw/.zarray",
                "tables/CytAssist_11mm_FFPE_Human_Glioblastoma_2_table/raw/.zattrs",
                "tables/CytAssist_11mm_FFPE_Human_Glioblastoma_2_table/raw/0",
                "tables/CytAssist_11mm_FFPE_Human_Glioblastoma_2_table/uns",
                "tables/CytAssist_11mm_FFPE_Human_Glioblastoma_2_table/uns/.zattrs",
                "tables/CytAssist_11mm_FFPE_Human_Glioblastoma_2_table/uns/.zgroup",
                "tables/CytAssist_11mm_FFPE_Human_Glioblastoma_2_table/uns/spatial",
                "tables/CytAssist_11mm_FFPE_Human_Glioblastoma_2_table/uns/spatial/.zattrs",
                "tables/CytAssist_11mm_FFPE_Human_Glioblastoma_2_table/uns/spatial/.zgroup",
                "tables/CytAssist_11mm_FFPE_Human_Glioblastoma_2_table/uns/spatial/CytAssist_11mm_FFPE_Human_Glioblastoma_2",
                "tables/CytAssist_11mm_FFPE_Human_Glioblastoma_2_table/uns/spatial/CytAssist_11mm_FFPE_Human_Glioblastoma_2/.zattrs",
                "tables/CytAssist_11mm_FFPE_Human_Glioblastoma_2_table/uns/spatial/CytAssist_11mm_FFPE_Human_Glioblastoma_2/.zgroup",
                "tables/CytAssist_11mm_FFPE_Human_Glioblastoma_2_table/uns/spatial/CytAssist_11mm_FFPE_Human_Glioblastoma_2/metadata",
                "tables/CytAssist_11mm_FFPE_Human_Glioblastoma_2_table/uns/spatial/CytAssist_11mm_FFPE_Human_Glioblastoma_2/metadata/.zattrs",
                "tables/CytAssist_11mm_FFPE_Human_Glioblastoma_2_table/uns/spatial/CytAssist_11mm_FFPE_Human_Glioblastoma_2/metadata/.zgroup",
                "tables/CytAssist_11mm_FFPE_Human_Glioblastoma_2_table/uns/spatial/CytAssist_11mm_FFPE_Human_Glioblastoma_2/metadata/chemistry_description",
                "tables/CytAssist_11mm_FFPE_Human_Glioblastoma_2_table/uns/spatial/CytAssist_11mm_FFPE_Human_Glioblastoma_2/metadata/chemistry_description/.zarray",
                "tables/CytAssist_11mm_FFPE_Human_Glioblastoma_2_table/uns/spatial/CytAssist_11mm_FFPE_Human_Glioblastoma_2/metadata/chemistry_description/.zattrs",
                "tables/CytAssist_11mm_FFPE_Human_Glioblastoma_2_table/uns/spatial/CytAssist_11mm_FFPE_Human_Glioblastoma_2/metadata/chemistry_description/0",
                "tables/CytAssist_11mm_FFPE_Human_Glioblastoma_2_table/uns/spatial/CytAssist_11mm_FFPE_Human_Glioblastoma_2/metadata/software_version",
                "tables/CytAssist_11mm_FFPE_Human_Glioblastoma_2_table/uns/spatial/CytAssist_11mm_FFPE_Human_Glioblastoma_2/metadata/software_version/.zarray",
                "tables/CytAssist_11mm_FFPE_Human_Glioblastoma_2_table/uns/spatial/CytAssist_11mm_FFPE_Human_Glioblastoma_2/metadata/software_version/.zattrs",
                "tables/CytAssist_11mm_FFPE_Human_Glioblastoma_2_table/uns/spatial/CytAssist_11mm_FFPE_Human_Glioblastoma_2/metadata/software_version/0",
                "tables/CytAssist_11mm_FFPE_Human_Glioblastoma_2_table/uns/spatialdata_attrs",
                "tables/CytAssist_11mm_FFPE_Human_Glioblastoma_2_table/uns/spatialdata_attrs/.zattrs",
                "tables/CytAssist_11mm_FFPE_Human_Glioblastoma_2_table/uns/spatialdata_attrs/.zgroup",
                "tables/CytAssist_11mm_FFPE_Human_Glioblastoma_2_table/uns/spatialdata_attrs/instance_key",
                "tables/CytAssist_11mm_FFPE_Human_Glioblastoma_2_table/uns/spatialdata_attrs/instance_key/.zarray",
                "tables/CytAssist_11mm_FFPE_Human_Glioblastoma_2_table/uns/spatialdata_attrs/instance_key/.zattrs",
                "tables/CytAssist_11mm_FFPE_Human_Glioblastoma_2_table/uns/spatialdata_attrs/instance_key/0",
                "tables/CytAssist_11mm_FFPE_Human_Glioblastoma_2_table/uns/spatialdata_attrs/region",
                "tables/CytAssist_11mm_FFPE_Human_Glioblastoma_2_table/uns/spatialdata_attrs/region/.zarray",
                "tables/CytAssist_11mm_FFPE_Human_Glioblastoma_2_table/uns/spatialdata_attrs/region/.zattrs",
                "tables/CytAssist_11mm_FFPE_Human_Glioblastoma_2_table/uns/spatialdata_attrs/region/0",
                "tables/CytAssist_11mm_FFPE_Human_Glioblastoma_2_table/uns/spatialdata_attrs/region_key",
                "tables/CytAssist_11mm_FFPE_Human_Glioblastoma_2_table/uns/spatialdata_attrs/region_key/.zarray",
                "tables/CytAssist_11mm_FFPE_Human_Glioblastoma_2_table/uns/spatialdata_attrs/region_key/.zattrs",
                "tables/CytAssist_11mm_FFPE_Human_Glioblastoma_2_table/uns/spatialdata_attrs/region_key/0",
                "tables/CytAssist_11mm_FFPE_Human_Glioblastoma_2_table/var",
                "tables/CytAssist_11mm_FFPE_Human_Glioblastoma_2_table/var/.zattrs",
                "tables/CytAssist_11mm_FFPE_Human_Glioblastoma_2_table/var/.zgroup",
                "tables/CytAssist_11mm_FFPE_Human_Glioblastoma_2_table/var/_index",
                "tables/CytAssist_11mm_FFPE_Human_Glioblastoma_2_table/var/_index/.zarray",
                "tables/CytAssist_11mm_FFPE_Human_Glioblastoma_2_table/var/_index/.zattrs",
                "tables/CytAssist_11mm_FFPE_Human_Glioblastoma_2_table/var/_index/0",
                "tables/CytAssist_11mm_FFPE_Human_Glioblastoma_2_table/var/feature_types",
                "tables/CytAssist_11mm_FFPE_Human_Glioblastoma_2_table/var/feature_types/.zarray",
                "tables/CytAssist_11mm_FFPE_Human_Glioblastoma_2_table/var/feature_types/.zattrs",
                "tables/CytAssist_11mm_FFPE_Human_Glioblastoma_2_table/var/feature_types/0",
                "tables/CytAssist_11mm_FFPE_Human_Glioblastoma_2_table/var/gene_ids",
                "tables/CytAssist_11mm_FFPE_Human_Glioblastoma_2_table/var/gene_ids/.zarray",
                "tables/CytAssist_11mm_FFPE_Human_Glioblastoma_2_table/var/gene_ids/.zattrs",
                "tables/CytAssist_11mm_FFPE_Human_Glioblastoma_2_table/var/gene_ids/0",
                "tables/CytAssist_11mm_FFPE_Human_Glioblastoma_2_table/var/genome",
                "tables/CytAssist_11mm_FFPE_Human_Glioblastoma_2_table/var/genome/.zarray",
                "tables/CytAssist_11mm_FFPE_Human_Glioblastoma_2_table/var/genome/.zattrs",
                "tables/CytAssist_11mm_FFPE_Human_Glioblastoma_2_table/var/genome/0",
                "tables/CytAssist_11mm_FFPE_Human_Glioblastoma_2_table/varm",
                "tables/CytAssist_11mm_FFPE_Human_Glioblastoma_2_table/varm/.zattrs",
                "tables/CytAssist_11mm_FFPE_Human_Glioblastoma_2_table/varm/.zgroup",
                "tables/CytAssist_11mm_FFPE_Human_Glioblastoma_2_table/varp",
                "tables/CytAssist_11mm_FFPE_Human_Glioblastoma_2_table/varp/.zattrs",
                "tables/CytAssist_11mm_FFPE_Human_Glioblastoma_2_table/varp/.zgroup",
                "zmetadata"
            ]
        ],
        "timestamp": "2026-04-01T21:10:21.025954",
        "meta": {
            "nf-test": "0.9.5",
            "nextflow": "25.10.4"
        }
    },
    "homo_sapiens - zarr - stub": {
        "content": [
            {
                "0": [
                    [
                        {
                            "id": "CytAssist_11mm_FFPE_Human_Glioblastoma_2"
                        },
                        [
                            ".zgroup:md5,d41d8cd98f00b204e9800998ecf8427e"
                        ]
                    ]
                ],
                "1": [
                    "versions.yml:md5,d41d8cd98f00b204e9800998ecf8427e"
                ],
                "sdata": [
                    [
                        {
                            "id": "CytAssist_11mm_FFPE_Human_Glioblastoma_2"
                        },
                        [
                            ".zgroup:md5,d41d8cd98f00b204e9800998ecf8427e"
                        ]
                    ]
                ],
                "versions": [
                    "versions.yml:md5,d41d8cd98f00b204e9800998ecf8427e"
                ]
            }
        ],
        "timestamp": "2026-04-01T21:10:40.697045",
        "meta": {
            "nf-test": "0.9.5",
            "nextflow": "25.10.4"
        }
    }
}