{
    "Space Ranger FFPE v2 CytAssist - skip downstream": {
        "content": [
            7,
            {
                "FASTQC": {
                    "fastqc": "0.12.1"
                },
                "SDATA_MERGE": {
                    "python": "3.12.12",
                    "spatialdata": "0.5.0"
                },
                "SDATA_READ_VISIUM": {
                    "python": "3.12.12",
                    "spatialdata": "0.5.0",
                    "spatialdata-io": "0.2.0"
                },
                "SPACERANGER_COUNT": {
                    "spaceranger": "4.0.1"
                },
                "SPACERANGER_UNTAR_REFERENCE": {
                    "untar": 1.34
                },
                "UNTAR_SPACERANGER_INPUT": {
                    "untar": 1.34
                },
                "Workflow": {
                    "nf-core/spatialvi": "v1.0dev"
                }
            },
            [
                "CytAssist_11mm_FFPE_Human_Glioblastoma_2",
                "CytAssist_11mm_FFPE_Human_Glioblastoma_2/fastqc",
                "CytAssist_11mm_FFPE_Human_Glioblastoma_2/fastqc/CytAssist_11mm_FFPE_Human_Glioblastoma_2_1_fastqc.html",
                "CytAssist_11mm_FFPE_Human_Glioblastoma_2/fastqc/CytAssist_11mm_FFPE_Human_Glioblastoma_2_1_fastqc.zip",
                "CytAssist_11mm_FFPE_Human_Glioblastoma_2/fastqc/CytAssist_11mm_FFPE_Human_Glioblastoma_2_2_fastqc.html",
                "CytAssist_11mm_FFPE_Human_Glioblastoma_2/fastqc/CytAssist_11mm_FFPE_Human_Glioblastoma_2_2_fastqc.zip",
                "CytAssist_11mm_FFPE_Human_Glioblastoma_2/fastqc/CytAssist_11mm_FFPE_Human_Glioblastoma_2_3_fastqc.html",
                "CytAssist_11mm_FFPE_Human_Glioblastoma_2/fastqc/CytAssist_11mm_FFPE_Human_Glioblastoma_2_3_fastqc.zip",
                "CytAssist_11mm_FFPE_Human_Glioblastoma_2/fastqc/CytAssist_11mm_FFPE_Human_Glioblastoma_2_4_fastqc.html",
                "CytAssist_11mm_FFPE_Human_Glioblastoma_2/fastqc/CytAssist_11mm_FFPE_Human_Glioblastoma_2_4_fastqc.zip",
                "CytAssist_11mm_FFPE_Human_Glioblastoma_2/spaceranger",
                "CytAssist_11mm_FFPE_Human_Glioblastoma_2/spaceranger/outs",
                "CytAssist_11mm_FFPE_Human_Glioblastoma_2/spaceranger/outs/analysis",
                "CytAssist_11mm_FFPE_Human_Glioblastoma_2/spaceranger/outs/analysis/clustering",
                "CytAssist_11mm_FFPE_Human_Glioblastoma_2/spaceranger/outs/analysis/clustering/gene_expression_graphclust",
                "CytAssist_11mm_FFPE_Human_Glioblastoma_2/spaceranger/outs/analysis/clustering/gene_expression_graphclust/clusters.csv",
                "CytAssist_11mm_FFPE_Human_Glioblastoma_2/spaceranger/outs/analysis/clustering/gene_expression_kmeans_10_clusters",
                "CytAssist_11mm_FFPE_Human_Glioblastoma_2/spaceranger/outs/analysis/clustering/gene_expression_kmeans_10_clusters/clusters.csv",
                "CytAssist_11mm_FFPE_Human_Glioblastoma_2/spaceranger/outs/analysis/clustering/gene_expression_kmeans_2_clusters",
                "CytAssist_11mm_FFPE_Human_Glioblastoma_2/spaceranger/outs/analysis/clustering/gene_expression_kmeans_2_clusters/clusters.csv",
                "CytAssist_11mm_FFPE_Human_Glioblastoma_2/spaceranger/outs/analysis/clustering/gene_expression_kmeans_3_clusters",
                "CytAssist_11mm_FFPE_Human_Glioblastoma_2/spaceranger/outs/analysis/clustering/gene_expression_kmeans_3_clusters/clusters.csv",
                "CytAssist_11mm_FFPE_Human_Glioblastoma_2/spaceranger/outs/analysis/clustering/gene_expression_kmeans_4_clusters",
                "CytAssist_11mm_FFPE_Human_Glioblastoma_2/spaceranger/outs/analysis/clustering/gene_expression_kmeans_4_clusters/clusters.csv",
                "CytAssist_11mm_FFPE_Human_Glioblastoma_2/spaceranger/outs/analysis/clustering/gene_expression_kmeans_5_clusters",
                "CytAssist_11mm_FFPE_Human_Glioblastoma_2/spaceranger/outs/analysis/clustering/gene_expression_kmeans_5_clusters/clusters.csv",
                "CytAssist_11mm_FFPE_Human_Glioblastoma_2/spaceranger/outs/analysis/clustering/gene_expression_kmeans_6_clusters",
                "CytAssist_11mm_FFPE_Human_Glioblastoma_2/spaceranger/outs/analysis/clustering/gene_expression_kmeans_6_clusters/clusters.csv",
                "CytAssist_11mm_FFPE_Human_Glioblastoma_2/spaceranger/outs/analysis/clustering/gene_expression_kmeans_7_clusters",
                "CytAssist_11mm_FFPE_Human_Glioblastoma_2/spaceranger/outs/analysis/clustering/gene_expression_kmeans_7_clusters/clusters.csv",
                "CytAssist_11mm_FFPE_Human_Glioblastoma_2/spaceranger/outs/analysis/clustering/gene_expression_kmeans_8_clusters",
                "CytAssist_11mm_FFPE_Human_Glioblastoma_2/spaceranger/outs/analysis/clustering/gene_expression_kmeans_8_clusters/clusters.csv",
                "CytAssist_11mm_FFPE_Human_Glioblastoma_2/spaceranger/outs/analysis/clustering/gene_expression_kmeans_9_clusters",
                "CytAssist_11mm_FFPE_Human_Glioblastoma_2/spaceranger/outs/analysis/clustering/gene_expression_kmeans_9_clusters/clusters.csv",
                "CytAssist_11mm_FFPE_Human_Glioblastoma_2/spaceranger/outs/analysis/diffexp",
                "CytAssist_11mm_FFPE_Human_Glioblastoma_2/spaceranger/outs/analysis/diffexp/gene_expression_graphclust",
                "CytAssist_11mm_FFPE_Human_Glioblastoma_2/spaceranger/outs/analysis/diffexp/gene_expression_graphclust/differential_expression.csv",
                "CytAssist_11mm_FFPE_Human_Glioblastoma_2/spaceranger/outs/analysis/diffexp/gene_expression_kmeans_10_clusters",
                "CytAssist_11mm_FFPE_Human_Glioblastoma_2/spaceranger/outs/analysis/diffexp/gene_expression_kmeans_10_clusters/differential_expression.csv",
                "CytAssist_11mm_FFPE_Human_Glioblastoma_2/spaceranger/outs/analysis/diffexp/gene_expression_kmeans_2_clusters",
                "CytAssist_11mm_FFPE_Human_Glioblastoma_2/spaceranger/outs/analysis/diffexp/gene_expression_kmeans_2_clusters/differential_expression.csv",
                "CytAssist_11mm_FFPE_Human_Glioblastoma_2/spaceranger/outs/analysis/diffexp/gene_expression_kmeans_3_clusters",
                "CytAssist_11mm_FFPE_Human_Glioblastoma_2/spaceranger/outs/analysis/diffexp/gene_expression_kmeans_3_clusters/differential_expression.csv",
                "CytAssist_11mm_FFPE_Human_Glioblastoma_2/spaceranger/outs/analysis/diffexp/gene_expression_kmeans_4_clusters",
                "CytAssist_11mm_FFPE_Human_Glioblastoma_2/spaceranger/outs/analysis/diffexp/gene_expression_kmeans_4_clusters/differential_expression.csv",
                "CytAssist_11mm_FFPE_Human_Glioblastoma_2/spaceranger/outs/analysis/diffexp/gene_expression_kmeans_5_clusters",
                "CytAssist_11mm_FFPE_Human_Glioblastoma_2/spaceranger/outs/analysis/diffexp/gene_expression_kmeans_5_clusters/differential_expression.csv",
                "CytAssist_11mm_FFPE_Human_Glioblastoma_2/spaceranger/outs/analysis/diffexp/gene_expression_kmeans_6_clusters",
                "CytAssist_11mm_FFPE_Human_Glioblastoma_2/spaceranger/outs/analysis/diffexp/gene_expression_kmeans_6_clusters/differential_expression.csv",
                "CytAssist_11mm_FFPE_Human_Glioblastoma_2/spaceranger/outs/analysis/diffexp/gene_expression_kmeans_7_clusters",
                "CytAssist_11mm_FFPE_Human_Glioblastoma_2/spaceranger/outs/analysis/diffexp/gene_expression_kmeans_7_clusters/differential_expression.csv",
                "CytAssist_11mm_FFPE_Human_Glioblastoma_2/spaceranger/outs/analysis/diffexp/gene_expression_kmeans_8_clusters",
                "CytAssist_11mm_FFPE_Human_Glioblastoma_2/spaceranger/outs/analysis/diffexp/gene_expression_kmeans_8_clusters/differential_expression.csv",
                "CytAssist_11mm_FFPE_Human_Glioblastoma_2/spaceranger/outs/analysis/diffexp/gene_expression_kmeans_9_clusters",
                "CytAssist_11mm_FFPE_Human_Glioblastoma_2/spaceranger/outs/analysis/diffexp/gene_expression_kmeans_9_clusters/differential_expression.csv",
                "CytAssist_11mm_FFPE_Human_Glioblastoma_2/spaceranger/outs/analysis/pca",
                "CytAssist_11mm_FFPE_Human_Glioblastoma_2/spaceranger/outs/analysis/pca/gene_expression_10_components",
                "CytAssist_11mm_FFPE_Human_Glioblastoma_2/spaceranger/outs/analysis/pca/gene_expression_10_components/components.csv",
                "CytAssist_11mm_FFPE_Human_Glioblastoma_2/spaceranger/outs/analysis/pca/gene_expression_10_components/dispersion.csv",
                "CytAssist_11mm_FFPE_Human_Glioblastoma_2/spaceranger/outs/analysis/pca/gene_expression_10_components/features_selected.csv",
                "CytAssist_11mm_FFPE_Human_Glioblastoma_2/spaceranger/outs/analysis/pca/gene_expression_10_components/projection.csv",
                "CytAssist_11mm_FFPE_Human_Glioblastoma_2/spaceranger/outs/analysis/pca/gene_expression_10_components/variance.csv",
                "CytAssist_11mm_FFPE_Human_Glioblastoma_2/spaceranger/outs/analysis/tsne",
                "CytAssist_11mm_FFPE_Human_Glioblastoma_2/spaceranger/outs/analysis/tsne/gene_expression_2_components",
                "CytAssist_11mm_FFPE_Human_Glioblastoma_2/spaceranger/outs/analysis/tsne/gene_expression_2_components/projection.csv",
                "CytAssist_11mm_FFPE_Human_Glioblastoma_2/spaceranger/outs/analysis/umap",
                "CytAssist_11mm_FFPE_Human_Glioblastoma_2/spaceranger/outs/analysis/umap/gene_expression_2_components",
                "CytAssist_11mm_FFPE_Human_Glioblastoma_2/spaceranger/outs/analysis/umap/gene_expression_2_components/projection.csv",
                "CytAssist_11mm_FFPE_Human_Glioblastoma_2/spaceranger/outs/cloupe.cloupe",
                "CytAssist_11mm_FFPE_Human_Glioblastoma_2/spaceranger/outs/filtered_feature_bc_matrix",
                "CytAssist_11mm_FFPE_Human_Glioblastoma_2/spaceranger/outs/filtered_feature_bc_matrix.h5",
                "CytAssist_11mm_FFPE_Human_Glioblastoma_2/spaceranger/outs/filtered_feature_bc_matrix/barcodes.tsv.gz",
                "CytAssist_11mm_FFPE_Human_Glioblastoma_2/spaceranger/outs/filtered_feature_bc_matrix/features.tsv.gz",
                "CytAssist_11mm_FFPE_Human_Glioblastoma_2/spaceranger/outs/filtered_feature_bc_matrix/matrix.mtx.gz",
                "CytAssist_11mm_FFPE_Human_Glioblastoma_2/spaceranger/outs/metrics_summary.csv",
                "CytAssist_11mm_FFPE_Human_Glioblastoma_2/spaceranger/outs/molecule_info.h5",
                "CytAssist_11mm_FFPE_Human_Glioblastoma_2/spaceranger/outs/probe_set.csv",
                "CytAssist_11mm_FFPE_Human_Glioblastoma_2/spaceranger/outs/raw_feature_bc_matrix",
                "CytAssist_11mm_FFPE_Human_Glioblastoma_2/spaceranger/outs/raw_feature_bc_matrix.h5",
                "CytAssist_11mm_FFPE_Human_Glioblastoma_2/spaceranger/outs/raw_feature_bc_matrix/barcodes.tsv.gz",
                "CytAssist_11mm_FFPE_Human_Glioblastoma_2/spaceranger/outs/raw_feature_bc_matrix/features.tsv.gz",
                "CytAssist_11mm_FFPE_Human_Glioblastoma_2/spaceranger/outs/raw_feature_bc_matrix/matrix.mtx.gz",
                "CytAssist_11mm_FFPE_Human_Glioblastoma_2/spaceranger/outs/raw_probe_bc_matrix.h5",
                "CytAssist_11mm_FFPE_Human_Glioblastoma_2/spaceranger/outs/spatial",
                "CytAssist_11mm_FFPE_Human_Glioblastoma_2/spaceranger/outs/spatial/aligned_fiducials.jpg",
                "CytAssist_11mm_FFPE_Human_Glioblastoma_2/spaceranger/outs/spatial/cytassist_image.tiff",
                "CytAssist_11mm_FFPE_Human_Glioblastoma_2/spaceranger/outs/spatial/detected_tissue_image.jpg",
                "CytAssist_11mm_FFPE_Human_Glioblastoma_2/spaceranger/outs/spatial/scalefactors_json.json",
                "CytAssist_11mm_FFPE_Human_Glioblastoma_2/spaceranger/outs/spatial/spatial_enrichment.csv",
                "CytAssist_11mm_FFPE_Human_Glioblastoma_2/spaceranger/outs/spatial/tissue_hires_image.png",
                "CytAssist_11mm_FFPE_Human_Glioblastoma_2/spaceranger/outs/spatial/tissue_lowres_image.png",
                "CytAssist_11mm_FFPE_Human_Glioblastoma_2/spaceranger/outs/spatial/tissue_positions.csv",
                "CytAssist_11mm_FFPE_Human_Glioblastoma_2/spaceranger/outs/web_summary.html",
                "integration",
                "integration/data",
                "integration/data/merged.zarr",
                "multiqc",
                "multiqc/multiqc_data",
                "multiqc/multiqc_data/BETA-multiqc.parquet",
                "multiqc/multiqc_data/fastqc-status-check-heatmap.txt",
                "multiqc/multiqc_data/fastqc_adapter_content_plot.txt",
                "multiqc/multiqc_data/fastqc_overrepresented_sequences_plot.txt",
                "multiqc/multiqc_data/fastqc_per_base_n_content_plot.txt",
                "multiqc/multiqc_data/fastqc_per_base_sequence_quality_plot.txt",
                "multiqc/multiqc_data/fastqc_per_sequence_gc_content_plot_Counts.txt",
                "multiqc/multiqc_data/fastqc_per_sequence_gc_content_plot_Percentages.txt",
                "multiqc/multiqc_data/fastqc_per_sequence_quality_scores_plot.txt",
                "multiqc/multiqc_data/fastqc_sequence_counts_plot.txt",
                "multiqc/multiqc_data/fastqc_sequence_duplication_levels_plot.txt",
                "multiqc/multiqc_data/fastqc_top_overrepresented_sequences_table.txt",
                "multiqc/multiqc_data/mqc_spaceranger_count_genesXspot.txt",
                "multiqc/multiqc_data/mqc_spaceranger_count_genomic_dna.txt",
                "multiqc/multiqc_data/mqc_spaceranger_count_saturation.txt",
                "multiqc/multiqc_data/multiqc.log",
                "multiqc/multiqc_data/multiqc_citations.txt",
                "multiqc/multiqc_data/multiqc_data.json",
                "multiqc/multiqc_data/multiqc_fastqc.txt",
                "multiqc/multiqc_data/multiqc_general_stats.txt",
                "multiqc/multiqc_data/multiqc_software_versions.txt",
                "multiqc/multiqc_data/multiqc_sources.txt",
                "multiqc/multiqc_data/multiqc_spaceranger_count.txt",
                "multiqc/multiqc_data/spaceranger-count-stats.txt",
                "multiqc/multiqc_plots",
                "multiqc/multiqc_plots/pdf",
                "multiqc/multiqc_plots/pdf/fastqc-status-check-heatmap.pdf",
                "multiqc/multiqc_plots/pdf/fastqc_adapter_content_plot.pdf",
                "multiqc/multiqc_plots/pdf/fastqc_overrepresented_sequences_plot.pdf",
                "multiqc/multiqc_plots/pdf/fastqc_per_base_n_content_plot.pdf",
                "multiqc/multiqc_plots/pdf/fastqc_per_base_sequence_quality_plot.pdf",
                "multiqc/multiqc_plots/pdf/fastqc_per_sequence_gc_content_plot_Counts.pdf",
                "multiqc/multiqc_plots/pdf/fastqc_per_sequence_gc_content_plot_Percentages.pdf",
                "multiqc/multiqc_plots/pdf/fastqc_per_sequence_quality_scores_plot.pdf",
                "multiqc/multiqc_plots/pdf/fastqc_sequence_counts_plot-cnt.pdf",
                "multiqc/multiqc_plots/pdf/fastqc_sequence_counts_plot-pct.pdf",
                "multiqc/multiqc_plots/pdf/fastqc_sequence_duplication_levels_plot.pdf",
                "multiqc/multiqc_plots/pdf/fastqc_top_overrepresented_sequences_table.pdf",
                "multiqc/multiqc_plots/pdf/mqc_spaceranger_count_genesXspot.pdf",
                "multiqc/multiqc_plots/pdf/mqc_spaceranger_count_genomic_dna.pdf",
                "multiqc/multiqc_plots/pdf/mqc_spaceranger_count_saturation.pdf",
                "multiqc/multiqc_plots/pdf/spaceranger-count-stats.pdf",
                "multiqc/multiqc_plots/png",
                "multiqc/multiqc_plots/png/fastqc-status-check-heatmap.png",
                "multiqc/multiqc_plots/png/fastqc_adapter_content_plot.png",
                "multiqc/multiqc_plots/png/fastqc_overrepresented_sequences_plot.png",
                "multiqc/multiqc_plots/png/fastqc_per_base_n_content_plot.png",
                "multiqc/multiqc_plots/png/fastqc_per_base_sequence_quality_plot.png",
                "multiqc/multiqc_plots/png/fastqc_per_sequence_gc_content_plot_Counts.png",
                "multiqc/multiqc_plots/png/fastqc_per_sequence_gc_content_plot_Percentages.png",
                "multiqc/multiqc_plots/png/fastqc_per_sequence_quality_scores_plot.png",
                "multiqc/multiqc_plots/png/fastqc_sequence_counts_plot-cnt.png",
                "multiqc/multiqc_plots/png/fastqc_sequence_counts_plot-pct.png",
                "multiqc/multiqc_plots/png/fastqc_sequence_duplication_levels_plot.png",
                "multiqc/multiqc_plots/png/fastqc_top_overrepresented_sequences_table.png",
                "multiqc/multiqc_plots/png/mqc_spaceranger_count_genesXspot.png",
                "multiqc/multiqc_plots/png/mqc_spaceranger_count_genomic_dna.png",
                "multiqc/multiqc_plots/png/mqc_spaceranger_count_saturation.png",
                "multiqc/multiqc_plots/png/spaceranger-count-stats.png",
                "multiqc/multiqc_plots/svg",
                "multiqc/multiqc_plots/svg/fastqc-status-check-heatmap.svg",
                "multiqc/multiqc_plots/svg/fastqc_adapter_content_plot.svg",
                "multiqc/multiqc_plots/svg/fastqc_overrepresented_sequences_plot.svg",
                "multiqc/multiqc_plots/svg/fastqc_per_base_n_content_plot.svg",
                "multiqc/multiqc_plots/svg/fastqc_per_base_sequence_quality_plot.svg",
                "multiqc/multiqc_plots/svg/fastqc_per_sequence_gc_content_plot_Counts.svg",
                "multiqc/multiqc_plots/svg/fastqc_per_sequence_gc_content_plot_Percentages.svg",
                "multiqc/multiqc_plots/svg/fastqc_per_sequence_quality_scores_plot.svg",
                "multiqc/multiqc_plots/svg/fastqc_sequence_counts_plot-cnt.svg",
                "multiqc/multiqc_plots/svg/fastqc_sequence_counts_plot-pct.svg",
                "multiqc/multiqc_plots/svg/fastqc_sequence_duplication_levels_plot.svg",
                "multiqc/multiqc_plots/svg/fastqc_top_overrepresented_sequences_table.svg",
                "multiqc/multiqc_plots/svg/mqc_spaceranger_count_genesXspot.svg",
                "multiqc/multiqc_plots/svg/mqc_spaceranger_count_genomic_dna.svg",
                "multiqc/multiqc_plots/svg/mqc_spaceranger_count_saturation.svg",
                "multiqc/multiqc_plots/svg/spaceranger-count-stats.svg",
                "multiqc/multiqc_report.html",
                "pipeline_info",
                "pipeline_info/nf_core_spatialvi_software_mqc_versions.yml"
            ],
            [
                "integration/data/merged.zarr/.zattrs",
                "integration/data/merged.zarr/.zgroup",
                "integration/data/merged.zarr/images",
                "integration/data/merged.zarr/images/.zgroup",
                "integration/data/merged.zarr/images/CytAssist_11mm_FFPE_Human_Glioblastoma_2_hires_image",
                "integration/data/merged.zarr/images/CytAssist_11mm_FFPE_Human_Glioblastoma_2_hires_image/.zattrs",
                "integration/data/merged.zarr/images/CytAssist_11mm_FFPE_Human_Glioblastoma_2_hires_image/.zgroup",
                "integration/data/merged.zarr/images/CytAssist_11mm_FFPE_Human_Glioblastoma_2_hires_image/0",
                "integration/data/merged.zarr/images/CytAssist_11mm_FFPE_Human_Glioblastoma_2_hires_image/0/.zarray",
                "integration/data/merged.zarr/images/CytAssist_11mm_FFPE_Human_Glioblastoma_2_hires_image/0/0",
                "integration/data/merged.zarr/images/CytAssist_11mm_FFPE_Human_Glioblastoma_2_hires_image/0/0/0",
                "integration/data/merged.zarr/images/CytAssist_11mm_FFPE_Human_Glioblastoma_2_hires_image/0/0/0/0",
                "integration/data/merged.zarr/images/CytAssist_11mm_FFPE_Human_Glioblastoma_2_lowres_image",
                "integration/data/merged.zarr/images/CytAssist_11mm_FFPE_Human_Glioblastoma_2_lowres_image/.zattrs",
                "integration/data/merged.zarr/images/CytAssist_11mm_FFPE_Human_Glioblastoma_2_lowres_image/.zgroup",
                "integration/data/merged.zarr/images/CytAssist_11mm_FFPE_Human_Glioblastoma_2_lowres_image/0",
                "integration/data/merged.zarr/images/CytAssist_11mm_FFPE_Human_Glioblastoma_2_lowres_image/0/.zarray",
                "integration/data/merged.zarr/images/CytAssist_11mm_FFPE_Human_Glioblastoma_2_lowres_image/0/0",
                "integration/data/merged.zarr/images/CytAssist_11mm_FFPE_Human_Glioblastoma_2_lowres_image/0/0/0",
                "integration/data/merged.zarr/images/CytAssist_11mm_FFPE_Human_Glioblastoma_2_lowres_image/0/0/0/0",
                "integration/data/merged.zarr/shapes",
                "integration/data/merged.zarr/shapes/.zgroup",
                "integration/data/merged.zarr/shapes/CytAssist_11mm_FFPE_Human_Glioblastoma_2",
                "integration/data/merged.zarr/shapes/CytAssist_11mm_FFPE_Human_Glioblastoma_2/.zattrs",
                "integration/data/merged.zarr/shapes/CytAssist_11mm_FFPE_Human_Glioblastoma_2/.zgroup",
                "integration/data/merged.zarr/shapes/CytAssist_11mm_FFPE_Human_Glioblastoma_2/shapes.parquet",
                "integration/data/merged.zarr/tables",
                "integration/data/merged.zarr/tables/.zgroup",
                "integration/data/merged.zarr/tables/CytAssist_11mm_FFPE_Human_Glioblastoma_2_table",
                "integration/data/merged.zarr/tables/CytAssist_11mm_FFPE_Human_Glioblastoma_2_table/.zattrs",
                "integration/data/merged.zarr/tables/CytAssist_11mm_FFPE_Human_Glioblastoma_2_table/.zgroup",
                "integration/data/merged.zarr/tables/CytAssist_11mm_FFPE_Human_Glioblastoma_2_table/X",
                "integration/data/merged.zarr/tables/CytAssist_11mm_FFPE_Human_Glioblastoma_2_table/X/.zattrs",
                "integration/data/merged.zarr/tables/CytAssist_11mm_FFPE_Human_Glioblastoma_2_table/X/.zgroup",
                "integration/data/merged.zarr/tables/CytAssist_11mm_FFPE_Human_Glioblastoma_2_table/X/data",
                "integration/data/merged.zarr/tables/CytAssist_11mm_FFPE_Human_Glioblastoma_2_table/X/data/.zarray",
                "integration/data/merged.zarr/tables/CytAssist_11mm_FFPE_Human_Glioblastoma_2_table/X/data/0",
                "integration/data/merged.zarr/tables/CytAssist_11mm_FFPE_Human_Glioblastoma_2_table/X/indices",
                "integration/data/merged.zarr/tables/CytAssist_11mm_FFPE_Human_Glioblastoma_2_table/X/indices/.zarray",
                "integration/data/merged.zarr/tables/CytAssist_11mm_FFPE_Human_Glioblastoma_2_table/X/indices/0",
                "integration/data/merged.zarr/tables/CytAssist_11mm_FFPE_Human_Glioblastoma_2_table/X/indptr",
                "integration/data/merged.zarr/tables/CytAssist_11mm_FFPE_Human_Glioblastoma_2_table/X/indptr/.zarray",
                "integration/data/merged.zarr/tables/CytAssist_11mm_FFPE_Human_Glioblastoma_2_table/X/indptr/0",
                "integration/data/merged.zarr/tables/CytAssist_11mm_FFPE_Human_Glioblastoma_2_table/layers",
                "integration/data/merged.zarr/tables/CytAssist_11mm_FFPE_Human_Glioblastoma_2_table/layers/.zattrs",
                "integration/data/merged.zarr/tables/CytAssist_11mm_FFPE_Human_Glioblastoma_2_table/layers/.zgroup",
                "integration/data/merged.zarr/tables/CytAssist_11mm_FFPE_Human_Glioblastoma_2_table/obs",
                "integration/data/merged.zarr/tables/CytAssist_11mm_FFPE_Human_Glioblastoma_2_table/obs/.zattrs",
                "integration/data/merged.zarr/tables/CytAssist_11mm_FFPE_Human_Glioblastoma_2_table/obs/.zgroup",
                "integration/data/merged.zarr/tables/CytAssist_11mm_FFPE_Human_Glioblastoma_2_table/obs/_index",
                "integration/data/merged.zarr/tables/CytAssist_11mm_FFPE_Human_Glioblastoma_2_table/obs/_index/.zarray",
                "integration/data/merged.zarr/tables/CytAssist_11mm_FFPE_Human_Glioblastoma_2_table/obs/_index/.zattrs",
                "integration/data/merged.zarr/tables/CytAssist_11mm_FFPE_Human_Glioblastoma_2_table/obs/_index/0",
                "integration/data/merged.zarr/tables/CytAssist_11mm_FFPE_Human_Glioblastoma_2_table/obs/array_col",
                "integration/data/merged.zarr/tables/CytAssist_11mm_FFPE_Human_Glioblastoma_2_table/obs/array_col/.zarray",
                "integration/data/merged.zarr/tables/CytAssist_11mm_FFPE_Human_Glioblastoma_2_table/obs/array_col/.zattrs",
                "integration/data/merged.zarr/tables/CytAssist_11mm_FFPE_Human_Glioblastoma_2_table/obs/array_col/0",
                "integration/data/merged.zarr/tables/CytAssist_11mm_FFPE_Human_Glioblastoma_2_table/obs/array_row",
                "integration/data/merged.zarr/tables/CytAssist_11mm_FFPE_Human_Glioblastoma_2_table/obs/array_row/.zarray",
                "integration/data/merged.zarr/tables/CytAssist_11mm_FFPE_Human_Glioblastoma_2_table/obs/array_row/.zattrs",
                "integration/data/merged.zarr/tables/CytAssist_11mm_FFPE_Human_Glioblastoma_2_table/obs/array_row/0",
                "integration/data/merged.zarr/tables/CytAssist_11mm_FFPE_Human_Glioblastoma_2_table/obs/in_tissue",
                "integration/data/merged.zarr/tables/CytAssist_11mm_FFPE_Human_Glioblastoma_2_table/obs/in_tissue/.zarray",
                "integration/data/merged.zarr/tables/CytAssist_11mm_FFPE_Human_Glioblastoma_2_table/obs/in_tissue/.zattrs",
                "integration/data/merged.zarr/tables/CytAssist_11mm_FFPE_Human_Glioblastoma_2_table/obs/in_tissue/0",
                "integration/data/merged.zarr/tables/CytAssist_11mm_FFPE_Human_Glioblastoma_2_table/obs/region",
                "integration/data/merged.zarr/tables/CytAssist_11mm_FFPE_Human_Glioblastoma_2_table/obs/region/.zattrs",
                "integration/data/merged.zarr/tables/CytAssist_11mm_FFPE_Human_Glioblastoma_2_table/obs/region/.zgroup",
                "integration/data/merged.zarr/tables/CytAssist_11mm_FFPE_Human_Glioblastoma_2_table/obs/region/categories",
                "integration/data/merged.zarr/tables/CytAssist_11mm_FFPE_Human_Glioblastoma_2_table/obs/region/categories/.zarray",
                "integration/data/merged.zarr/tables/CytAssist_11mm_FFPE_Human_Glioblastoma_2_table/obs/region/categories/.zattrs",
                "integration/data/merged.zarr/tables/CytAssist_11mm_FFPE_Human_Glioblastoma_2_table/obs/region/categories/0",
                "integration/data/merged.zarr/tables/CytAssist_11mm_FFPE_Human_Glioblastoma_2_table/obs/region/codes",
                "integration/data/merged.zarr/tables/CytAssist_11mm_FFPE_Human_Glioblastoma_2_table/obs/region/codes/.zarray",
                "integration/data/merged.zarr/tables/CytAssist_11mm_FFPE_Human_Glioblastoma_2_table/obs/region/codes/.zattrs",
                "integration/data/merged.zarr/tables/CytAssist_11mm_FFPE_Human_Glioblastoma_2_table/obs/region/codes/0",
                "integration/data/merged.zarr/tables/CytAssist_11mm_FFPE_Human_Glioblastoma_2_table/obs/spot_id",
                "integration/data/merged.zarr/tables/CytAssist_11mm_FFPE_Human_Glioblastoma_2_table/obs/spot_id/.zarray",
                "integration/data/merged.zarr/tables/CytAssist_11mm_FFPE_Human_Glioblastoma_2_table/obs/spot_id/.zattrs",
                "integration/data/merged.zarr/tables/CytAssist_11mm_FFPE_Human_Glioblastoma_2_table/obs/spot_id/0",
                "integration/data/merged.zarr/tables/CytAssist_11mm_FFPE_Human_Glioblastoma_2_table/obsm",
                "integration/data/merged.zarr/tables/CytAssist_11mm_FFPE_Human_Glioblastoma_2_table/obsm/.zattrs",
                "integration/data/merged.zarr/tables/CytAssist_11mm_FFPE_Human_Glioblastoma_2_table/obsm/.zgroup",
                "integration/data/merged.zarr/tables/CytAssist_11mm_FFPE_Human_Glioblastoma_2_table/obsm/spatial",
                "integration/data/merged.zarr/tables/CytAssist_11mm_FFPE_Human_Glioblastoma_2_table/obsm/spatial/.zarray",
                "integration/data/merged.zarr/tables/CytAssist_11mm_FFPE_Human_Glioblastoma_2_table/obsm/spatial/.zattrs",
                "integration/data/merged.zarr/tables/CytAssist_11mm_FFPE_Human_Glioblastoma_2_table/obsm/spatial/0",
                "integration/data/merged.zarr/tables/CytAssist_11mm_FFPE_Human_Glioblastoma_2_table/obsm/spatial/0/0",
                "integration/data/merged.zarr/tables/CytAssist_11mm_FFPE_Human_Glioblastoma_2_table/obsp",
                "integration/data/merged.zarr/tables/CytAssist_11mm_FFPE_Human_Glioblastoma_2_table/obsp/.zattrs",
                "integration/data/merged.zarr/tables/CytAssist_11mm_FFPE_Human_Glioblastoma_2_table/obsp/.zgroup",
                "integration/data/merged.zarr/tables/CytAssist_11mm_FFPE_Human_Glioblastoma_2_table/raw",
                "integration/data/merged.zarr/tables/CytAssist_11mm_FFPE_Human_Glioblastoma_2_table/raw/.zarray",
                "integration/data/merged.zarr/tables/CytAssist_11mm_FFPE_Human_Glioblastoma_2_table/raw/.zattrs",
                "integration/data/merged.zarr/tables/CytAssist_11mm_FFPE_Human_Glioblastoma_2_table/raw/0",
                "integration/data/merged.zarr/tables/CytAssist_11mm_FFPE_Human_Glioblastoma_2_table/uns",
                "integration/data/merged.zarr/tables/CytAssist_11mm_FFPE_Human_Glioblastoma_2_table/uns/.zattrs",
                "integration/data/merged.zarr/tables/CytAssist_11mm_FFPE_Human_Glioblastoma_2_table/uns/.zgroup",
                "integration/data/merged.zarr/tables/CytAssist_11mm_FFPE_Human_Glioblastoma_2_table/uns/spatial",
                "integration/data/merged.zarr/tables/CytAssist_11mm_FFPE_Human_Glioblastoma_2_table/uns/spatial/.zattrs",
                "integration/data/merged.zarr/tables/CytAssist_11mm_FFPE_Human_Glioblastoma_2_table/uns/spatial/.zgroup",
                "integration/data/merged.zarr/tables/CytAssist_11mm_FFPE_Human_Glioblastoma_2_table/uns/spatial/CytAssist_11mm_FFPE_Human_Glioblastoma_2",
                "integration/data/merged.zarr/tables/CytAssist_11mm_FFPE_Human_Glioblastoma_2_table/uns/spatial/CytAssist_11mm_FFPE_Human_Glioblastoma_2/.zattrs",
                "integration/data/merged.zarr/tables/CytAssist_11mm_FFPE_Human_Glioblastoma_2_table/uns/spatial/CytAssist_11mm_FFPE_Human_Glioblastoma_2/.zgroup",
                "integration/data/merged.zarr/tables/CytAssist_11mm_FFPE_Human_Glioblastoma_2_table/uns/spatial/CytAssist_11mm_FFPE_Human_Glioblastoma_2/metadata",
                "integration/data/merged.zarr/tables/CytAssist_11mm_FFPE_Human_Glioblastoma_2_table/uns/spatial/CytAssist_11mm_FFPE_Human_Glioblastoma_2/metadata/.zattrs",
                "integration/data/merged.zarr/tables/CytAssist_11mm_FFPE_Human_Glioblastoma_2_table/uns/spatial/CytAssist_11mm_FFPE_Human_Glioblastoma_2/metadata/.zgroup",
                "integration/data/merged.zarr/tables/CytAssist_11mm_FFPE_Human_Glioblastoma_2_table/uns/spatial/CytAssist_11mm_FFPE_Human_Glioblastoma_2/metadata/chemistry_description",
                "integration/data/merged.zarr/tables/CytAssist_11mm_FFPE_Human_Glioblastoma_2_table/uns/spatial/CytAssist_11mm_FFPE_Human_Glioblastoma_2/metadata/chemistry_description/.zarray",
                "integration/data/merged.zarr/tables/CytAssist_11mm_FFPE_Human_Glioblastoma_2_table/uns/spatial/CytAssist_11mm_FFPE_Human_Glioblastoma_2/metadata/chemistry_description/.zattrs",
                "integration/data/merged.zarr/tables/CytAssist_11mm_FFPE_Human_Glioblastoma_2_table/uns/spatial/CytAssist_11mm_FFPE_Human_Glioblastoma_2/metadata/chemistry_description/0",
                "integration/data/merged.zarr/tables/CytAssist_11mm_FFPE_Human_Glioblastoma_2_table/uns/spatial/CytAssist_11mm_FFPE_Human_Glioblastoma_2/metadata/software_version",
                "integration/data/merged.zarr/tables/CytAssist_11mm_FFPE_Human_Glioblastoma_2_table/uns/spatial/CytAssist_11mm_FFPE_Human_Glioblastoma_2/metadata/software_version/.zarray",
                "integration/data/merged.zarr/tables/CytAssist_11mm_FFPE_Human_Glioblastoma_2_table/uns/spatial/CytAssist_11mm_FFPE_Human_Glioblastoma_2/metadata/software_version/.zattrs",
                "integration/data/merged.zarr/tables/CytAssist_11mm_FFPE_Human_Glioblastoma_2_table/uns/spatial/CytAssist_11mm_FFPE_Human_Glioblastoma_2/metadata/software_version/0",
                "integration/data/merged.zarr/tables/CytAssist_11mm_FFPE_Human_Glioblastoma_2_table/uns/spatialdata_attrs",
                "integration/data/merged.zarr/tables/CytAssist_11mm_FFPE_Human_Glioblastoma_2_table/uns/spatialdata_attrs/.zattrs",
                "integration/data/merged.zarr/tables/CytAssist_11mm_FFPE_Human_Glioblastoma_2_table/uns/spatialdata_attrs/.zgroup",
                "integration/data/merged.zarr/tables/CytAssist_11mm_FFPE_Human_Glioblastoma_2_table/uns/spatialdata_attrs/instance_key",
                "integration/data/merged.zarr/tables/CytAssist_11mm_FFPE_Human_Glioblastoma_2_table/uns/spatialdata_attrs/instance_key/.zarray",
                "integration/data/merged.zarr/tables/CytAssist_11mm_FFPE_Human_Glioblastoma_2_table/uns/spatialdata_attrs/instance_key/.zattrs",
                "integration/data/merged.zarr/tables/CytAssist_11mm_FFPE_Human_Glioblastoma_2_table/uns/spatialdata_attrs/instance_key/0",
                "integration/data/merged.zarr/tables/CytAssist_11mm_FFPE_Human_Glioblastoma_2_table/uns/spatialdata_attrs/region",
                "integration/data/merged.zarr/tables/CytAssist_11mm_FFPE_Human_Glioblastoma_2_table/uns/spatialdata_attrs/region/.zarray",
                "integration/data/merged.zarr/tables/CytAssist_11mm_FFPE_Human_Glioblastoma_2_table/uns/spatialdata_attrs/region/.zattrs",
                "integration/data/merged.zarr/tables/CytAssist_11mm_FFPE_Human_Glioblastoma_2_table/uns/spatialdata_attrs/region/0",
                "integration/data/merged.zarr/tables/CytAssist_11mm_FFPE_Human_Glioblastoma_2_table/uns/spatialdata_attrs/region_key",
                "integration/data/merged.zarr/tables/CytAssist_11mm_FFPE_Human_Glioblastoma_2_table/uns/spatialdata_attrs/region_key/.zarray",
                "integration/data/merged.zarr/tables/CytAssist_11mm_FFPE_Human_Glioblastoma_2_table/uns/spatialdata_attrs/region_key/.zattrs",
                "integration/data/merged.zarr/tables/CytAssist_11mm_FFPE_Human_Glioblastoma_2_table/uns/spatialdata_attrs/region_key/0",
                "integration/data/merged.zarr/tables/CytAssist_11mm_FFPE_Human_Glioblastoma_2_table/var",
                "integration/data/merged.zarr/tables/CytAssist_11mm_FFPE_Human_Glioblastoma_2_table/var/.zattrs",
                "integration/data/merged.zarr/tables/CytAssist_11mm_FFPE_Human_Glioblastoma_2_table/var/.zgroup",
                "integration/data/merged.zarr/tables/CytAssist_11mm_FFPE_Human_Glioblastoma_2_table/var/_index",
                "integration/data/merged.zarr/tables/CytAssist_11mm_FFPE_Human_Glioblastoma_2_table/var/_index/.zarray",
                "integration/data/merged.zarr/tables/CytAssist_11mm_FFPE_Human_Glioblastoma_2_table/var/_index/.zattrs",
                "integration/data/merged.zarr/tables/CytAssist_11mm_FFPE_Human_Glioblastoma_2_table/var/_index/0",
                "integration/data/merged.zarr/tables/CytAssist_11mm_FFPE_Human_Glioblastoma_2_table/var/feature_types",
                "integration/data/merged.zarr/tables/CytAssist_11mm_FFPE_Human_Glioblastoma_2_table/var/feature_types/.zarray",
                "integration/data/merged.zarr/tables/CytAssist_11mm_FFPE_Human_Glioblastoma_2_table/var/feature_types/.zattrs",
                "integration/data/merged.zarr/tables/CytAssist_11mm_FFPE_Human_Glioblastoma_2_table/var/feature_types/0",
                "integration/data/merged.zarr/tables/CytAssist_11mm_FFPE_Human_Glioblastoma_2_table/var/gene_ids",
                "integration/data/merged.zarr/tables/CytAssist_11mm_FFPE_Human_Glioblastoma_2_table/var/gene_ids/.zarray",
                "integration/data/merged.zarr/tables/CytAssist_11mm_FFPE_Human_Glioblastoma_2_table/var/gene_ids/.zattrs",
                "integration/data/merged.zarr/tables/CytAssist_11mm_FFPE_Human_Glioblastoma_2_table/var/gene_ids/0",
                "integration/data/merged.zarr/tables/CytAssist_11mm_FFPE_Human_Glioblastoma_2_table/var/genome",
                "integration/data/merged.zarr/tables/CytAssist_11mm_FFPE_Human_Glioblastoma_2_table/var/genome/.zarray",
                "integration/data/merged.zarr/tables/CytAssist_11mm_FFPE_Human_Glioblastoma_2_table/var/genome/.zattrs",
                "integration/data/merged.zarr/tables/CytAssist_11mm_FFPE_Human_Glioblastoma_2_table/var/genome/0",
                "integration/data/merged.zarr/tables/CytAssist_11mm_FFPE_Human_Glioblastoma_2_table/varm",
                "integration/data/merged.zarr/tables/CytAssist_11mm_FFPE_Human_Glioblastoma_2_table/varm/.zattrs",
                "integration/data/merged.zarr/tables/CytAssist_11mm_FFPE_Human_Glioblastoma_2_table/varm/.zgroup",
                "integration/data/merged.zarr/tables/CytAssist_11mm_FFPE_Human_Glioblastoma_2_table/varp",
                "integration/data/merged.zarr/tables/CytAssist_11mm_FFPE_Human_Glioblastoma_2_table/varp/.zattrs",
                "integration/data/merged.zarr/tables/CytAssist_11mm_FFPE_Human_Glioblastoma_2_table/varp/.zgroup",
                "integration/data/merged.zarr/zmetadata"
            ],
            [
                "clusters.csv:md5,a53b18e9472bb24749d69145d0d3ed9c",
                "clusters.csv:md5,e61073c0502c14030d7a487f7ef36a20",
                "clusters.csv:md5,418fd1185ecf9aca9749c1d189373425",
                "clusters.csv:md5,2bf98bcf928bf46160b7cbd9b3b03828",
                "clusters.csv:md5,35d784ebe24d54a5bb56f81c8abac865",
                "clusters.csv:md5,560eb20a41464240e15ff4078a1e782d",
                "clusters.csv:md5,58e5ff2940f4e0fe286d3d701758be24",
                "clusters.csv:md5,18d386fc7ca6261caf880294636818f8",
                "clusters.csv:md5,92600993a19f8f3c034e4f4164aca381",
                "clusters.csv:md5,e98e707778bdbaff7090ecc8101060cb",
                "differential_expression.csv:md5,6857fa14bf4ab52856b870dd05e64a51",
                "differential_expression.csv:md5,cda63135ad11b1bc0e7224a0118b70e4",
                "differential_expression.csv:md5,f98bc46a71b52d886b9304a12c53d47e",
                "differential_expression.csv:md5,60cf00aa6264d3b7c67a9e027f37295d",
                "differential_expression.csv:md5,79617a76942962a22cd12469ff4f2bc3",
                "differential_expression.csv:md5,6fa5c9755fae7c336a4ace3159242275",
                "differential_expression.csv:md5,67d2276f83e246e07f0435aec8bc50b2",
                "differential_expression.csv:md5,391ef3085d8c49a6dc4da067f29d0d58",
                "differential_expression.csv:md5,9230832b1f8bd4ffd6eb74ca585bf22c",
                "differential_expression.csv:md5,7d8a706cc3d6f8875a829a5f6a3ec4ca",
                "dispersion.csv:md5,a5e9a31658bd04b6308c039eac9e50f2",
                "features_selected.csv:md5,ae4779f5cc814b3f1d1534033518b626",
                "filtered_feature_bc_matrix.h5:md5,271669e4bf826da2ddff743a6117119b",
                "matrix.mtx.gz:md5,41f4c8d4b71cef1ff921a177f8afe9ad",
                "metrics_summary.csv:md5,5af6a326178857d703945c076717e290",
                "probe_set.csv:md5,5bfb8f12319be1b2b6c14142537c3804",
                "raw_feature_bc_matrix.h5:md5,18014d7cf9d61813f63330ca7c046a87",
                "matrix.mtx.gz:md5,bf393bad88f9f9cab3b49da8267f7126",
                "raw_probe_bc_matrix.h5:md5,538b4db4505bed53de70c9b837fced5c",
                "aligned_fiducials.jpg:md5,b2adbbb1324a09025332fd1e76d391d9",
                "cytassist_image.tiff:md5,0fb04a55e5658f4d158d986a334b034d",
                "detected_tissue_image.jpg:md5,10f944385c91d134528bcabc71bb0686",
                "spatial_enrichment.csv:md5,0cedfe65b4a8c3dc7c8cc15862f01e07",
                "tissue_positions.csv:md5,930aeb2b790032337d91dd27cc70f135",
                "mqc_spaceranger_count_genesXspot.txt:md5,e7f109f701cb692dd8dc1cd45498e08f",
                "mqc_spaceranger_count_genomic_dna.txt:md5,5148a48bf99ec61b648188caf0558e26",
                "mqc_spaceranger_count_saturation.txt:md5,8a81c8b9831588776559c3e3a3d42aef",
                "multiqc_citations.txt:md5,4c806e63a283ec1b7e78cdae3a923d4f",
                "multiqc_spaceranger_count.txt:md5,94d6308c11039ce04818426b49f27b22",
                "spaceranger-count-stats.txt:md5,e47ed2e4e151aef489950b02d0765e54"
            ]
        ],
        "timestamp": "2026-03-30T14:02:06.186942135",
        "meta": {
            "nf-test": "0.9.5",
            "nextflow": "25.10.4"
        }
    }
}