{
    "homo_sapiens - h5ad": {
        "content": [
            [
                "versions.yml:md5,3a9dec789188d5283280cd9de9897f53"
            ],
            {
                "n_obs": 11397,
                "n_vars": 19023,
                "obs": {
                    "index": "_index",
                    "columns": [
                        "array_col",
                        "array_row",
                        "in_tissue",
                        "leiden",
                        "region",
                        "spot_id"
                    ]
                },
                "var": {
                    "index": "_index",
                    "columns": [
                        "feature_types",
                        "gene_ids",
                        "genome"
                    ]
                },
                "layers": [
                    "raw"
                ],
                "obsm": [
                    "X_pca",
                    "spatial"
                ],
                "varm": [
                    "PCs"
                ],
                "obsp": [
                    "connectivities",
                    "distances",
                    "spatial_connectivities",
                    "spatial_distances"
                ],
                "varp": [
                    
                ],
                "uns": [
                    "coordinate_system",
                    "leiden",
                    "leiden_nhood_enrichment",
                    "neighbors",
                    "pca",
                    "sample_id",
                    "spatial",
                    "spatial_neighbors",
                    "spatialdata_attrs",
                    "table_name"
                ]
            }
        ],
        "timestamp": "2026-03-30T07:29:15.536915",
        "meta": {
            "nf-test": "0.9.5",
            "nextflow": "25.10.4"
        }
    },
    "homo_sapiens - h5ad - stub": {
        "content": [
            {
                "0": [
                    [
                        {
                            "id": "test"
                        },
                        "test.h5ad:md5,d41d8cd98f00b204e9800998ecf8427e"
                    ]
                ],
                "1": [
                    "versions.yml:md5,d41d8cd98f00b204e9800998ecf8427e"
                ],
                "adata": [
                    [
                        {
                            "id": "test"
                        },
                        "test.h5ad:md5,d41d8cd98f00b204e9800998ecf8427e"
                    ]
                ],
                "versions": [
                    "versions.yml:md5,d41d8cd98f00b204e9800998ecf8427e"
                ]
            }
        ],
        "timestamp": "2026-03-30T12:30:08.723153",
        "meta": {
            "nf-test": "0.9.5",
            "nextflow": "25.10.4"
        }
    }
}