{
    "homo_sapiens - h5ad": {
        "content": [
            [
                "versions.yml:md5,1af8ea16ef6f0a48c58bca6f26a978a0"
            ],
            "n_obs: 11397\nn_vars: 19023\nobs:\n  index: _index\n  columns:\n    - array_col\n    - array_row\n    - in_tissue\n    - region\n    - spot_id\nvar:\n  index: _index\n  columns:\n    - feature_types\n    - gene_ids\n    - genome\nlayers:\n  - raw\nobsm:\n  - spatial\nvarm:\nobsp:\n  - spatial_connectivities\n  - spatial_distances\nvarp:\nuns:\n  - coordinate_system\n  - sample_id\n  - spatial\n  - spatial_neighbors\n  - spatialdata_attrs\n  - table_name\n"
        ],
        "timestamp": "2026-03-26T20:28:35.931757577",
        "meta": {
            "nf-test": "0.9.5",
            "nextflow": "25.10.0"
        }
    },
    "homo_sapiens - h5ad - stub": {
        "content": [
            {
                "0": [
                    [
                        {
                            "id": "test"
                        },
                        "test_spatial_neighbors.h5ad:md5,d41d8cd98f00b204e9800998ecf8427e"
                    ]
                ],
                "1": [
                    "versions.yml:md5,d41d8cd98f00b204e9800998ecf8427e"
                ],
                "adata": [
                    [
                        {
                            "id": "test"
                        },
                        "test_spatial_neighbors.h5ad:md5,d41d8cd98f00b204e9800998ecf8427e"
                    ]
                ],
                "versions": [
                    "versions.yml:md5,d41d8cd98f00b204e9800998ecf8427e"
                ]
            }
        ],
        "timestamp": "2026-03-26T10:50:03.723361",
        "meta": {
            "nf-test": "0.9.5",
            "nextflow": "25.10.4"
        }
    }
}