{
    "homo_sapiens - h5ad - generic": {
        "content": [
            [
                "versions.yml:md5,1af8ea16ef6f0a48c58bca6f26a978a0"
            ],
            {
                "n_obs": 11397,
                "n_vars": 19023,
                "obs": {
                    "index": "_index",
                    "columns": [
                        "array_col",
                        "array_row",
                        "in_tissue",
                        "region",
                        "spot_id"
                    ]
                },
                "var": {
                    "index": "_index",
                    "columns": [
                        "feature_types",
                        "gene_ids",
                        "genome"
                    ]
                },
                "layers": [
                    
                ],
                "obsm": [
                    "spatial"
                ],
                "varm": [
                    
                ],
                "obsp": [
                    "spatial_connectivities",
                    "spatial_distances"
                ],
                "varp": [
                    
                ],
                "uns": [
                    "coordinate_system",
                    "sample_id",
                    "spatial",
                    "spatial_neighbors",
                    "spatialdata_attrs",
                    "table_name"
                ]
            },
            [
                "spatial_connectivities.pkl",
                "spatial_distances.pkl"
            ],
            [
                "spatial_neighbors.pkl"
            ]
        ],
        "timestamp": "2026-10-04T22:27:13.371062",
        "meta": {
            "nf-test": "0.9.5",
            "nextflow": "26.04.6"
        }
    },
    "homo_sapiens - h5ad - stub": {
        "content": [
            {
                "0": [
                    [
                        {
                            "id": "CytAssist_11mm_FFPE_Human_Glioblastoma_2"
                        },
                        "CytAssist_11mm_FFPE_Human_Glioblastoma_2.h5ad:md5,d41d8cd98f00b204e9800998ecf8427e"
                    ]
                ],
                "1": [
                    [
                        {
                            "id": "CytAssist_11mm_FFPE_Human_Glioblastoma_2"
                        },
                        [
                            "spatial_connectivities.pkl:md5,d41d8cd98f00b204e9800998ecf8427e",
                            "spatial_distances.pkl:md5,d41d8cd98f00b204e9800998ecf8427e"
                        ]
                    ]
                ],
                "2": [
                    [
                        {
                            "id": "CytAssist_11mm_FFPE_Human_Glioblastoma_2"
                        },
                        "spatial_neighbors.pkl:md5,d41d8cd98f00b204e9800998ecf8427e"
                    ]
                ],
                "3": [
                    "versions.yml:md5,d41d8cd98f00b204e9800998ecf8427e"
                ],
                "adata": [
                    [
                        {
                            "id": "CytAssist_11mm_FFPE_Human_Glioblastoma_2"
                        },
                        "CytAssist_11mm_FFPE_Human_Glioblastoma_2.h5ad:md5,d41d8cd98f00b204e9800998ecf8427e"
                    ]
                ],
                "obsp": [
                    [
                        {
                            "id": "CytAssist_11mm_FFPE_Human_Glioblastoma_2"
                        },
                        [
                            "spatial_connectivities.pkl:md5,d41d8cd98f00b204e9800998ecf8427e",
                            "spatial_distances.pkl:md5,d41d8cd98f00b204e9800998ecf8427e"
                        ]
                    ]
                ],
                "uns": [
                    [
                        {
                            "id": "CytAssist_11mm_FFPE_Human_Glioblastoma_2"
                        },
                        "spatial_neighbors.pkl:md5,d41d8cd98f00b204e9800998ecf8427e"
                    ]
                ],
                "versions": [
                    "versions.yml:md5,d41d8cd98f00b204e9800998ecf8427e"
                ]
            }
        ],
        "timestamp": "2026-10-01T15:22:16.814124",
        "meta": {
            "nf-test": "0.9.5",
            "nextflow": "26.04.6"
        }
    },
    "homo_sapiens - h5ad - grid - no h5ad output": {
        "content": [
            [
                "versions.yml:md5,1af8ea16ef6f0a48c58bca6f26a978a0"
            ],
            [
                "spatial_connectivities.pkl",
                "spatial_distances.pkl"
            ],
            [
                "spatial_neighbors.pkl"
            ]
        ],
        "timestamp": "2026-10-01T15:21:15.582661",
        "meta": {
            "nf-test": "0.9.5",
            "nextflow": "26.04.6"
        }
    },
    "homo_sapiens - h5ad - grid": {
        "content": [
            [
                "versions.yml:md5,1af8ea16ef6f0a48c58bca6f26a978a0"
            ],
            {
                "n_obs": 11397,
                "n_vars": 19023,
                "obs": {
                    "index": "_index",
                    "columns": [
                        "array_col",
                        "array_row",
                        "in_tissue",
                        "region",
                        "spot_id"
                    ]
                },
                "var": {
                    "index": "_index",
                    "columns": [
                        "feature_types",
                        "gene_ids",
                        "genome"
                    ]
                },
                "layers": [
                    
                ],
                "obsm": [
                    "spatial"
                ],
                "varm": [
                    
                ],
                "obsp": [
                    "spatial_connectivities",
                    "spatial_distances"
                ],
                "varp": [
                    
                ],
                "uns": [
                    "coordinate_system",
                    "sample_id",
                    "spatial",
                    "spatial_neighbors",
                    "spatialdata_attrs",
                    "table_name"
                ]
            },
            [
                "spatial_connectivities.pkl",
                "spatial_distances.pkl"
            ],
            [
                "spatial_neighbors.pkl"
            ]
        ],
        "timestamp": "2026-10-04T22:25:45.913057",
        "meta": {
            "nf-test": "0.9.5",
            "nextflow": "26.04.6"
        }
    }
}