{
    "homo_sapiens - h5ad - moran - no h5ad output": {
        "content": [
            [
                "versions.yml:md5,47a9ced7fad317df79a0be23f28c3642"
            ],
            [
                "moranI.pkl"
            ]
        ],
        "timestamp": "2026-10-01T15:43:23.496067",
        "meta": {
            "nf-test": "0.9.5",
            "nextflow": "26.04.6"
        }
    },
    "homo_sapiens - h5ad - moran": {
        "content": [
            [
                "versions.yml:md5,47a9ced7fad317df79a0be23f28c3642"
            ],
            {
                "n_obs": 11397,
                "n_vars": 19023,
                "obs": {
                    "index": "_index",
                    "columns": [
                        "array_col",
                        "array_row",
                        "in_tissue",
                        "region",
                        "spot_id"
                    ]
                },
                "var": {
                    "index": "_index",
                    "columns": [
                        "feature_types",
                        "gene_ids",
                        "genome"
                    ]
                },
                "layers": [
                    "raw"
                ],
                "obsm": [
                    "spatial"
                ],
                "varm": [
                    
                ],
                "obsp": [
                    "spatial_connectivities",
                    "spatial_distances"
                ],
                "varp": [
                    
                ],
                "uns": [
                    "coordinate_system",
                    "moranI",
                    "sample_id",
                    "spatial",
                    "spatial_neighbors",
                    "spatialdata_attrs",
                    "table_name"
                ]
            },
            [
                "moranI.pkl"
            ]
        ],
        "timestamp": "2026-10-01T15:42:24.623634",
        "meta": {
            "nf-test": "0.9.5",
            "nextflow": "26.04.6"
        }
    },
    "homo_sapiens - h5ad - geary": {
        "content": [
            [
                "versions.yml:md5,47a9ced7fad317df79a0be23f28c3642"
            ],
            {
                "n_obs": 11397,
                "n_vars": 19023,
                "obs": {
                    "index": "_index",
                    "columns": [
                        "array_col",
                        "array_row",
                        "in_tissue",
                        "region",
                        "spot_id"
                    ]
                },
                "var": {
                    "index": "_index",
                    "columns": [
                        "feature_types",
                        "gene_ids",
                        "genome"
                    ]
                },
                "layers": [
                    "raw"
                ],
                "obsm": [
                    "spatial"
                ],
                "varm": [
                    
                ],
                "obsp": [
                    "spatial_connectivities",
                    "spatial_distances"
                ],
                "varp": [
                    
                ],
                "uns": [
                    "coordinate_system",
                    "gearyC",
                    "sample_id",
                    "spatial",
                    "spatial_neighbors",
                    "spatialdata_attrs",
                    "table_name"
                ]
            },
            [
                "gearyC.pkl"
            ]
        ],
        "timestamp": "2026-10-01T15:44:22.093938",
        "meta": {
            "nf-test": "0.9.5",
            "nextflow": "26.04.6"
        }
    },
    "homo_sapiens - h5ad - stub": {
        "content": [
            {
                "0": [
                    [
                        {
                            "id": "CytAssist_11mm_FFPE_Human_Glioblastoma_2"
                        },
                        "CytAssist_11mm_FFPE_Human_Glioblastoma_2.h5ad:md5,d41d8cd98f00b204e9800998ecf8427e"
                    ]
                ],
                "1": [
                    [
                        {
                            "id": "CytAssist_11mm_FFPE_Human_Glioblastoma_2"
                        },
                        "CytAssist_11mm_FFPE_Human_Glioblastoma_2_svg.csv:md5,d41d8cd98f00b204e9800998ecf8427e"
                    ]
                ],
                "2": [
                    [
                        {
                            "id": "CytAssist_11mm_FFPE_Human_Glioblastoma_2"
                        },
                        "moranI.pkl:md5,d41d8cd98f00b204e9800998ecf8427e"
                    ]
                ],
                "3": [
                    "versions.yml:md5,d41d8cd98f00b204e9800998ecf8427e"
                ],
                "adata": [
                    [
                        {
                            "id": "CytAssist_11mm_FFPE_Human_Glioblastoma_2"
                        },
                        "CytAssist_11mm_FFPE_Human_Glioblastoma_2.h5ad:md5,d41d8cd98f00b204e9800998ecf8427e"
                    ]
                ],
                "csv": [
                    [
                        {
                            "id": "CytAssist_11mm_FFPE_Human_Glioblastoma_2"
                        },
                        "CytAssist_11mm_FFPE_Human_Glioblastoma_2_svg.csv:md5,d41d8cd98f00b204e9800998ecf8427e"
                    ]
                ],
                "uns": [
                    [
                        {
                            "id": "CytAssist_11mm_FFPE_Human_Glioblastoma_2"
                        },
                        "moranI.pkl:md5,d41d8cd98f00b204e9800998ecf8427e"
                    ]
                ],
                "versions": [
                    "versions.yml:md5,d41d8cd98f00b204e9800998ecf8427e"
                ]
            }
        ],
        "timestamp": "2026-10-01T15:44:42.284829",
        "meta": {
            "nf-test": "0.9.5",
            "nextflow": "26.04.6"
        }
    }
}