{
    "homo_sapiens - h5ad - moran": {
        "content": [
            [
                "versions.yml:md5,47a9ced7fad317df79a0be23f28c3642"
            ],
            {
                "n_obs": 11397,
                "n_vars": 19023,
                "obs": {
                    "index": "_index",
                    "columns": [
                        "array_col",
                        "array_row",
                        "in_tissue",
                        "region",
                        "spot_id"
                    ]
                },
                "var": {
                    "index": "_index",
                    "columns": [
                        "feature_types",
                        "gene_ids",
                        "genome"
                    ]
                },
                "layers": [
                    "raw"
                ],
                "obsm": [
                    "spatial"
                ],
                "varm": [
                    
                ],
                "obsp": [
                    "spatial_connectivities",
                    "spatial_distances"
                ],
                "varp": [
                    
                ],
                "uns": [
                    "coordinate_system",
                    "moranI",
                    "sample_id",
                    "spatial",
                    "spatial_neighbors",
                    "spatialdata_attrs",
                    "table_name"
                ]
            }
        ],
        "timestamp": "2026-04-01T19:15:56.311204",
        "meta": {
            "nf-test": "0.9.5",
            "nextflow": "25.10.4"
        }
    },
    "homo_sapiens - h5ad - geary": {
        "content": [
            [
                "versions.yml:md5,47a9ced7fad317df79a0be23f28c3642"
            ],
            {
                "n_obs": 11397,
                "n_vars": 19023,
                "obs": {
                    "index": "_index",
                    "columns": [
                        "array_col",
                        "array_row",
                        "in_tissue",
                        "region",
                        "spot_id"
                    ]
                },
                "var": {
                    "index": "_index",
                    "columns": [
                        "feature_types",
                        "gene_ids",
                        "genome"
                    ]
                },
                "layers": [
                    "raw"
                ],
                "obsm": [
                    "spatial"
                ],
                "varm": [
                    
                ],
                "obsp": [
                    "spatial_connectivities",
                    "spatial_distances"
                ],
                "varp": [
                    
                ],
                "uns": [
                    "coordinate_system",
                    "gearyC",
                    "sample_id",
                    "spatial",
                    "spatial_neighbors",
                    "spatialdata_attrs",
                    "table_name"
                ]
            }
        ],
        "timestamp": "2026-04-01T19:16:54.537333",
        "meta": {
            "nf-test": "0.9.5",
            "nextflow": "25.10.4"
        }
    },
    "homo_sapiens - h5ad - stub": {
        "content": [
            {
                "0": [
                    [
                        {
                            "id": "test"
                        },
                        "test.h5ad:md5,d41d8cd98f00b204e9800998ecf8427e"
                    ]
                ],
                "1": [
                    [
                        {
                            "id": "test"
                        },
                        "test_svg.csv:md5,d41d8cd98f00b204e9800998ecf8427e"
                    ]
                ],
                "2": [
                    "versions.yml:md5,d41d8cd98f00b204e9800998ecf8427e"
                ],
                "adata": [
                    [
                        {
                            "id": "test"
                        },
                        "test.h5ad:md5,d41d8cd98f00b204e9800998ecf8427e"
                    ]
                ],
                "csv": [
                    [
                        {
                            "id": "test"
                        },
                        "test_svg.csv:md5,d41d8cd98f00b204e9800998ecf8427e"
                    ]
                ],
                "versions": [
                    "versions.yml:md5,d41d8cd98f00b204e9800998ecf8427e"
                ]
            }
        ],
        "timestamp": "2026-03-26T11:05:29.141135",
        "meta": {
            "nf-test": "0.9.5",
            "nextflow": "25.10.4"
        }
    }
}