{
    "homo_sapiens - h5ad": {
        "content": [
            [
                "versions.yml:md5,47a9ced7fad317df79a0be23f28c3642"
            ],
            [
                [
                    {
                        "id": "test"
                    },
                    "test_svg.csv:md5,df001f55dfdb789c51ea089137ebd56d"
                ]
            ],
            "n_obs: 11397\nn_vars: 19023\nobs:\n  index: _index\n  columns:\n    - array_col\n    - array_row\n    - in_tissue\n    - region\n    - spot_id\nvar:\n  index: _index\n  columns:\n    - feature_types\n    - gene_ids\n    - genome\nlayers:\n  - raw\nobsm:\n  - spatial\nvarm:\nobsp:\n  - spatial_connectivities\n  - spatial_distances\nvarp:\nuns:\n  - coordinate_system\n  - moranI\n  - sample_id\n  - spatial\n  - spatial_neighbors\n  - spatialdata_attrs\n  - table_name\n"
        ],
        "timestamp": "2026-03-26T20:27:50.453357969",
        "meta": {
            "nf-test": "0.9.5",
            "nextflow": "25.10.0"
        }
    },
    "homo_sapiens - h5ad - stub": {
        "content": [
            {
                "0": [
                    [
                        {
                            "id": "test"
                        },
                        "test.h5ad:md5,d41d8cd98f00b204e9800998ecf8427e"
                    ]
                ],
                "1": [
                    [
                        {
                            "id": "test"
                        },
                        "test_svg.csv:md5,d41d8cd98f00b204e9800998ecf8427e"
                    ]
                ],
                "2": [
                    "versions.yml:md5,d41d8cd98f00b204e9800998ecf8427e"
                ],
                "adata": [
                    [
                        {
                            "id": "test"
                        },
                        "test.h5ad:md5,d41d8cd98f00b204e9800998ecf8427e"
                    ]
                ],
                "csv": [
                    [
                        {
                            "id": "test"
                        },
                        "test_svg.csv:md5,d41d8cd98f00b204e9800998ecf8427e"
                    ]
                ],
                "versions": [
                    "versions.yml:md5,d41d8cd98f00b204e9800998ecf8427e"
                ]
            }
        ],
        "timestamp": "2026-03-26T11:05:29.141135",
        "meta": {
            "nf-test": "0.9.5",
            "nextflow": "25.10.4"
        }
    }
}