{
    "homo_sapiens - outs - stub": {
        "content": [
            {
                "0": [
                    [
                        {
                            "id": "test"
                        },
                        [
                            ".zgroup:md5,d41d8cd98f00b204e9800998ecf8427e"
                        ]
                    ]
                ],
                "1": [
                    "versions.yml:md5,d41d8cd98f00b204e9800998ecf8427e"
                ],
                "sdata": [
                    [
                        {
                            "id": "test"
                        },
                        [
                            ".zgroup:md5,d41d8cd98f00b204e9800998ecf8427e"
                        ]
                    ]
                ],
                "versions": [
                    "versions.yml:md5,d41d8cd98f00b204e9800998ecf8427e"
                ]
            }
        ],
        "timestamp": "2026-03-31T13:23:57.159055",
        "meta": {
            "nf-test": "0.9.5",
            "nextflow": "25.10.4"
        }
    },
    "homo_sapiens - outs": {
        "content": [
            [
                "versions.yml:md5,a147d9821aeb6b76fb93a01c84e5bcc5"
            ],
            [
                "",
                ".zattrs",
                ".zgroup",
                "images",
                "images/.zgroup",
                "images/test_hires_image",
                "images/test_hires_image/.zattrs",
                "images/test_hires_image/.zgroup",
                "images/test_hires_image/0",
                "images/test_hires_image/0/.zarray",
                "images/test_hires_image/0/0",
                "images/test_hires_image/0/0/0",
                "images/test_hires_image/0/0/0/0",
                "images/test_lowres_image",
                "images/test_lowres_image/.zattrs",
                "images/test_lowres_image/.zgroup",
                "images/test_lowres_image/0",
                "images/test_lowres_image/0/.zarray",
                "images/test_lowres_image/0/0",
                "images/test_lowres_image/0/0/0",
                "images/test_lowres_image/0/0/0/0",
                "shapes",
                "shapes/.zgroup",
                "shapes/test",
                "shapes/test/.zattrs",
                "shapes/test/.zgroup",
                "shapes/test/shapes.parquet",
                "tables",
                "tables/.zgroup",
                "tables/test_table",
                "tables/test_table/.zattrs",
                "tables/test_table/.zgroup",
                "tables/test_table/X",
                "tables/test_table/X/.zattrs",
                "tables/test_table/X/.zgroup",
                "tables/test_table/X/data",
                "tables/test_table/X/data/.zarray",
                "tables/test_table/X/data/0",
                "tables/test_table/X/indices",
                "tables/test_table/X/indices/.zarray",
                "tables/test_table/X/indices/0",
                "tables/test_table/X/indptr",
                "tables/test_table/X/indptr/.zarray",
                "tables/test_table/X/indptr/0",
                "tables/test_table/layers",
                "tables/test_table/layers/.zattrs",
                "tables/test_table/layers/.zgroup",
                "tables/test_table/obs",
                "tables/test_table/obs/.zattrs",
                "tables/test_table/obs/.zgroup",
                "tables/test_table/obs/_index",
                "tables/test_table/obs/_index/.zarray",
                "tables/test_table/obs/_index/.zattrs",
                "tables/test_table/obs/_index/0",
                "tables/test_table/obs/array_col",
                "tables/test_table/obs/array_col/.zarray",
                "tables/test_table/obs/array_col/.zattrs",
                "tables/test_table/obs/array_col/0",
                "tables/test_table/obs/array_row",
                "tables/test_table/obs/array_row/.zarray",
                "tables/test_table/obs/array_row/.zattrs",
                "tables/test_table/obs/array_row/0",
                "tables/test_table/obs/in_tissue",
                "tables/test_table/obs/in_tissue/.zarray",
                "tables/test_table/obs/in_tissue/.zattrs",
                "tables/test_table/obs/in_tissue/0",
                "tables/test_table/obs/region",
                "tables/test_table/obs/region/.zattrs",
                "tables/test_table/obs/region/.zgroup",
                "tables/test_table/obs/region/categories",
                "tables/test_table/obs/region/categories/.zarray",
                "tables/test_table/obs/region/categories/.zattrs",
                "tables/test_table/obs/region/categories/0",
                "tables/test_table/obs/region/codes",
                "tables/test_table/obs/region/codes/.zarray",
                "tables/test_table/obs/region/codes/.zattrs",
                "tables/test_table/obs/region/codes/0",
                "tables/test_table/obs/spot_id",
                "tables/test_table/obs/spot_id/.zarray",
                "tables/test_table/obs/spot_id/.zattrs",
                "tables/test_table/obs/spot_id/0",
                "tables/test_table/obsm",
                "tables/test_table/obsm/.zattrs",
                "tables/test_table/obsm/.zgroup",
                "tables/test_table/obsm/spatial",
                "tables/test_table/obsm/spatial/.zarray",
                "tables/test_table/obsm/spatial/.zattrs",
                "tables/test_table/obsm/spatial/0",
                "tables/test_table/obsm/spatial/0/0",
                "tables/test_table/obsp",
                "tables/test_table/obsp/.zattrs",
                "tables/test_table/obsp/.zgroup",
                "tables/test_table/raw",
                "tables/test_table/raw/.zarray",
                "tables/test_table/raw/.zattrs",
                "tables/test_table/raw/0",
                "tables/test_table/uns",
                "tables/test_table/uns/.zattrs",
                "tables/test_table/uns/.zgroup",
                "tables/test_table/uns/spatial",
                "tables/test_table/uns/spatial/.zattrs",
                "tables/test_table/uns/spatial/.zgroup",
                "tables/test_table/uns/spatial/test",
                "tables/test_table/uns/spatial/test/.zattrs",
                "tables/test_table/uns/spatial/test/.zgroup",
                "tables/test_table/uns/spatial/test/metadata",
                "tables/test_table/uns/spatial/test/metadata/.zattrs",
                "tables/test_table/uns/spatial/test/metadata/.zgroup",
                "tables/test_table/uns/spatial/test/metadata/chemistry_description",
                "tables/test_table/uns/spatial/test/metadata/chemistry_description/.zarray",
                "tables/test_table/uns/spatial/test/metadata/chemistry_description/.zattrs",
                "tables/test_table/uns/spatial/test/metadata/chemistry_description/0",
                "tables/test_table/uns/spatial/test/metadata/software_version",
                "tables/test_table/uns/spatial/test/metadata/software_version/.zarray",
                "tables/test_table/uns/spatial/test/metadata/software_version/.zattrs",
                "tables/test_table/uns/spatial/test/metadata/software_version/0",
                "tables/test_table/uns/spatialdata_attrs",
                "tables/test_table/uns/spatialdata_attrs/.zattrs",
                "tables/test_table/uns/spatialdata_attrs/.zgroup",
                "tables/test_table/uns/spatialdata_attrs/instance_key",
                "tables/test_table/uns/spatialdata_attrs/instance_key/.zarray",
                "tables/test_table/uns/spatialdata_attrs/instance_key/.zattrs",
                "tables/test_table/uns/spatialdata_attrs/instance_key/0",
                "tables/test_table/uns/spatialdata_attrs/region",
                "tables/test_table/uns/spatialdata_attrs/region/.zarray",
                "tables/test_table/uns/spatialdata_attrs/region/.zattrs",
                "tables/test_table/uns/spatialdata_attrs/region/0",
                "tables/test_table/uns/spatialdata_attrs/region_key",
                "tables/test_table/uns/spatialdata_attrs/region_key/.zarray",
                "tables/test_table/uns/spatialdata_attrs/region_key/.zattrs",
                "tables/test_table/uns/spatialdata_attrs/region_key/0",
                "tables/test_table/var",
                "tables/test_table/var/.zattrs",
                "tables/test_table/var/.zgroup",
                "tables/test_table/var/_index",
                "tables/test_table/var/_index/.zarray",
                "tables/test_table/var/_index/.zattrs",
                "tables/test_table/var/_index/0",
                "tables/test_table/var/feature_types",
                "tables/test_table/var/feature_types/.zarray",
                "tables/test_table/var/feature_types/.zattrs",
                "tables/test_table/var/feature_types/0",
                "tables/test_table/var/gene_ids",
                "tables/test_table/var/gene_ids/.zarray",
                "tables/test_table/var/gene_ids/.zattrs",
                "tables/test_table/var/gene_ids/0",
                "tables/test_table/var/genome",
                "tables/test_table/var/genome/.zarray",
                "tables/test_table/var/genome/.zattrs",
                "tables/test_table/var/genome/0",
                "tables/test_table/varm",
                "tables/test_table/varm/.zattrs",
                "tables/test_table/varm/.zgroup",
                "tables/test_table/varp",
                "tables/test_table/varp/.zattrs",
                "tables/test_table/varp/.zgroup",
                "zmetadata"
            ]
        ],
        "timestamp": "2026-03-31T13:23:45.301456",
        "meta": {
            "nf-test": "0.9.5",
            "nextflow": "25.10.4"
        }
    }
}