{
    "homo_sapiens - h5ad": {
        "content": [
            [
                "versions.yml:md5,c2f075f6ccafb0fb50b3f97e985b60f5"
            ],
            [
                ".zattrs",
                ".zgroup",
                "images",
                "shapes",
                "tables",
                "zmetadata"
            ]
        ],
        "timestamp": "2026-03-26T23:45:18.856755885",
        "meta": {
            "nf-test": "0.9.5",
            "nextflow": "25.10.0"
        }
    },
    "homo_sapiens - h5ad - stub": {
        "content": [
            {
                "0": [
                    "merged.zarr:md5,d41d8cd98f00b204e9800998ecf8427e"
                ],
                "1": [
                    "versions.yml:md5,d41d8cd98f00b204e9800998ecf8427e"
                ],
                "sdata": [
                    "merged.zarr:md5,d41d8cd98f00b204e9800998ecf8427e"
                ],
                "versions": [
                    "versions.yml:md5,d41d8cd98f00b204e9800998ecf8427e"
                ]
            }
        ],
        "timestamp": "2026-03-30T12:04:10.527231",
        "meta": {
            "nf-test": "0.9.5",
            "nextflow": "25.10.4"
        }
    }
}