{
    "homo_sapiens - zarr": {
        "content": [
            [
                "versions.yml:md5,c2f075f6ccafb0fb50b3f97e985b60f5"
            ],
            [
                "",
                ".zattrs",
                ".zgroup",
                "images",
                "images/.zgroup",
                "images/CytAssist_11mm_FFPE_Human_Glioblastoma_2.2_hires_image",
                "images/CytAssist_11mm_FFPE_Human_Glioblastoma_2.2_hires_image/.zattrs",
                "images/CytAssist_11mm_FFPE_Human_Glioblastoma_2.2_hires_image/.zgroup",
                "images/CytAssist_11mm_FFPE_Human_Glioblastoma_2.2_hires_image/0",
                "images/CytAssist_11mm_FFPE_Human_Glioblastoma_2.2_hires_image/0/.zarray",
                "images/CytAssist_11mm_FFPE_Human_Glioblastoma_2.2_hires_image/0/0",
                "images/CytAssist_11mm_FFPE_Human_Glioblastoma_2.2_hires_image/0/0/0",
                "images/CytAssist_11mm_FFPE_Human_Glioblastoma_2.2_hires_image/0/0/0/0",
                "images/CytAssist_11mm_FFPE_Human_Glioblastoma_2.2_lowres_image",
                "images/CytAssist_11mm_FFPE_Human_Glioblastoma_2.2_lowres_image/.zattrs",
                "images/CytAssist_11mm_FFPE_Human_Glioblastoma_2.2_lowres_image/.zgroup",
                "images/CytAssist_11mm_FFPE_Human_Glioblastoma_2.2_lowres_image/0",
                "images/CytAssist_11mm_FFPE_Human_Glioblastoma_2.2_lowres_image/0/.zarray",
                "images/CytAssist_11mm_FFPE_Human_Glioblastoma_2.2_lowres_image/0/0",
                "images/CytAssist_11mm_FFPE_Human_Glioblastoma_2.2_lowres_image/0/0/0",
                "images/CytAssist_11mm_FFPE_Human_Glioblastoma_2.2_lowres_image/0/0/0/0",
                "images/CytAssist_11mm_FFPE_Human_Glioblastoma_2_hires_image",
                "images/CytAssist_11mm_FFPE_Human_Glioblastoma_2_hires_image/.zattrs",
                "images/CytAssist_11mm_FFPE_Human_Glioblastoma_2_hires_image/.zgroup",
                "images/CytAssist_11mm_FFPE_Human_Glioblastoma_2_hires_image/0",
                "images/CytAssist_11mm_FFPE_Human_Glioblastoma_2_hires_image/0/.zarray",
                "images/CytAssist_11mm_FFPE_Human_Glioblastoma_2_hires_image/0/0",
                "images/CytAssist_11mm_FFPE_Human_Glioblastoma_2_hires_image/0/0/0",
                "images/CytAssist_11mm_FFPE_Human_Glioblastoma_2_hires_image/0/0/0/0",
                "images/CytAssist_11mm_FFPE_Human_Glioblastoma_2_lowres_image",
                "images/CytAssist_11mm_FFPE_Human_Glioblastoma_2_lowres_image/.zattrs",
                "images/CytAssist_11mm_FFPE_Human_Glioblastoma_2_lowres_image/.zgroup",
                "images/CytAssist_11mm_FFPE_Human_Glioblastoma_2_lowres_image/0",
                "images/CytAssist_11mm_FFPE_Human_Glioblastoma_2_lowres_image/0/.zarray",
                "images/CytAssist_11mm_FFPE_Human_Glioblastoma_2_lowres_image/0/0",
                "images/CytAssist_11mm_FFPE_Human_Glioblastoma_2_lowres_image/0/0/0",
                "images/CytAssist_11mm_FFPE_Human_Glioblastoma_2_lowres_image/0/0/0/0",
                "shapes",
                "shapes/.zgroup",
                "shapes/CytAssist_11mm_FFPE_Human_Glioblastoma_2",
                "shapes/CytAssist_11mm_FFPE_Human_Glioblastoma_2.2",
                "shapes/CytAssist_11mm_FFPE_Human_Glioblastoma_2.2/.zattrs",
                "shapes/CytAssist_11mm_FFPE_Human_Glioblastoma_2.2/.zgroup",
                "shapes/CytAssist_11mm_FFPE_Human_Glioblastoma_2.2/shapes.parquet",
                "shapes/CytAssist_11mm_FFPE_Human_Glioblastoma_2/.zattrs",
                "shapes/CytAssist_11mm_FFPE_Human_Glioblastoma_2/.zgroup",
                "shapes/CytAssist_11mm_FFPE_Human_Glioblastoma_2/shapes.parquet",
                "tables",
                "tables/.zgroup",
                "tables/table_0",
                "tables/table_0/.zattrs",
                "tables/table_0/.zgroup",
                "tables/table_0/X",
                "tables/table_0/X/.zattrs",
                "tables/table_0/X/.zgroup",
                "tables/table_0/X/data",
                "tables/table_0/X/data/.zarray",
                "tables/table_0/X/data/0",
                "tables/table_0/X/indices",
                "tables/table_0/X/indices/.zarray",
                "tables/table_0/X/indices/0",
                "tables/table_0/X/indptr",
                "tables/table_0/X/indptr/.zarray",
                "tables/table_0/X/indptr/0",
                "tables/table_0/layers",
                "tables/table_0/layers/.zattrs",
                "tables/table_0/layers/.zgroup",
                "tables/table_0/obs",
                "tables/table_0/obs/.zattrs",
                "tables/table_0/obs/.zgroup",
                "tables/table_0/obs/_index",
                "tables/table_0/obs/_index/.zarray",
                "tables/table_0/obs/_index/.zattrs",
                "tables/table_0/obs/_index/0",
                "tables/table_0/obs/array_col",
                "tables/table_0/obs/array_col/.zarray",
                "tables/table_0/obs/array_col/.zattrs",
                "tables/table_0/obs/array_col/0",
                "tables/table_0/obs/array_row",
                "tables/table_0/obs/array_row/.zarray",
                "tables/table_0/obs/array_row/.zattrs",
                "tables/table_0/obs/array_row/0",
                "tables/table_0/obs/in_tissue",
                "tables/table_0/obs/in_tissue/.zarray",
                "tables/table_0/obs/in_tissue/.zattrs",
                "tables/table_0/obs/in_tissue/0",
                "tables/table_0/obs/region",
                "tables/table_0/obs/region/.zattrs",
                "tables/table_0/obs/region/.zgroup",
                "tables/table_0/obs/region/categories",
                "tables/table_0/obs/region/categories/.zarray",
                "tables/table_0/obs/region/categories/.zattrs",
                "tables/table_0/obs/region/categories/0",
                "tables/table_0/obs/region/codes",
                "tables/table_0/obs/region/codes/.zarray",
                "tables/table_0/obs/region/codes/.zattrs",
                "tables/table_0/obs/region/codes/0",
                "tables/table_0/obs/spot_id",
                "tables/table_0/obs/spot_id/.zarray",
                "tables/table_0/obs/spot_id/.zattrs",
                "tables/table_0/obs/spot_id/0",
                "tables/table_0/obsm",
                "tables/table_0/obsm/.zattrs",
                "tables/table_0/obsm/.zgroup",
                "tables/table_0/obsm/spatial",
                "tables/table_0/obsm/spatial/.zarray",
                "tables/table_0/obsm/spatial/.zattrs",
                "tables/table_0/obsm/spatial/0",
                "tables/table_0/obsm/spatial/0/0",
                "tables/table_0/obsp",
                "tables/table_0/obsp/.zattrs",
                "tables/table_0/obsp/.zgroup",
                "tables/table_0/raw",
                "tables/table_0/raw/.zarray",
                "tables/table_0/raw/.zattrs",
                "tables/table_0/raw/0",
                "tables/table_0/uns",
                "tables/table_0/uns/.zattrs",
                "tables/table_0/uns/.zgroup",
                "tables/table_0/uns/spatial",
                "tables/table_0/uns/spatial/.zattrs",
                "tables/table_0/uns/spatial/.zgroup",
                "tables/table_0/uns/spatial/CytAssist_11mm_FFPE_Human_Glioblastoma_2",
                "tables/table_0/uns/spatial/CytAssist_11mm_FFPE_Human_Glioblastoma_2/.zattrs",
                "tables/table_0/uns/spatial/CytAssist_11mm_FFPE_Human_Glioblastoma_2/.zgroup",
                "tables/table_0/uns/spatial/CytAssist_11mm_FFPE_Human_Glioblastoma_2/metadata",
                "tables/table_0/uns/spatial/CytAssist_11mm_FFPE_Human_Glioblastoma_2/metadata/.zattrs",
                "tables/table_0/uns/spatial/CytAssist_11mm_FFPE_Human_Glioblastoma_2/metadata/.zgroup",
                "tables/table_0/uns/spatial/CytAssist_11mm_FFPE_Human_Glioblastoma_2/metadata/chemistry_description",
                "tables/table_0/uns/spatial/CytAssist_11mm_FFPE_Human_Glioblastoma_2/metadata/chemistry_description/.zarray",
                "tables/table_0/uns/spatial/CytAssist_11mm_FFPE_Human_Glioblastoma_2/metadata/chemistry_description/.zattrs",
                "tables/table_0/uns/spatial/CytAssist_11mm_FFPE_Human_Glioblastoma_2/metadata/chemistry_description/0",
                "tables/table_0/uns/spatial/CytAssist_11mm_FFPE_Human_Glioblastoma_2/metadata/software_version",
                "tables/table_0/uns/spatial/CytAssist_11mm_FFPE_Human_Glioblastoma_2/metadata/software_version/.zarray",
                "tables/table_0/uns/spatial/CytAssist_11mm_FFPE_Human_Glioblastoma_2/metadata/software_version/.zattrs",
                "tables/table_0/uns/spatial/CytAssist_11mm_FFPE_Human_Glioblastoma_2/metadata/software_version/0",
                "tables/table_0/uns/spatialdata_attrs",
                "tables/table_0/uns/spatialdata_attrs/.zattrs",
                "tables/table_0/uns/spatialdata_attrs/.zgroup",
                "tables/table_0/uns/spatialdata_attrs/instance_key",
                "tables/table_0/uns/spatialdata_attrs/instance_key/.zarray",
                "tables/table_0/uns/spatialdata_attrs/instance_key/.zattrs",
                "tables/table_0/uns/spatialdata_attrs/instance_key/0",
                "tables/table_0/uns/spatialdata_attrs/region",
                "tables/table_0/uns/spatialdata_attrs/region/.zarray",
                "tables/table_0/uns/spatialdata_attrs/region/.zattrs",
                "tables/table_0/uns/spatialdata_attrs/region/0",
                "tables/table_0/uns/spatialdata_attrs/region_key",
                "tables/table_0/uns/spatialdata_attrs/region_key/.zarray",
                "tables/table_0/uns/spatialdata_attrs/region_key/.zattrs",
                "tables/table_0/uns/spatialdata_attrs/region_key/0",
                "tables/table_0/var",
                "tables/table_0/var/.zattrs",
                "tables/table_0/var/.zgroup",
                "tables/table_0/var/_index",
                "tables/table_0/var/_index/.zarray",
                "tables/table_0/var/_index/.zattrs",
                "tables/table_0/var/_index/0",
                "tables/table_0/var/feature_types",
                "tables/table_0/var/feature_types/.zarray",
                "tables/table_0/var/feature_types/.zattrs",
                "tables/table_0/var/feature_types/0",
                "tables/table_0/var/gene_ids",
                "tables/table_0/var/gene_ids/.zarray",
                "tables/table_0/var/gene_ids/.zattrs",
                "tables/table_0/var/gene_ids/0",
                "tables/table_0/var/genome",
                "tables/table_0/var/genome/.zarray",
                "tables/table_0/var/genome/.zattrs",
                "tables/table_0/var/genome/0",
                "tables/table_0/varm",
                "tables/table_0/varm/.zattrs",
                "tables/table_0/varm/.zgroup",
                "tables/table_0/varp",
                "tables/table_0/varp/.zattrs",
                "tables/table_0/varp/.zgroup",
                "tables/table_1",
                "tables/table_1/.zattrs",
                "tables/table_1/.zgroup",
                "tables/table_1/X",
                "tables/table_1/X/.zattrs",
                "tables/table_1/X/.zgroup",
                "tables/table_1/X/data",
                "tables/table_1/X/data/.zarray",
                "tables/table_1/X/data/0",
                "tables/table_1/X/indices",
                "tables/table_1/X/indices/.zarray",
                "tables/table_1/X/indices/0",
                "tables/table_1/X/indptr",
                "tables/table_1/X/indptr/.zarray",
                "tables/table_1/X/indptr/0",
                "tables/table_1/layers",
                "tables/table_1/layers/.zattrs",
                "tables/table_1/layers/.zgroup",
                "tables/table_1/obs",
                "tables/table_1/obs/.zattrs",
                "tables/table_1/obs/.zgroup",
                "tables/table_1/obs/_index",
                "tables/table_1/obs/_index/.zarray",
                "tables/table_1/obs/_index/.zattrs",
                "tables/table_1/obs/_index/0",
                "tables/table_1/obs/array_col",
                "tables/table_1/obs/array_col/.zarray",
                "tables/table_1/obs/array_col/.zattrs",
                "tables/table_1/obs/array_col/0",
                "tables/table_1/obs/array_row",
                "tables/table_1/obs/array_row/.zarray",
                "tables/table_1/obs/array_row/.zattrs",
                "tables/table_1/obs/array_row/0",
                "tables/table_1/obs/in_tissue",
                "tables/table_1/obs/in_tissue/.zarray",
                "tables/table_1/obs/in_tissue/.zattrs",
                "tables/table_1/obs/in_tissue/0",
                "tables/table_1/obs/region",
                "tables/table_1/obs/region/.zattrs",
                "tables/table_1/obs/region/.zgroup",
                "tables/table_1/obs/region/categories",
                "tables/table_1/obs/region/categories/.zarray",
                "tables/table_1/obs/region/categories/.zattrs",
                "tables/table_1/obs/region/categories/0",
                "tables/table_1/obs/region/codes",
                "tables/table_1/obs/region/codes/.zarray",
                "tables/table_1/obs/region/codes/.zattrs",
                "tables/table_1/obs/region/codes/0",
                "tables/table_1/obs/spot_id",
                "tables/table_1/obs/spot_id/.zarray",
                "tables/table_1/obs/spot_id/.zattrs",
                "tables/table_1/obs/spot_id/0",
                "tables/table_1/obsm",
                "tables/table_1/obsm/.zattrs",
                "tables/table_1/obsm/.zgroup",
                "tables/table_1/obsm/spatial",
                "tables/table_1/obsm/spatial/.zarray",
                "tables/table_1/obsm/spatial/.zattrs",
                "tables/table_1/obsm/spatial/0",
                "tables/table_1/obsm/spatial/0/0",
                "tables/table_1/obsp",
                "tables/table_1/obsp/.zattrs",
                "tables/table_1/obsp/.zgroup",
                "tables/table_1/raw",
                "tables/table_1/raw/.zarray",
                "tables/table_1/raw/.zattrs",
                "tables/table_1/raw/0",
                "tables/table_1/uns",
                "tables/table_1/uns/.zattrs",
                "tables/table_1/uns/.zgroup",
                "tables/table_1/uns/spatial",
                "tables/table_1/uns/spatial/.zattrs",
                "tables/table_1/uns/spatial/.zgroup",
                "tables/table_1/uns/spatial/CytAssist_11mm_FFPE_Human_Glioblastoma_2.2",
                "tables/table_1/uns/spatial/CytAssist_11mm_FFPE_Human_Glioblastoma_2.2/.zattrs",
                "tables/table_1/uns/spatial/CytAssist_11mm_FFPE_Human_Glioblastoma_2.2/.zgroup",
                "tables/table_1/uns/spatial/CytAssist_11mm_FFPE_Human_Glioblastoma_2.2/metadata",
                "tables/table_1/uns/spatial/CytAssist_11mm_FFPE_Human_Glioblastoma_2.2/metadata/.zattrs",
                "tables/table_1/uns/spatial/CytAssist_11mm_FFPE_Human_Glioblastoma_2.2/metadata/.zgroup",
                "tables/table_1/uns/spatial/CytAssist_11mm_FFPE_Human_Glioblastoma_2.2/metadata/chemistry_description",
                "tables/table_1/uns/spatial/CytAssist_11mm_FFPE_Human_Glioblastoma_2.2/metadata/chemistry_description/.zarray",
                "tables/table_1/uns/spatial/CytAssist_11mm_FFPE_Human_Glioblastoma_2.2/metadata/chemistry_description/.zattrs",
                "tables/table_1/uns/spatial/CytAssist_11mm_FFPE_Human_Glioblastoma_2.2/metadata/chemistry_description/0",
                "tables/table_1/uns/spatial/CytAssist_11mm_FFPE_Human_Glioblastoma_2.2/metadata/software_version",
                "tables/table_1/uns/spatial/CytAssist_11mm_FFPE_Human_Glioblastoma_2.2/metadata/software_version/.zarray",
                "tables/table_1/uns/spatial/CytAssist_11mm_FFPE_Human_Glioblastoma_2.2/metadata/software_version/.zattrs",
                "tables/table_1/uns/spatial/CytAssist_11mm_FFPE_Human_Glioblastoma_2.2/metadata/software_version/0",
                "tables/table_1/uns/spatialdata_attrs",
                "tables/table_1/uns/spatialdata_attrs/.zattrs",
                "tables/table_1/uns/spatialdata_attrs/.zgroup",
                "tables/table_1/uns/spatialdata_attrs/instance_key",
                "tables/table_1/uns/spatialdata_attrs/instance_key/.zarray",
                "tables/table_1/uns/spatialdata_attrs/instance_key/.zattrs",
                "tables/table_1/uns/spatialdata_attrs/instance_key/0",
                "tables/table_1/uns/spatialdata_attrs/region",
                "tables/table_1/uns/spatialdata_attrs/region/.zarray",
                "tables/table_1/uns/spatialdata_attrs/region/.zattrs",
                "tables/table_1/uns/spatialdata_attrs/region/0",
                "tables/table_1/uns/spatialdata_attrs/region_key",
                "tables/table_1/uns/spatialdata_attrs/region_key/.zarray",
                "tables/table_1/uns/spatialdata_attrs/region_key/.zattrs",
                "tables/table_1/uns/spatialdata_attrs/region_key/0",
                "tables/table_1/var",
                "tables/table_1/var/.zattrs",
                "tables/table_1/var/.zgroup",
                "tables/table_1/var/_index",
                "tables/table_1/var/_index/.zarray",
                "tables/table_1/var/_index/.zattrs",
                "tables/table_1/var/_index/0",
                "tables/table_1/var/feature_types",
                "tables/table_1/var/feature_types/.zarray",
                "tables/table_1/var/feature_types/.zattrs",
                "tables/table_1/var/feature_types/0",
                "tables/table_1/var/gene_ids",
                "tables/table_1/var/gene_ids/.zarray",
                "tables/table_1/var/gene_ids/.zattrs",
                "tables/table_1/var/gene_ids/0",
                "tables/table_1/var/genome",
                "tables/table_1/var/genome/.zarray",
                "tables/table_1/var/genome/.zattrs",
                "tables/table_1/var/genome/0",
                "tables/table_1/varm",
                "tables/table_1/varm/.zattrs",
                "tables/table_1/varm/.zgroup",
                "tables/table_1/varp",
                "tables/table_1/varp/.zattrs",
                "tables/table_1/varp/.zgroup",
                "zmetadata"
            ]
        ],
        "timestamp": "2026-03-31T13:03:39.340233",
        "meta": {
            "nf-test": "0.9.5",
            "nextflow": "25.10.4"
        }
    },
    "homo_sapiens - zarr - stub": {
        "content": [
            {
                "0": [
                    [
                        ".zgroup:md5,d41d8cd98f00b204e9800998ecf8427e"
                    ]
                ],
                "1": [
                    "versions.yml:md5,d41d8cd98f00b204e9800998ecf8427e"
                ],
                "sdata": [
                    [
                        ".zgroup:md5,d41d8cd98f00b204e9800998ecf8427e"
                    ]
                ],
                "versions": [
                    "versions.yml:md5,d41d8cd98f00b204e9800998ecf8427e"
                ]
            }
        ],
        "timestamp": "2026-03-31T13:08:42.980055",
        "meta": {
            "nf-test": "0.9.5",
            "nextflow": "25.10.4"
        }
    }
}