{
    "homo_sapiens - h5ad - with highly variable genes": {
        "content": [
            [
                "versions.yml:md5,72a45b1aedaf9f2f5dcedffc73b2a79b"
            ],
            "n_obs: 12940\nn_vars: 9887\nobs:\n  index: _index\n  columns:\n    - sample\nvar:\n  index: _index\n  columns:\n    - dispersions\n    - dispersions_norm\n    - highly_variable\n    - means\n    - symbols\nlayers:\n  - counts\nobsm:\n  - X_pca\nvarm:\n  - PCs\nobsp:\nvarp:\nuns:\n  - hvg\n  - log1p\n  - normalization\n  - pca\n"
        ],
        "timestamp": "2026-03-28T07:22:46.830385",
        "meta": {
            "nf-test": "0.9.5",
            "nextflow": "25.10.4"
        }
    },
    "homo_sapiens - h5ad": {
        "content": [
            [
                "versions.yml:md5,72a45b1aedaf9f2f5dcedffc73b2a79b"
            ],
            "n_obs: 12940\nn_vars: 9887\nobs:\n  index: _index\n  columns:\n    - sample\nvar:\n  index: _index\n  columns:\n    - symbols\nlayers:\n  - counts\nobsm:\n  - X_pca\nvarm:\n  - PCs\nobsp:\nvarp:\nuns:\n  - pca\n"
        ],
        "timestamp": "2026-03-26T15:48:06.951826",
        "meta": {
            "nf-test": "0.9.5",
            "nextflow": "25.10.4"
        }
    },
    "homo_sapiens - h5ad - stub": {
        "content": [
            {
                "0": [
                    [
                        {
                            "id": "test"
                        },
                        "test.h5ad:md5,d41d8cd98f00b204e9800998ecf8427e"
                    ]
                ],
                "1": [
                    "versions.yml:md5,d41d8cd98f00b204e9800998ecf8427e"
                ],
                "adata": [
                    [
                        {
                            "id": "test"
                        },
                        "test.h5ad:md5,d41d8cd98f00b204e9800998ecf8427e"
                    ]
                ],
                "versions": [
                    "versions.yml:md5,d41d8cd98f00b204e9800998ecf8427e"
                ]
            }
        ],
        "timestamp": "2026-03-25T14:04:00.298924",
        "meta": {
            "nf-test": "0.9.5",
            "nextflow": "25.10.4"
        }
    }
}