{
    "homo_sapiens - h5ad - with highly variable genes": {
        "content": [
            [
                "versions.yml:md5,72a45b1aedaf9f2f5dcedffc73b2a79b"
            ],
            {
                "n_obs": 12940,
                "n_vars": 9887,
                "obs": {
                    "index": "_index",
                    "columns": [
                        "sample"
                    ]
                },
                "var": {
                    "index": "_index",
                    "columns": [
                        "dispersions",
                        "dispersions_norm",
                        "highly_variable",
                        "means",
                        "symbols"
                    ]
                },
                "layers": [
                    "counts"
                ],
                "obsm": [
                    "X_pca"
                ],
                "varm": [
                    "PCs"
                ],
                "obsp": [
                    
                ],
                "varp": [
                    
                ],
                "uns": [
                    "hvg",
                    "log1p",
                    "normalization",
                    "pca"
                ]
            }
        ],
        "timestamp": "2026-03-30T07:15:04.797125",
        "meta": {
            "nf-test": "0.9.5",
            "nextflow": "25.10.4"
        }
    },
    "homo_sapiens - h5ad": {
        "content": [
            [
                "versions.yml:md5,72a45b1aedaf9f2f5dcedffc73b2a79b"
            ],
            {
                "n_obs": 12940,
                "n_vars": 9887,
                "obs": {
                    "index": "_index",
                    "columns": [
                        "sample"
                    ]
                },
                "var": {
                    "index": "_index",
                    "columns": [
                        "symbols"
                    ]
                },
                "layers": [
                    "counts"
                ],
                "obsm": [
                    "X_pca"
                ],
                "varm": [
                    "PCs"
                ],
                "obsp": [
                    
                ],
                "varp": [
                    
                ],
                "uns": [
                    "pca"
                ]
            }
        ],
        "timestamp": "2026-03-30T07:15:15.753431",
        "meta": {
            "nf-test": "0.9.5",
            "nextflow": "25.10.4"
        }
    },
    "homo_sapiens - h5ad - stub": {
        "content": [
            {
                "0": [
                    [
                        {
                            "id": "CytAssist_11mm_FFPE_Human_Glioblastoma_2"
                        },
                        "CytAssist_11mm_FFPE_Human_Glioblastoma_2.h5ad:md5,d41d8cd98f00b204e9800998ecf8427e"
                    ]
                ],
                "1": [
                    "versions.yml:md5,d41d8cd98f00b204e9800998ecf8427e"
                ],
                "adata": [
                    [
                        {
                            "id": "CytAssist_11mm_FFPE_Human_Glioblastoma_2"
                        },
                        "CytAssist_11mm_FFPE_Human_Glioblastoma_2.h5ad:md5,d41d8cd98f00b204e9800998ecf8427e"
                    ]
                ],
                "versions": [
                    "versions.yml:md5,d41d8cd98f00b204e9800998ecf8427e"
                ]
            }
        ],
        "timestamp": "2026-04-01T21:01:44.43347",
        "meta": {
            "nf-test": "0.9.5",
            "nextflow": "25.10.4"
        }
    }
}