{
    "homo_sapiens - h5ad": {
        "content": [
            {
                "0": [
                    "merged.h5ad:md5,3727eaf0c917e5b36cce792815fa1514"
                ],
                "1": [
                    "versions.yml:md5,504a0fc917d98309ce187dd230c92143"
                ],
                "adata": [
                    "merged.h5ad:md5,3727eaf0c917e5b36cce792815fa1514"
                ],
                "versions": [
                    "versions.yml:md5,504a0fc917d98309ce187dd230c92143"
                ]
            }
        ],
        "timestamp": "2026-03-25T18:43:29.195316",
        "meta": {
            "nf-test": "0.9.5",
            "nextflow": "25.10.4"
        }
    },
    "homo_sapiens - h5ad - stub": {
        "content": [
            {
                "0": [
                    "merged.h5ad:md5,d41d8cd98f00b204e9800998ecf8427e"
                ],
                "1": [
                    "versions.yml:md5,d41d8cd98f00b204e9800998ecf8427e"
                ],
                "adata": [
                    "merged.h5ad:md5,d41d8cd98f00b204e9800998ecf8427e"
                ],
                "versions": [
                    "versions.yml:md5,d41d8cd98f00b204e9800998ecf8427e"
                ]
            }
        ],
        "timestamp": "2026-03-25T15:38:56.372071",
        "meta": {
            "nf-test": "0.9.5",
            "nextflow": "25.10.4"
        }
    }
}