{
    "nf_core_pipeline_software_mqc_versions.yml": {
        "content": [
            "{FASTQC={fastqc=0.12.1}, SPACERANGER_COUNT={spaceranger=2.1.0}, SPACERANGER_UNTAR_REFERENCE={untar=1.3}, ST_CLUSTERING={quarto=1.4.549, papermill=null}, ST_QUALITY_CONTROLS={quarto=1.4.549, papermill=null}, ST_READ_DATA={scanpy=1.9.8}, ST_SPATIALLY_VARIABLE_GENES={quarto=1.4.549, papermill=null}, UNTAR_SPACERANGER_INPUT={untar=1.3}, Workflow={nf-core/spatialtranscriptomics=v1.0dev}}"
        ],
        "meta": {
            "nf-test": "0.8.4",
            "nextflow": "23.10.1"
        },
        "timestamp": "2024-03-07T14:28:20.163729"
    }
}
