{
    "homo_sapiens - h5ad": {
        "content": [
            {
                "0": [
                    [
                        {
                            "id": "test"
                        },
                        "test.h5ad:md5,1b0e9574737ae50a6070529aa8d3f3c4"
                    ]
                ],
                "1": [
                    [
                        {
                            "id": "test"
                        },
                        "test_stats.json:md5,e0fc8291b21b9166c61ea09bbbe30730"
                    ]
                ],
                "2": [
                    "versions.yml:md5,b6a994de579a3ecaab530e42ab0b9d2d"
                ],
                "adata": [
                    [
                        {
                            "id": "test"
                        },
                        "test.h5ad:md5,1b0e9574737ae50a6070529aa8d3f3c4"
                    ]
                ],
                "stats": [
                    [
                        {
                            "id": "test"
                        },
                        "test_stats.json:md5,e0fc8291b21b9166c61ea09bbbe30730"
                    ]
                ],
                "versions": [
                    "versions.yml:md5,b6a994de579a3ecaab530e42ab0b9d2d"
                ]
            }
        ],
        "timestamp": "2026-03-25T18:33:00.154373",
        "meta": {
            "nf-test": "0.9.5",
            "nextflow": "25.10.4"
        }
    },
    "homo_sapiens - h5ad - stub": {
        "content": [
            {
                "0": [
                    [
                        {
                            "id": "test"
                        },
                        "test.h5ad:md5,d41d8cd98f00b204e9800998ecf8427e"
                    ]
                ],
                "1": [
                    [
                        {
                            "id": "test"
                        },
                        "test_stats.json:md5,8a80554c91d9fca8acb82f023de02f11"
                    ]
                ],
                "2": [
                    "versions.yml:md5,d41d8cd98f00b204e9800998ecf8427e"
                ],
                "adata": [
                    [
                        {
                            "id": "test"
                        },
                        "test.h5ad:md5,d41d8cd98f00b204e9800998ecf8427e"
                    ]
                ],
                "stats": [
                    [
                        {
                            "id": "test"
                        },
                        "test_stats.json:md5,8a80554c91d9fca8acb82f023de02f11"
                    ]
                ],
                "versions": [
                    "versions.yml:md5,d41d8cd98f00b204e9800998ecf8427e"
                ]
            }
        ],
        "timestamp": "2026-03-25T13:22:33.571041",
        "meta": {
            "nf-test": "0.9.5",
            "nextflow": "25.10.4"
        }
    }
}