{
    "homo_sapiens - h5ad": {
        "content": [
            [
                "versions.yml:md5,b6a994de579a3ecaab530e42ab0b9d2d"
            ],
            {
                "n_obs": 9,
                "n_vars": 1015,
                "obs": {
                    "index": "_index",
                    "columns": [
                        "n_counts",
                        "n_genes",
                        "n_genes_by_counts",
                        "pct_counts_hb",
                        "pct_counts_in_top_100_genes",
                        "pct_counts_in_top_200_genes",
                        "pct_counts_in_top_500_genes",
                        "pct_counts_in_top_50_genes",
                        "pct_counts_mt",
                        "pct_counts_ribo",
                        "sample",
                        "total_counts",
                        "total_counts_hb",
                        "total_counts_mt",
                        "total_counts_ribo"
                    ]
                },
                "var": {
                    "index": "_index",
                    "columns": [
                        "hb",
                        "mean_counts",
                        "mt",
                        "n_cells",
                        "n_cells_by_counts",
                        "pct_dropout_by_counts",
                        "ribo",
                        "symbols",
                        "total_counts"
                    ]
                },
                "layers": [
                    "counts",
                    "raw"
                ],
                "obsm": [
                    
                ],
                "varm": [
                    
                ],
                "obsp": [
                    
                ],
                "varp": [
                    
                ],
                "uns": [
                    "filtering_stats"
                ]
            },
            [
                [
                    {
                        "id": "test"
                    },
                    "test_stats.json:md5,e0fc8291b21b9166c61ea09bbbe30730"
                ]
            ]
        ],
        "timestamp": "2026-03-30T07:10:19.878926",
        "meta": {
            "nf-test": "0.9.5",
            "nextflow": "25.10.4"
        }
    },
    "homo_sapiens - h5ad - stub": {
        "content": [
            {
                "0": [
                    [
                        {
                            "id": "test"
                        },
                        "test.h5ad:md5,d41d8cd98f00b204e9800998ecf8427e"
                    ]
                ],
                "1": [
                    [
                        {
                            "id": "test"
                        },
                        "test_stats.json:md5,8a80554c91d9fca8acb82f023de02f11"
                    ]
                ],
                "2": [
                    "versions.yml:md5,d41d8cd98f00b204e9800998ecf8427e"
                ],
                "adata": [
                    [
                        {
                            "id": "test"
                        },
                        "test.h5ad:md5,d41d8cd98f00b204e9800998ecf8427e"
                    ]
                ],
                "stats": [
                    [
                        {
                            "id": "test"
                        },
                        "test_stats.json:md5,8a80554c91d9fca8acb82f023de02f11"
                    ]
                ],
                "versions": [
                    "versions.yml:md5,d41d8cd98f00b204e9800998ecf8427e"
                ]
            }
        ],
        "timestamp": "2026-03-25T13:22:33.571041",
        "meta": {
            "nf-test": "0.9.5",
            "nextflow": "25.10.4"
        }
    }
}