{
    "homo_sapiens - h5ad - no h5ad output": {
        "content": [
            [
                "versions.yml:md5,3ed02ce5d9eb07b2e974b8d7b80e7c8d"
            ],
            [
                "connectivities.pkl",
                "distances.pkl"
            ],
            [
                "neighbors.pkl"
            ]
        ],
        "timestamp": "2026-10-01T13:58:01.71553",
        "meta": {
            "nf-test": "0.9.5",
            "nextflow": "26.04.6"
        }
    },
    "homo_sapiens - h5ad - stub": {
        "content": [
            {
                "0": [
                    [
                        {
                            "id": "CytAssist_11mm_FFPE_Human_Glioblastoma_2"
                        },
                        "CytAssist_11mm_FFPE_Human_Glioblastoma_2.h5ad:md5,d41d8cd98f00b204e9800998ecf8427e"
                    ]
                ],
                "1": [
                    [
                        {
                            "id": "CytAssist_11mm_FFPE_Human_Glioblastoma_2"
                        },
                        [
                            "connectivities.pkl:md5,d41d8cd98f00b204e9800998ecf8427e",
                            "distances.pkl:md5,d41d8cd98f00b204e9800998ecf8427e"
                        ]
                    ]
                ],
                "2": [
                    [
                        {
                            "id": "CytAssist_11mm_FFPE_Human_Glioblastoma_2"
                        },
                        "neighbors.pkl:md5,d41d8cd98f00b204e9800998ecf8427e"
                    ]
                ],
                "3": [
                    "versions.yml:md5,d41d8cd98f00b204e9800998ecf8427e"
                ],
                "adata": [
                    [
                        {
                            "id": "CytAssist_11mm_FFPE_Human_Glioblastoma_2"
                        },
                        "CytAssist_11mm_FFPE_Human_Glioblastoma_2.h5ad:md5,d41d8cd98f00b204e9800998ecf8427e"
                    ]
                ],
                "obsp": [
                    [
                        {
                            "id": "CytAssist_11mm_FFPE_Human_Glioblastoma_2"
                        },
                        [
                            "connectivities.pkl:md5,d41d8cd98f00b204e9800998ecf8427e",
                            "distances.pkl:md5,d41d8cd98f00b204e9800998ecf8427e"
                        ]
                    ]
                ],
                "uns": [
                    [
                        {
                            "id": "CytAssist_11mm_FFPE_Human_Glioblastoma_2"
                        },
                        "neighbors.pkl:md5,d41d8cd98f00b204e9800998ecf8427e"
                    ]
                ],
                "versions": [
                    "versions.yml:md5,d41d8cd98f00b204e9800998ecf8427e"
                ]
            }
        ],
        "timestamp": "2026-10-01T11:24:50.713975",
        "meta": {
            "nf-test": "0.9.5",
            "nextflow": "26.04.6"
        }
    },
    "homo_sapiens - h5ad - with pca": {
        "content": [
            [
                "versions.yml:md5,3ed02ce5d9eb07b2e974b8d7b80e7c8d"
            ],
            {
                "n_obs": 12940,
                "n_vars": 9887,
                "obs": {
                    "index": "_index",
                    "columns": [
                        "sample"
                    ]
                },
                "var": {
                    "index": "_index",
                    "columns": [
                        "symbols"
                    ]
                },
                "layers": [
                    "counts"
                ],
                "obsm": [
                    "X_pca"
                ],
                "varm": [
                    "PCs"
                ],
                "obsp": [
                    "connectivities",
                    "distances"
                ],
                "varp": [
                    
                ],
                "uns": [
                    "neighbors",
                    "pca"
                ]
            },
            [
                "connectivities.pkl",
                "distances.pkl"
            ],
            [
                "neighbors.pkl"
            ]
        ],
        "timestamp": "2026-10-01T13:57:24.349215",
        "meta": {
            "nf-test": "0.9.5",
            "nextflow": "26.04.6"
        }
    }
}