{
    "homo_sapiens - h5ad": {
        "content": [
            [
                "versions.yml:md5,3ed02ce5d9eb07b2e974b8d7b80e7c8d"
            ],
            "n_obs: 12940\nn_vars: 9887\nobs:\n  index: _index\n  columns:\n    - sample\nvar:\n  index: _index\n  columns:\n    - symbols\nlayers:\n  - counts\nobsm:\n  - X_pca\nvarm:\n  - PCs\nobsp:\n  - connectivities\n  - distances\nvarp:\nuns:\n  - neighbors\n  - pca\n"
        ],
        "timestamp": "2026-03-26T15:47:03.060214",
        "meta": {
            "nf-test": "0.9.5",
            "nextflow": "25.10.4"
        }
    },
    "homo_sapiens - h5ad - stub": {
        "content": [
            {
                "0": [
                    [
                        {
                            "id": "test"
                        },
                        "test.h5ad:md5,d41d8cd98f00b204e9800998ecf8427e"
                    ]
                ],
                "1": [
                    "versions.yml:md5,d41d8cd98f00b204e9800998ecf8427e"
                ],
                "adata": [
                    [
                        {
                            "id": "test"
                        },
                        "test.h5ad:md5,d41d8cd98f00b204e9800998ecf8427e"
                    ]
                ],
                "versions": [
                    "versions.yml:md5,d41d8cd98f00b204e9800998ecf8427e"
                ]
            }
        ],
        "timestamp": "2026-03-25T14:24:26.382796",
        "meta": {
            "nf-test": "0.9.5",
            "nextflow": "25.10.4"
        }
    },
    "homo_sapiens - h5ad - with pca": {
        "content": [
            [
                "versions.yml:md5,3ed02ce5d9eb07b2e974b8d7b80e7c8d"
            ],
            "n_obs: 12940\nn_vars: 9887\nobs:\n  index: _index\n  columns:\n    - sample\nvar:\n  index: _index\n  columns:\n    - symbols\nlayers:\n  - counts\nobsm:\n  - X_pca\nvarm:\n  - PCs\nobsp:\n  - connectivities\n  - distances\nvarp:\nuns:\n  - neighbors\n  - pca\n"
        ],
        "timestamp": "2026-03-26T15:44:42.390241",
        "meta": {
            "nf-test": "0.9.5",
            "nextflow": "25.10.4"
        }
    }
}