{
    "homo_sapiens - h5ad": {
        "content": [
            [
                "versions.yml:md5,644846add945175d74eb0fce068a0241"
            ],
            {
                "n_obs": 12940,
                "n_vars": 9887,
                "obs": {
                    "index": "_index",
                    "columns": [
                        "sample"
                    ]
                },
                "var": {
                    "index": "_index",
                    "columns": [
                        "dispersions",
                        "dispersions_norm",
                        "highly_variable",
                        "means",
                        "symbols"
                    ]
                },
                "layers": [
                    "counts"
                ],
                "obsm": [
                    "X_pca",
                    "X_umap"
                ],
                "varm": [
                    "PCs"
                ],
                "obsp": [
                    "connectivities",
                    "distances"
                ],
                "varp": [
                    
                ],
                "uns": [
                    "X_umap",
                    "hvg",
                    "log1p",
                    "neighbors",
                    "normalization",
                    "pca"
                ]
            }
        ],
        "timestamp": "2026-03-30T07:21:01.367176",
        "meta": {
            "nf-test": "0.9.5",
            "nextflow": "25.10.4"
        }
    },
    "homo_sapiens - h5ad - stub": {
        "content": [
            {
                "0": [
                    [
                        {
                            "id": "test"
                        },
                        "test.h5ad:md5,d41d8cd98f00b204e9800998ecf8427e"
                    ]
                ],
                "1": [
                    "versions.yml:md5,d41d8cd98f00b204e9800998ecf8427e"
                ],
                "adata": [
                    [
                        {
                            "id": "test"
                        },
                        "test.h5ad:md5,d41d8cd98f00b204e9800998ecf8427e"
                    ]
                ],
                "versions": [
                    "versions.yml:md5,d41d8cd98f00b204e9800998ecf8427e"
                ]
            }
        ],
        "timestamp": "2026-03-25T14:45:53.282745",
        "meta": {
            "nf-test": "0.9.5",
            "nextflow": "25.10.4"
        }
    }
}