{
    "homo_sapiens - h5ad": {
        "content": [
            {
                "0": [
                    [
                        {
                            "id": "test"
                        },
                        "test.h5ad:md5,570c30c6d52f5922cbe22ba180b0f4f0"
                    ]
                ],
                "1": [
                    "versions.yml:md5,644846add945175d74eb0fce068a0241"
                ],
                "adata": [
                    [
                        {
                            "id": "test"
                        },
                        "test.h5ad:md5,570c30c6d52f5922cbe22ba180b0f4f0"
                    ]
                ],
                "versions": [
                    "versions.yml:md5,644846add945175d74eb0fce068a0241"
                ]
            }
        ],
        "timestamp": "2026-03-25T15:07:59.28231",
        "meta": {
            "nf-test": "0.9.5",
            "nextflow": "25.10.4"
        }
    },
    "homo_sapiens - h5ad - stub": {
        "content": [
            {
                "0": [
                    [
                        {
                            "id": "test"
                        },
                        "test.h5ad:md5,d41d8cd98f00b204e9800998ecf8427e"
                    ]
                ],
                "1": [
                    "versions.yml:md5,d41d8cd98f00b204e9800998ecf8427e"
                ],
                "adata": [
                    [
                        {
                            "id": "test"
                        },
                        "test.h5ad:md5,d41d8cd98f00b204e9800998ecf8427e"
                    ]
                ],
                "versions": [
                    "versions.yml:md5,d41d8cd98f00b204e9800998ecf8427e"
                ]
            }
        ],
        "timestamp": "2026-03-25T14:45:53.282745",
        "meta": {
            "nf-test": "0.9.5",
            "nextflow": "25.10.4"
        }
    }
}