{
    "homo_sapiens - h5ad": {
        "content": [
            {
                "0": [
                    [
                        {
                            "id": "test"
                        },
                        "test.h5ad:md5,ab75d54caa16f9e4d5ce138f116e5d85"
                    ]
                ],
                "1": [
                    [
                        {
                            "id": "test"
                        },
                        [
                            ".zattrs:md5,c596ab3fac7f202e14f6c9bf492f74c4",
                            ".zgroup:md5,e20297935e73dd0154104d4ea53040ab",
                            [
                                ".zgroup:md5,e20297935e73dd0154104d4ea53040ab",
                                [
                                    ".zattrs:md5,07e066a5412a2a9dfcb2f55af474f1e6",
                                    ".zgroup:md5,e20297935e73dd0154104d4ea53040ab",
                                    [
                                        ".zarray:md5,cd1a9d94fb5446dfe86037d613f5da50",
                                        [
                                            [
                                                "0:md5,986c15a5d2a31b67327730cfb5d71bd8"
                                            ]
                                        ]
                                    ]
                                ],
                                [
                                    ".zattrs:md5,1d1c16341df4fe46c7a3c5d9bced92f3",
                                    ".zgroup:md5,e20297935e73dd0154104d4ea53040ab",
                                    [
                                        ".zarray:md5,928fe34e2f923541a8361a144a186075",
                                        [
                                            [
                                                "0:md5,679cdd236459403f680d7fe38f9e9d0f"
                                            ]
                                        ]
                                    ]
                                ]
                            ],
                            [
                                ".zgroup:md5,e20297935e73dd0154104d4ea53040ab",
                                [
                                    ".zattrs:md5,b9776a8655bbb11368a4bdbdf2d99212",
                                    ".zgroup:md5,e20297935e73dd0154104d4ea53040ab",
                                    "shapes.parquet:md5,9802613debd13c59c0e22ca90a1daec8"
                                ]
                            ],
                            [
                                ".zgroup:md5,e20297935e73dd0154104d4ea53040ab",
                                [
                                    ".zattrs:md5,f634f23001ac2a9f91c278b6352367fd",
                                    ".zgroup:md5,e20297935e73dd0154104d4ea53040ab",
                                    [
                                        ".zattrs:md5,0d2b687a53731cdff8207af4977e079f",
                                        ".zgroup:md5,e20297935e73dd0154104d4ea53040ab",
                                        [
                                            ".zarray:md5,a06b8b138baea3677a51037f85d8c1ab",
                                            "0:md5,319deb74a64b2de97c48f5dac2ee59d3"
                                        ],
                                        [
                                            ".zarray:md5,cd2edb64e801db76f70e274f2e8afd29",
                                            "0:md5,43ac2db8ba9bceaa2a21863b46334848"
                                        ],
                                        [
                                            ".zarray:md5,d59a8e3a4ffe2da9aa6e9f4c2547fc7c",
                                            "0:md5,f1ad01356c5cba33b0abcf75dafa3ebd"
                                        ]
                                    ],
                                    [
                                        ".zattrs:md5,8d5893138e4f007b40857e2a95bbc5f1",
                                        ".zgroup:md5,e20297935e73dd0154104d4ea53040ab"
                                    ],
                                    [
                                        ".zattrs:md5,b43be1f3872b2464b9d856174e901499",
                                        ".zgroup:md5,e20297935e73dd0154104d4ea53040ab",
                                        [
                                            ".zarray:md5,fbbc03da5c0c77aa9e9d81452383d026",
                                            ".zattrs:md5,c6759c37f5968bbe26a24623923e9002",
                                            "0:md5,cbd65996278715a462888986eb0a134d"
                                        ],
                                        [
                                            ".zarray:md5,afa2902f3dfa2527205b18d938b2489a",
                                            ".zattrs:md5,a5993752ffd33ab722d89eb624a05434",
                                            "0:md5,8b81ff902ba87fca32006e0a4647414e"
                                        ],
                                        [
                                            ".zarray:md5,afa2902f3dfa2527205b18d938b2489a",
                                            ".zattrs:md5,a5993752ffd33ab722d89eb624a05434",
                                            "0:md5,7fb3ad7cbb6ff265533973262f0a5a97"
                                        ],
                                        [
                                            ".zarray:md5,afa2902f3dfa2527205b18d938b2489a",
                                            ".zattrs:md5,a5993752ffd33ab722d89eb624a05434",
                                            "0:md5,b5c66725bdb65657ea0440c5748a4e5a"
                                        ],
                                        [
                                            ".zattrs:md5,ee9e2561ffa06a8a5b93ea6c0eff7377",
                                            ".zgroup:md5,e20297935e73dd0154104d4ea53040ab",
                                            [
                                                ".zarray:md5,8b7c1d3908cae5d4c2eddfc0369a608d",
                                                ".zattrs:md5,c6759c37f5968bbe26a24623923e9002",
                                                "0:md5,ef18b67aac8dbe4c61f1afd6d6665ee9"
                                            ],
                                            [
                                                ".zarray:md5,ce80ce45f5815a536b8f585a5bd17bd8",
                                                ".zattrs:md5,a5993752ffd33ab722d89eb624a05434",
                                                "0:md5,206cc7a8db72fd9fb3afaf2aa99f0219"
                                            ]
                                        ],
                                        [
                                            ".zarray:md5,afa2902f3dfa2527205b18d938b2489a",
                                            ".zattrs:md5,a5993752ffd33ab722d89eb624a05434",
                                            "0:md5,a1820bd90377b75057e8e73cc180a3f0"
                                        ]
                                    ],
                                    [
                                        ".zattrs:md5,8d5893138e4f007b40857e2a95bbc5f1",
                                        ".zgroup:md5,e20297935e73dd0154104d4ea53040ab",
                                        [
                                            ".zarray:md5,0729263de6b35882e08b7b5250498655",
                                            ".zattrs:md5,a5993752ffd33ab722d89eb624a05434",
                                            [
                                                "0:md5,a734121c53fd6ac11a5958895f479add"
                                            ]
                                        ]
                                    ],
                                    [
                                        ".zattrs:md5,8d5893138e4f007b40857e2a95bbc5f1",
                                        ".zgroup:md5,e20297935e73dd0154104d4ea53040ab"
                                    ],
                                    [
                                        ".zarray:md5,1c1b17927b9dcdd66d121d908bda13c4",
                                        ".zattrs:md5,1b48ba7b192f48fd50478b6e4babbdd9",
                                        "0:md5,7dea362b3fac8e00956a4952a3d4f474"
                                    ],
                                    [
                                        ".zattrs:md5,8d5893138e4f007b40857e2a95bbc5f1",
                                        ".zgroup:md5,e20297935e73dd0154104d4ea53040ab",
                                        [
                                            ".zattrs:md5,8d5893138e4f007b40857e2a95bbc5f1",
                                            ".zgroup:md5,e20297935e73dd0154104d4ea53040ab",
                                            [
                                                ".zattrs:md5,8d5893138e4f007b40857e2a95bbc5f1",
                                                ".zgroup:md5,e20297935e73dd0154104d4ea53040ab",
                                                [
                                                    ".zattrs:md5,8d5893138e4f007b40857e2a95bbc5f1",
                                                    ".zgroup:md5,e20297935e73dd0154104d4ea53040ab",
                                                    [
                                                        ".zarray:md5,bc3efad369db7d95788f9c2df87e9d1b",
                                                        ".zattrs:md5,1a7eb7e8b68cabba6dac4016c39515b8",
                                                        "0:md5,1fd604c12b7596366b1060219c043be2"
                                                    ],
                                                    [
                                                        ".zarray:md5,4ee0db9305c15160aebaf22522f71168",
                                                        ".zattrs:md5,1a7eb7e8b68cabba6dac4016c39515b8",
                                                        "0:md5,3d4cb410d410fd949f381a6cae3b1ab4"
                                                    ]
                                                ]
                                            ]
                                        ],
                                        [
                                            ".zattrs:md5,8d5893138e4f007b40857e2a95bbc5f1",
                                            ".zgroup:md5,e20297935e73dd0154104d4ea53040ab",
                                            [
                                                ".zarray:md5,d36903528917a9947829b4c7d5b0b7a6",
                                                ".zattrs:md5,1a7eb7e8b68cabba6dac4016c39515b8",
                                                "0:md5,596c1c2c57f65a63f6c06829479b5a23"
                                            ],
                                            [
                                                ".zarray:md5,1f53762f48b35fa1462c46831a5fccac",
                                                ".zattrs:md5,1a7eb7e8b68cabba6dac4016c39515b8",
                                                "0:md5,53f61b9cf8745609c7b7fc3091bf4739"
                                            ],
                                            [
                                                ".zarray:md5,8fc125cd69697992f7c1a452d6a2100c",
                                                ".zattrs:md5,1a7eb7e8b68cabba6dac4016c39515b8",
                                                "0:md5,db5579ad8d3db867ffbb022212fd396f"
                                            ]
                                        ]
                                    ],
                                    [
                                        ".zattrs:md5,8daba7c9752027b0d0dce0e8fea2a3df",
                                        ".zgroup:md5,e20297935e73dd0154104d4ea53040ab",
                                        [
                                            ".zarray:md5,1cffe458291d50878206cdba22039194",
                                            ".zattrs:md5,c6759c37f5968bbe26a24623923e9002",
                                            "0:md5,b3276133b20574f55f449555b035a8cb"
                                        ],
                                        [
                                            ".zarray:md5,1cffe458291d50878206cdba22039194",
                                            ".zattrs:md5,c6759c37f5968bbe26a24623923e9002",
                                            "0:md5,a4c67c78a6fa3d1e0a137cc91633d36f"
                                        ],
                                        [
                                            ".zarray:md5,1cffe458291d50878206cdba22039194",
                                            ".zattrs:md5,c6759c37f5968bbe26a24623923e9002",
                                            "0:md5,dcc5eaf8af19894524a8846f6e004261"
                                        ],
                                        [
                                            ".zarray:md5,1cffe458291d50878206cdba22039194",
                                            ".zattrs:md5,c6759c37f5968bbe26a24623923e9002",
                                            "0:md5,f9d28f041b52571f9b58033435d41f9e"
                                        ]
                                    ],
                                    [
                                        ".zattrs:md5,8d5893138e4f007b40857e2a95bbc5f1",
                                        ".zgroup:md5,e20297935e73dd0154104d4ea53040ab"
                                    ],
                                    [
                                        ".zattrs:md5,8d5893138e4f007b40857e2a95bbc5f1",
                                        ".zgroup:md5,e20297935e73dd0154104d4ea53040ab"
                                    ]
                                ]
                            ],
                            "zmetadata:md5,34150e0385cd1646bb168c1af9d5d6d5"
                        ]
                    ]
                ],
                "2": [
                    "versions.yml:md5,f06afd6f97a6444b6f887d36e397792b"
                ],
                "adata": [
                    [
                        {
                            "id": "test"
                        },
                        "test.h5ad:md5,ab75d54caa16f9e4d5ce138f116e5d85"
                    ]
                ],
                "sdata": [
                    [
                        {
                            "id": "test"
                        },
                        [
                            ".zattrs:md5,c596ab3fac7f202e14f6c9bf492f74c4",
                            ".zgroup:md5,e20297935e73dd0154104d4ea53040ab",
                            [
                                ".zgroup:md5,e20297935e73dd0154104d4ea53040ab",
                                [
                                    ".zattrs:md5,07e066a5412a2a9dfcb2f55af474f1e6",
                                    ".zgroup:md5,e20297935e73dd0154104d4ea53040ab",
                                    [
                                        ".zarray:md5,cd1a9d94fb5446dfe86037d613f5da50",
                                        [
                                            [
                                                "0:md5,986c15a5d2a31b67327730cfb5d71bd8"
                                            ]
                                        ]
                                    ]
                                ],
                                [
                                    ".zattrs:md5,1d1c16341df4fe46c7a3c5d9bced92f3",
                                    ".zgroup:md5,e20297935e73dd0154104d4ea53040ab",
                                    [
                                        ".zarray:md5,928fe34e2f923541a8361a144a186075",
                                        [
                                            [
                                                "0:md5,679cdd236459403f680d7fe38f9e9d0f"
                                            ]
                                        ]
                                    ]
                                ]
                            ],
                            [
                                ".zgroup:md5,e20297935e73dd0154104d4ea53040ab",
                                [
                                    ".zattrs:md5,b9776a8655bbb11368a4bdbdf2d99212",
                                    ".zgroup:md5,e20297935e73dd0154104d4ea53040ab",
                                    "shapes.parquet:md5,9802613debd13c59c0e22ca90a1daec8"
                                ]
                            ],
                            [
                                ".zgroup:md5,e20297935e73dd0154104d4ea53040ab",
                                [
                                    ".zattrs:md5,f634f23001ac2a9f91c278b6352367fd",
                                    ".zgroup:md5,e20297935e73dd0154104d4ea53040ab",
                                    [
                                        ".zattrs:md5,0d2b687a53731cdff8207af4977e079f",
                                        ".zgroup:md5,e20297935e73dd0154104d4ea53040ab",
                                        [
                                            ".zarray:md5,a06b8b138baea3677a51037f85d8c1ab",
                                            "0:md5,319deb74a64b2de97c48f5dac2ee59d3"
                                        ],
                                        [
                                            ".zarray:md5,cd2edb64e801db76f70e274f2e8afd29",
                                            "0:md5,43ac2db8ba9bceaa2a21863b46334848"
                                        ],
                                        [
                                            ".zarray:md5,d59a8e3a4ffe2da9aa6e9f4c2547fc7c",
                                            "0:md5,f1ad01356c5cba33b0abcf75dafa3ebd"
                                        ]
                                    ],
                                    [
                                        ".zattrs:md5,8d5893138e4f007b40857e2a95bbc5f1",
                                        ".zgroup:md5,e20297935e73dd0154104d4ea53040ab"
                                    ],
                                    [
                                        ".zattrs:md5,b43be1f3872b2464b9d856174e901499",
                                        ".zgroup:md5,e20297935e73dd0154104d4ea53040ab",
                                        [
                                            ".zarray:md5,fbbc03da5c0c77aa9e9d81452383d026",
                                            ".zattrs:md5,c6759c37f5968bbe26a24623923e9002",
                                            "0:md5,cbd65996278715a462888986eb0a134d"
                                        ],
                                        [
                                            ".zarray:md5,afa2902f3dfa2527205b18d938b2489a",
                                            ".zattrs:md5,a5993752ffd33ab722d89eb624a05434",
                                            "0:md5,8b81ff902ba87fca32006e0a4647414e"
                                        ],
                                        [
                                            ".zarray:md5,afa2902f3dfa2527205b18d938b2489a",
                                            ".zattrs:md5,a5993752ffd33ab722d89eb624a05434",
                                            "0:md5,7fb3ad7cbb6ff265533973262f0a5a97"
                                        ],
                                        [
                                            ".zarray:md5,afa2902f3dfa2527205b18d938b2489a",
                                            ".zattrs:md5,a5993752ffd33ab722d89eb624a05434",
                                            "0:md5,b5c66725bdb65657ea0440c5748a4e5a"
                                        ],
                                        [
                                            ".zattrs:md5,ee9e2561ffa06a8a5b93ea6c0eff7377",
                                            ".zgroup:md5,e20297935e73dd0154104d4ea53040ab",
                                            [
                                                ".zarray:md5,8b7c1d3908cae5d4c2eddfc0369a608d",
                                                ".zattrs:md5,c6759c37f5968bbe26a24623923e9002",
                                                "0:md5,ef18b67aac8dbe4c61f1afd6d6665ee9"
                                            ],
                                            [
                                                ".zarray:md5,ce80ce45f5815a536b8f585a5bd17bd8",
                                                ".zattrs:md5,a5993752ffd33ab722d89eb624a05434",
                                                "0:md5,206cc7a8db72fd9fb3afaf2aa99f0219"
                                            ]
                                        ],
                                        [
                                            ".zarray:md5,afa2902f3dfa2527205b18d938b2489a",
                                            ".zattrs:md5,a5993752ffd33ab722d89eb624a05434",
                                            "0:md5,a1820bd90377b75057e8e73cc180a3f0"
                                        ]
                                    ],
                                    [
                                        ".zattrs:md5,8d5893138e4f007b40857e2a95bbc5f1",
                                        ".zgroup:md5,e20297935e73dd0154104d4ea53040ab",
                                        [
                                            ".zarray:md5,0729263de6b35882e08b7b5250498655",
                                            ".zattrs:md5,a5993752ffd33ab722d89eb624a05434",
                                            [
                                                "0:md5,a734121c53fd6ac11a5958895f479add"
                                            ]
                                        ]
                                    ],
                                    [
                                        ".zattrs:md5,8d5893138e4f007b40857e2a95bbc5f1",
                                        ".zgroup:md5,e20297935e73dd0154104d4ea53040ab"
                                    ],
                                    [
                                        ".zarray:md5,1c1b17927b9dcdd66d121d908bda13c4",
                                        ".zattrs:md5,1b48ba7b192f48fd50478b6e4babbdd9",
                                        "0:md5,7dea362b3fac8e00956a4952a3d4f474"
                                    ],
                                    [
                                        ".zattrs:md5,8d5893138e4f007b40857e2a95bbc5f1",
                                        ".zgroup:md5,e20297935e73dd0154104d4ea53040ab",
                                        [
                                            ".zattrs:md5,8d5893138e4f007b40857e2a95bbc5f1",
                                            ".zgroup:md5,e20297935e73dd0154104d4ea53040ab",
                                            [
                                                ".zattrs:md5,8d5893138e4f007b40857e2a95bbc5f1",
                                                ".zgroup:md5,e20297935e73dd0154104d4ea53040ab",
                                                [
                                                    ".zattrs:md5,8d5893138e4f007b40857e2a95bbc5f1",
                                                    ".zgroup:md5,e20297935e73dd0154104d4ea53040ab",
                                                    [
                                                        ".zarray:md5,bc3efad369db7d95788f9c2df87e9d1b",
                                                        ".zattrs:md5,1a7eb7e8b68cabba6dac4016c39515b8",
                                                        "0:md5,1fd604c12b7596366b1060219c043be2"
                                                    ],
                                                    [
                                                        ".zarray:md5,4ee0db9305c15160aebaf22522f71168",
                                                        ".zattrs:md5,1a7eb7e8b68cabba6dac4016c39515b8",
                                                        "0:md5,3d4cb410d410fd949f381a6cae3b1ab4"
                                                    ]
                                                ]
                                            ]
                                        ],
                                        [
                                            ".zattrs:md5,8d5893138e4f007b40857e2a95bbc5f1",
                                            ".zgroup:md5,e20297935e73dd0154104d4ea53040ab",
                                            [
                                                ".zarray:md5,d36903528917a9947829b4c7d5b0b7a6",
                                                ".zattrs:md5,1a7eb7e8b68cabba6dac4016c39515b8",
                                                "0:md5,596c1c2c57f65a63f6c06829479b5a23"
                                            ],
                                            [
                                                ".zarray:md5,1f53762f48b35fa1462c46831a5fccac",
                                                ".zattrs:md5,1a7eb7e8b68cabba6dac4016c39515b8",
                                                "0:md5,53f61b9cf8745609c7b7fc3091bf4739"
                                            ],
                                            [
                                                ".zarray:md5,8fc125cd69697992f7c1a452d6a2100c",
                                                ".zattrs:md5,1a7eb7e8b68cabba6dac4016c39515b8",
                                                "0:md5,db5579ad8d3db867ffbb022212fd396f"
                                            ]
                                        ]
                                    ],
                                    [
                                        ".zattrs:md5,8daba7c9752027b0d0dce0e8fea2a3df",
                                        ".zgroup:md5,e20297935e73dd0154104d4ea53040ab",
                                        [
                                            ".zarray:md5,1cffe458291d50878206cdba22039194",
                                            ".zattrs:md5,c6759c37f5968bbe26a24623923e9002",
                                            "0:md5,b3276133b20574f55f449555b035a8cb"
                                        ],
                                        [
                                            ".zarray:md5,1cffe458291d50878206cdba22039194",
                                            ".zattrs:md5,c6759c37f5968bbe26a24623923e9002",
                                            "0:md5,a4c67c78a6fa3d1e0a137cc91633d36f"
                                        ],
                                        [
                                            ".zarray:md5,1cffe458291d50878206cdba22039194",
                                            ".zattrs:md5,c6759c37f5968bbe26a24623923e9002",
                                            "0:md5,dcc5eaf8af19894524a8846f6e004261"
                                        ],
                                        [
                                            ".zarray:md5,1cffe458291d50878206cdba22039194",
                                            ".zattrs:md5,c6759c37f5968bbe26a24623923e9002",
                                            "0:md5,f9d28f041b52571f9b58033435d41f9e"
                                        ]
                                    ],
                                    [
                                        ".zattrs:md5,8d5893138e4f007b40857e2a95bbc5f1",
                                        ".zgroup:md5,e20297935e73dd0154104d4ea53040ab"
                                    ],
                                    [
                                        ".zattrs:md5,8d5893138e4f007b40857e2a95bbc5f1",
                                        ".zgroup:md5,e20297935e73dd0154104d4ea53040ab"
                                    ]
                                ]
                            ],
                            "zmetadata:md5,34150e0385cd1646bb168c1af9d5d6d5"
                        ]
                    ]
                ],
                "versions": [
                    "versions.yml:md5,f06afd6f97a6444b6f887d36e397792b"
                ]
            }
        ],
        "timestamp": "2026-03-26T09:21:23.083228",
        "meta": {
            "nf-test": "0.9.5",
            "nextflow": "25.10.4"
        }
    },
    "homo_sapiens - h5ad - stub": {
        "content": [
            {
                "0": [
                    [
                        {
                            "id": "test"
                        },
                        "test.h5ad:md5,d41d8cd98f00b204e9800998ecf8427e"
                    ]
                ],
                "1": [
                    [
                        {
                            "id": "test"
                        },
                        [
                            ".zgroup:md5,d41d8cd98f00b204e9800998ecf8427e"
                        ]
                    ]
                ],
                "2": [
                    "versions.yml:md5,d41d8cd98f00b204e9800998ecf8427e"
                ],
                "adata": [
                    [
                        {
                            "id": "test"
                        },
                        "test.h5ad:md5,d41d8cd98f00b204e9800998ecf8427e"
                    ]
                ],
                "sdata": [
                    [
                        {
                            "id": "test"
                        },
                        [
                            ".zgroup:md5,d41d8cd98f00b204e9800998ecf8427e"
                        ]
                    ]
                ],
                "versions": [
                    "versions.yml:md5,d41d8cd98f00b204e9800998ecf8427e"
                ]
            }
        ],
        "timestamp": "2026-03-26T09:21:50.104016",
        "meta": {
            "nf-test": "0.9.5",
            "nextflow": "25.10.4"
        }
    }
}