{
    "leiden - picked obs and uns": {
        "content": [
            [
                "versions.yml:md5,849bbf640638ea746ca197fb83c193a8"
            ],
            {
                "n_obs": 12940,
                "n_vars": 9887,
                "obs": {
                    "index": "_index",
                    "columns": [
                        "clusters",
                        "sample"
                    ]
                },
                "var": {
                    "index": "_index",
                    "columns": [
                        "symbols"
                    ]
                },
                "layers": [
                    "counts"
                ],
                "obsm": [
                    "X_pca"
                ],
                "varm": [
                    "PCs"
                ],
                "obsp": [
                    "connectivities",
                    "distances"
                ],
                "varp": [
                    
                ],
                "uns": [
                    "clusters",
                    "neighbors",
                    "pca"
                ]
            }
        ],
        "timestamp": "2026-09-29T11:20:51.757813",
        "meta": {
            "nf-test": "0.9.5",
            "nextflow": "26.04.6"
        }
    },
    "stub": {
        "content": [
            {
                "0": [
                    [
                        {
                            "id": "SRR28679756"
                        },
                        "SRR28679756.h5ad:md5,d41d8cd98f00b204e9800998ecf8427e"
                    ]
                ],
                "1": [
                    "versions.yml:md5,d41d8cd98f00b204e9800998ecf8427e"
                ],
                "adata": [
                    [
                        {
                            "id": "SRR28679756"
                        },
                        "SRR28679756.h5ad:md5,d41d8cd98f00b204e9800998ecf8427e"
                    ]
                ],
                "versions": [
                    "versions.yml:md5,d41d8cd98f00b204e9800998ecf8427e"
                ]
            }
        ],
        "timestamp": "2026-09-29T11:23:28.524847",
        "meta": {
            "nf-test": "0.9.5",
            "nextflow": "26.04.6"
        }
    },
    "allow_missing - index mismatch reindexed": {
        "content": [
            [
                "versions.yml:md5,849bbf640638ea746ca197fb83c193a8"
            ],
            {
                "n_obs": 1,
                "n_vars": 9887,
                "obs": {
                    "index": "_index",
                    "columns": [
                        "clusters",
                        "n_counts",
                        "n_genes",
                        "sample"
                    ]
                },
                "var": {
                    "index": "_index",
                    "columns": [
                        "n_cells",
                        "symbols"
                    ]
                },
                "layers": [
                    "counts"
                ],
                "obsm": [
                    "X_pca"
                ],
                "varm": [
                    "PCs"
                ],
                "obsp": [
                    "connectivities",
                    "distances"
                ],
                "varp": [
                    
                ],
                "uns": [
                    "clusters",
                    "filtering_stats",
                    "neighbors",
                    "pca"
                ]
            }
        ],
        "timestamp": "2026-09-29T11:23:23.172316",
        "meta": {
            "nf-test": "0.9.5",
            "nextflow": "26.04.6"
        }
    },
    "leiden - pickled obs and uns": {
        "content": [
            [
                "versions.yml:md5,849bbf640638ea746ca197fb83c193a8"
            ],
            {
                "n_obs": 12940,
                "n_vars": 9887,
                "obs": {
                    "index": "_index",
                    "columns": [
                        "clusters",
                        "sample"
                    ]
                },
                "var": {
                    "index": "_index",
                    "columns": [
                        "symbols"
                    ]
                },
                "layers": [
                    "counts"
                ],
                "obsm": [
                    "X_pca"
                ],
                "varm": [
                    "PCs"
                ],
                "obsp": [
                    "connectivities",
                    "distances"
                ],
                "varp": [
                    
                ],
                "uns": [
                    "clusters",
                    "neighbors",
                    "pca"
                ]
            }
        ],
        "timestamp": "2026-09-29T15:50:57.934457",
        "meta": {
            "nf-test": "0.9.5",
            "nextflow": "26.04.6"
        }
    },
    "overwrite - key collision allowed": {
        "content": [
            [
                "versions.yml:md5,849bbf640638ea746ca197fb83c193a8"
            ],
            {
                "n_obs": 12940,
                "n_vars": 9887,
                "obs": {
                    "index": "_index",
                    "columns": [
                        "clusters",
                        "sample"
                    ]
                },
                "var": {
                    "index": "_index",
                    "columns": [
                        "symbols"
                    ]
                },
                "layers": [
                    "counts"
                ],
                "obsm": [
                    "X_pca"
                ],
                "varm": [
                    "PCs"
                ],
                "obsp": [
                    "connectivities",
                    "distances"
                ],
                "varp": [
                    
                ],
                "uns": [
                    "clusters",
                    "neighbors",
                    "pca"
                ]
            }
        ],
        "timestamp": "2026-09-29T11:22:07.426807",
        "meta": {
            "nf-test": "0.9.5",
            "nextflow": "26.04.6"
        }
    }
}