{
    "homo_sapiens - h5ad - wilcoxon": {
        "content": [
            [
                "versions.yml:md5,5cd8bc30e81999f69e36ed1b0d89b970"
            ],
            {
                "n_obs": 12940,
                "n_vars": 9887,
                "obs": {
                    "index": "_index",
                    "columns": [
                        "clusters",
                        "sample"
                    ]
                },
                "var": {
                    "index": "_index",
                    "columns": [
                        "symbols"
                    ]
                },
                "layers": [
                    "counts"
                ],
                "obsm": [
                    "X_pca"
                ],
                "varm": [
                    "PCs"
                ],
                "obsp": [
                    "connectivities",
                    "distances"
                ],
                "varp": [
                    
                ],
                "uns": [
                    "clusters",
                    "neighbors",
                    "pca",
                    "rank_genes_groups"
                ]
            },
            [
                "rank_genes_groups.pkl"
            ]
        ],
        "timestamp": "2026-10-01T15:24:25.835022",
        "meta": {
            "nf-test": "0.9.5",
            "nextflow": "26.04.6"
        }
    },
    "homo_sapiens - h5ad - logreg": {
        "content": [
            [
                "versions.yml:md5,5cd8bc30e81999f69e36ed1b0d89b970"
            ],
            {
                "n_obs": 12940,
                "n_vars": 9887,
                "obs": {
                    "index": "_index",
                    "columns": [
                        "clusters",
                        "sample"
                    ]
                },
                "var": {
                    "index": "_index",
                    "columns": [
                        "symbols"
                    ]
                },
                "layers": [
                    "counts"
                ],
                "obsm": [
                    "X_pca"
                ],
                "varm": [
                    "PCs"
                ],
                "obsp": [
                    "connectivities",
                    "distances"
                ],
                "varp": [
                    
                ],
                "uns": [
                    "clusters",
                    "neighbors",
                    "pca",
                    "rank_genes_groups"
                ]
            },
            [
                "rank_genes_groups.pkl"
            ]
        ],
        "timestamp": "2026-10-01T15:27:37.270096",
        "meta": {
            "nf-test": "0.9.5",
            "nextflow": "26.04.6"
        }
    },
    "homo_sapiens - h5ad - wilcoxon - no h5ad output": {
        "content": [
            [
                "versions.yml:md5,5cd8bc30e81999f69e36ed1b0d89b970"
            ],
            [
                "rank_genes_groups.pkl"
            ]
        ],
        "timestamp": "2026-10-01T15:25:16.709227",
        "meta": {
            "nf-test": "0.9.5",
            "nextflow": "26.04.6"
        }
    },
    "homo_sapiens - h5ad - stub": {
        "content": [
            {
                "0": [
                    [
                        {
                            "id": "CytAssist_11mm_FFPE_Human_Glioblastoma_2"
                        },
                        "CytAssist_11mm_FFPE_Human_Glioblastoma_2.h5ad:md5,d41d8cd98f00b204e9800998ecf8427e"
                    ]
                ],
                "1": [
                    [
                        {
                            "id": "CytAssist_11mm_FFPE_Human_Glioblastoma_2"
                        },
                        "rank_genes_groups.pkl:md5,d41d8cd98f00b204e9800998ecf8427e"
                    ]
                ],
                "2": [
                    "versions.yml:md5,d41d8cd98f00b204e9800998ecf8427e"
                ],
                "adata": [
                    [
                        {
                            "id": "CytAssist_11mm_FFPE_Human_Glioblastoma_2"
                        },
                        "CytAssist_11mm_FFPE_Human_Glioblastoma_2.h5ad:md5,d41d8cd98f00b204e9800998ecf8427e"
                    ]
                ],
                "uns": [
                    [
                        {
                            "id": "CytAssist_11mm_FFPE_Human_Glioblastoma_2"
                        },
                        "rank_genes_groups.pkl:md5,d41d8cd98f00b204e9800998ecf8427e"
                    ]
                ],
                "versions": [
                    "versions.yml:md5,d41d8cd98f00b204e9800998ecf8427e"
                ]
            }
        ],
        "timestamp": "2026-10-01T15:27:57.038888",
        "meta": {
            "nf-test": "0.9.5",
            "nextflow": "26.04.6"
        }
    },
    "homo_sapiens - h5ad - t-test_overstim_var": {
        "content": [
            [
                "versions.yml:md5,5cd8bc30e81999f69e36ed1b0d89b970"
            ],
            {
                "n_obs": 12940,
                "n_vars": 9887,
                "obs": {
                    "index": "_index",
                    "columns": [
                        "clusters",
                        "sample"
                    ]
                },
                "var": {
                    "index": "_index",
                    "columns": [
                        "symbols"
                    ]
                },
                "layers": [
                    "counts"
                ],
                "obsm": [
                    "X_pca"
                ],
                "varm": [
                    "PCs"
                ],
                "obsp": [
                    "connectivities",
                    "distances"
                ],
                "varp": [
                    
                ],
                "uns": [
                    "clusters",
                    "neighbors",
                    "pca",
                    "rank_genes_groups"
                ]
            },
            [
                "rank_genes_groups.pkl"
            ]
        ],
        "timestamp": "2026-10-01T15:26:50.539956",
        "meta": {
            "nf-test": "0.9.5",
            "nextflow": "26.04.6"
        }
    },
    "homo_sapiens - h5ad - t-test": {
        "content": [
            [
                "versions.yml:md5,5cd8bc30e81999f69e36ed1b0d89b970"
            ],
            {
                "n_obs": 12940,
                "n_vars": 9887,
                "obs": {
                    "index": "_index",
                    "columns": [
                        "clusters",
                        "sample"
                    ]
                },
                "var": {
                    "index": "_index",
                    "columns": [
                        "symbols"
                    ]
                },
                "layers": [
                    "counts"
                ],
                "obsm": [
                    "X_pca"
                ],
                "varm": [
                    "PCs"
                ],
                "obsp": [
                    "connectivities",
                    "distances"
                ],
                "varp": [
                    
                ],
                "uns": [
                    "clusters",
                    "neighbors",
                    "pca",
                    "rank_genes_groups"
                ]
            },
            [
                "rank_genes_groups.pkl"
            ]
        ],
        "timestamp": "2026-10-01T15:26:03.572618",
        "meta": {
            "nf-test": "0.9.5",
            "nextflow": "26.04.6"
        }
    }
}