{
    "homo_sapiens - h5ad - wilcoxon": {
        "content": [
            [
                "versions.yml:md5,5cd8bc30e81999f69e36ed1b0d89b970"
            ],
            {
                "n_obs": 12940,
                "n_vars": 9887,
                "obs": {
                    "index": "_index",
                    "columns": [
                        "clusters",
                        "sample"
                    ]
                },
                "var": {
                    "index": "_index",
                    "columns": [
                        "symbols"
                    ]
                },
                "layers": [
                    "counts"
                ],
                "obsm": [
                    "X_pca"
                ],
                "varm": [
                    "PCs"
                ],
                "obsp": [
                    "connectivities",
                    "distances"
                ],
                "varp": [
                    
                ],
                "uns": [
                    "clusters",
                    "leiden",
                    "neighbors",
                    "pca",
                    "rank_genes_groups"
                ]
            }
        ],
        "timestamp": "2026-04-01T18:43:43.425106",
        "meta": {
            "nf-test": "0.9.5",
            "nextflow": "25.10.4"
        }
    },
    "homo_sapiens - h5ad - logreg": {
        "content": [
            [
                "versions.yml:md5,5cd8bc30e81999f69e36ed1b0d89b970"
            ],
            {
                "n_obs": 12940,
                "n_vars": 9887,
                "obs": {
                    "index": "_index",
                    "columns": [
                        "clusters",
                        "sample"
                    ]
                },
                "var": {
                    "index": "_index",
                    "columns": [
                        "symbols"
                    ]
                },
                "layers": [
                    "counts"
                ],
                "obsm": [
                    "X_pca"
                ],
                "varm": [
                    "PCs"
                ],
                "obsp": [
                    "connectivities",
                    "distances"
                ],
                "varp": [
                    
                ],
                "uns": [
                    "clusters",
                    "leiden",
                    "neighbors",
                    "pca",
                    "rank_genes_groups"
                ]
            }
        ],
        "timestamp": "2026-04-01T19:05:22.628685",
        "meta": {
            "nf-test": "0.9.5",
            "nextflow": "25.10.4"
        }
    },
    "homo_sapiens - h5ad - stub": {
        "content": [
            {
                "0": [
                    [
                        {
                            "id": "CytAssist_11mm_FFPE_Human_Glioblastoma_2"
                        },
                        "CytAssist_11mm_FFPE_Human_Glioblastoma_2.h5ad:md5,d41d8cd98f00b204e9800998ecf8427e"
                    ]
                ],
                "1": [
                    "versions.yml:md5,d41d8cd98f00b204e9800998ecf8427e"
                ],
                "adata": [
                    [
                        {
                            "id": "CytAssist_11mm_FFPE_Human_Glioblastoma_2"
                        },
                        "CytAssist_11mm_FFPE_Human_Glioblastoma_2.h5ad:md5,d41d8cd98f00b204e9800998ecf8427e"
                    ]
                ],
                "versions": [
                    "versions.yml:md5,d41d8cd98f00b204e9800998ecf8427e"
                ]
            }
        ],
        "timestamp": "2026-04-01T21:05:02.8784",
        "meta": {
            "nf-test": "0.9.5",
            "nextflow": "25.10.4"
        }
    },
    "homo_sapiens - h5ad - t-test_overstim_var": {
        "content": [
            [
                "versions.yml:md5,5cd8bc30e81999f69e36ed1b0d89b970"
            ],
            {
                "n_obs": 12940,
                "n_vars": 9887,
                "obs": {
                    "index": "_index",
                    "columns": [
                        "clusters",
                        "sample"
                    ]
                },
                "var": {
                    "index": "_index",
                    "columns": [
                        "symbols"
                    ]
                },
                "layers": [
                    "counts"
                ],
                "obsm": [
                    "X_pca"
                ],
                "varm": [
                    "PCs"
                ],
                "obsp": [
                    "connectivities",
                    "distances"
                ],
                "varp": [
                    
                ],
                "uns": [
                    "clusters",
                    "leiden",
                    "neighbors",
                    "pca",
                    "rank_genes_groups"
                ]
            }
        ],
        "timestamp": "2026-04-01T18:50:35.543846",
        "meta": {
            "nf-test": "0.9.5",
            "nextflow": "25.10.4"
        }
    },
    "homo_sapiens - h5ad - t-test": {
        "content": [
            [
                "versions.yml:md5,5cd8bc30e81999f69e36ed1b0d89b970"
            ],
            {
                "n_obs": 12940,
                "n_vars": 9887,
                "obs": {
                    "index": "_index",
                    "columns": [
                        "clusters",
                        "sample"
                    ]
                },
                "var": {
                    "index": "_index",
                    "columns": [
                        "symbols"
                    ]
                },
                "layers": [
                    "counts"
                ],
                "obsm": [
                    "X_pca"
                ],
                "varm": [
                    "PCs"
                ],
                "obsp": [
                    "connectivities",
                    "distances"
                ],
                "varp": [
                    
                ],
                "uns": [
                    "clusters",
                    "leiden",
                    "neighbors",
                    "pca",
                    "rank_genes_groups"
                ]
            }
        ],
        "timestamp": "2026-04-01T18:44:25.651553",
        "meta": {
            "nf-test": "0.9.5",
            "nextflow": "25.10.4"
        }
    }
}