{
    "homo_sapiens - h5ad - inner": {
        "content": [
            [
                "versions.yml:md5,000ad1cdc4326c1b33c0fbd3557056f5"
            ],
            {
                "n_obs": 20313,
                "n_vars": 9887,
                "obs": {
                    "index": "_index",
                    "columns": [
                        "library_id",
                        "sample"
                    ]
                },
                "var": {
                    "index": "_index",
                    "columns": [
                        
                    ]
                },
                "layers": [
                    
                ],
                "obsm": [
                    
                ],
                "varm": [
                    
                ],
                "obsp": [
                    
                ],
                "varp": [
                    
                ],
                "uns": [
                    
                ]
            }
        ],
        "timestamp": "2026-10-01T20:52:45.710987",
        "meta": {
            "nf-test": "0.9.5",
            "nextflow": "26.04.6"
        }
    },
    "homo_sapiens - h5ad - per-sample var columns": {
        "content": [
            [
                "versions.yml:md5,000ad1cdc4326c1b33c0fbd3557056f5"
            ],
            {
                "n_obs": 20313,
                "n_vars": 9887,
                "obs": {
                    "index": "_index",
                    "columns": [
                        "library_id",
                        "n_genes_by_counts",
                        "pct_counts_hb",
                        "pct_counts_in_top_100_genes",
                        "pct_counts_in_top_200_genes",
                        "pct_counts_in_top_500_genes",
                        "pct_counts_in_top_50_genes",
                        "pct_counts_mt",
                        "pct_counts_ribo",
                        "sample",
                        "total_counts",
                        "total_counts_hb",
                        "total_counts_mt",
                        "total_counts_ribo"
                    ]
                },
                "var": {
                    "index": "_index",
                    "columns": [
                        "hb",
                        "mt",
                        "ribo"
                    ]
                },
                "layers": [
                    
                ],
                "obsm": [
                    
                ],
                "varm": [
                    
                ],
                "obsp": [
                    
                ],
                "varp": [
                    
                ],
                "uns": [
                    
                ]
            }
        ],
        "timestamp": "2026-10-05T12:43:34.384823",
        "meta": {
            "nf-test": "0.9.5",
            "nextflow": "26.04.6"
        }
    },
    "homo_sapiens - h5ad - stub": {
        "content": [
            {
                "0": [
                    "merged.h5ad:md5,d41d8cd98f00b204e9800998ecf8427e"
                ],
                "1": [
                    "versions.yml:md5,d41d8cd98f00b204e9800998ecf8427e"
                ],
                "adata": [
                    "merged.h5ad:md5,d41d8cd98f00b204e9800998ecf8427e"
                ],
                "versions": [
                    "versions.yml:md5,d41d8cd98f00b204e9800998ecf8427e"
                ]
            }
        ],
        "timestamp": "2026-04-01T18:56:30.816943",
        "meta": {
            "nf-test": "0.9.5",
            "nextflow": "25.10.4"
        }
    },
    "homo_sapiens - zarr - preserve spatial data": {
        "content": [
            [
                "versions.yml:md5,000ad1cdc4326c1b33c0fbd3557056f5"
            ],
            {
                "n_obs": 22794,
                "n_vars": 19023,
                "obs": {
                    "index": "_index",
                    "columns": [
                        "array_col",
                        "array_row",
                        "in_tissue",
                        "library_id",
                        "region",
                        "spot_id"
                    ]
                },
                "var": {
                    "index": "_index",
                    "columns": [
                        "feature_types",
                        "gene_ids",
                        "genome"
                    ]
                },
                "layers": [
                    
                ],
                "obsm": [
                    "spatial"
                ],
                "varm": [
                    
                ],
                "obsp": [
                    
                ],
                "varp": [
                    
                ],
                "uns": [
                    "spatial"
                ]
            }
        ],
        "timestamp": "2026-10-05T12:43:57.018024",
        "meta": {
            "nf-test": "0.9.5",
            "nextflow": "26.04.6"
        }
    },
    "homo_sapiens - h5ad - outer": {
        "content": [
            [
                "versions.yml:md5,000ad1cdc4326c1b33c0fbd3557056f5"
            ],
            {
                "n_obs": 20313,
                "n_vars": 9887,
                "obs": {
                    "index": "_index",
                    "columns": [
                        "library_id",
                        "sample"
                    ]
                },
                "var": {
                    "index": "_index",
                    "columns": [
                        
                    ]
                },
                "layers": [
                    "counts"
                ],
                "obsm": [
                    
                ],
                "varm": [
                    
                ],
                "obsp": [
                    
                ],
                "varp": [
                    
                ],
                "uns": [
                    
                ]
            }
        ],
        "timestamp": "2026-10-01T20:52:54.856983",
        "meta": {
            "nf-test": "0.9.5",
            "nextflow": "26.04.6"
        }
    }
}