{
    "homo_sapiens - h5ad": {
        "content": [
            {
                "0": [
                    [
                        {
                            "id": "test"
                        },
                        "test.h5ad:md5,39c6e097417ae9b535093f327e98d9aa"
                    ]
                ],
                "1": [
                    "versions.yml:md5,f534d0e930e0356dc8d91ac5935ce2a4"
                ],
                "adata": [
                    [
                        {
                            "id": "test"
                        },
                        "test.h5ad:md5,39c6e097417ae9b535093f327e98d9aa"
                    ]
                ],
                "versions": [
                    "versions.yml:md5,f534d0e930e0356dc8d91ac5935ce2a4"
                ]
            }
        ],
        "timestamp": "2026-03-25T13:39:44.503731",
        "meta": {
            "nf-test": "0.9.5",
            "nextflow": "25.10.4"
        }
    },
    "homo_sapiens - h5ad - stub": {
        "content": [
            {
                "0": [
                    [
                        {
                            "id": "test"
                        },
                        "test.h5ad:md5,d41d8cd98f00b204e9800998ecf8427e"
                    ]
                ],
                "1": [
                    "versions.yml:md5,d41d8cd98f00b204e9800998ecf8427e"
                ],
                "adata": [
                    [
                        {
                            "id": "test"
                        },
                        "test.h5ad:md5,d41d8cd98f00b204e9800998ecf8427e"
                    ]
                ],
                "versions": [
                    "versions.yml:md5,d41d8cd98f00b204e9800998ecf8427e"
                ]
            }
        ],
        "timestamp": "2026-03-25T13:39:52.661142",
        "meta": {
            "nf-test": "0.9.5",
            "nextflow": "25.10.4"
        }
    }
}